Archive member included to satisfy reference by file (symbol)

/Applications/STM32CubeIDE.app/Contents/Eclipse/plugins/com.st.stm32cube.ide.mcu.externaltools.gnu-tools-for-stm32.14.3.rel1.macosaarch64_1.0.0.202602081740/tools/bin/../lib/gcc/arm-none-eabi/14.3.1/../../../../arm-none-eabi/lib/thumb/v7e-m+fp/hard/libc_nano.a(libc_a-exit.o)
                              /Applications/STM32CubeIDE.app/Contents/Eclipse/plugins/com.st.stm32cube.ide.mcu.externaltools.gnu-tools-for-stm32.14.3.rel1.macosaarch64_1.0.0.202602081740/tools/bin/../lib/gcc/arm-none-eabi/14.3.1/../../../../arm-none-eabi/lib/thumb/v7e-m+fp/hard/crt0.o (exit)
/Applications/STM32CubeIDE.app/Contents/Eclipse/plugins/com.st.stm32cube.ide.mcu.externaltools.gnu-tools-for-stm32.14.3.rel1.macosaarch64_1.0.0.202602081740/tools/bin/../lib/gcc/arm-none-eabi/14.3.1/../../../../arm-none-eabi/lib/thumb/v7e-m+fp/hard/libc_nano.a(libc_a-findfp.o)
                              /Applications/STM32CubeIDE.app/Contents/Eclipse/plugins/com.st.stm32cube.ide.mcu.externaltools.gnu-tools-for-stm32.14.3.rel1.macosaarch64_1.0.0.202602081740/tools/bin/../lib/gcc/arm-none-eabi/14.3.1/../../../../arm-none-eabi/lib/thumb/v7e-m+fp/hard/libc_nano.a(libc_a-exit.o) (__stdio_exit_handler)
/Applications/STM32CubeIDE.app/Contents/Eclipse/plugins/com.st.stm32cube.ide.mcu.externaltools.gnu-tools-for-stm32.14.3.rel1.macosaarch64_1.0.0.202602081740/tools/bin/../lib/gcc/arm-none-eabi/14.3.1/../../../../arm-none-eabi/lib/thumb/v7e-m+fp/hard/libc_nano.a(libc_a-fwalk.o)
                              /Applications/STM32CubeIDE.app/Contents/Eclipse/plugins/com.st.stm32cube.ide.mcu.externaltools.gnu-tools-for-stm32.14.3.rel1.macosaarch64_1.0.0.202602081740/tools/bin/../lib/gcc/arm-none-eabi/14.3.1/../../../../arm-none-eabi/lib/thumb/v7e-m+fp/hard/libc_nano.a(libc_a-findfp.o) (_fwalk_sglue)
/Applications/STM32CubeIDE.app/Contents/Eclipse/plugins/com.st.stm32cube.ide.mcu.externaltools.gnu-tools-for-stm32.14.3.rel1.macosaarch64_1.0.0.202602081740/tools/bin/../lib/gcc/arm-none-eabi/14.3.1/../../../../arm-none-eabi/lib/thumb/v7e-m+fp/hard/libc_nano.a(libc_a-puts.o)
                              ./Core/Src/main.o (puts)
/Applications/STM32CubeIDE.app/Contents/Eclipse/plugins/com.st.stm32cube.ide.mcu.externaltools.gnu-tools-for-stm32.14.3.rel1.macosaarch64_1.0.0.202602081740/tools/bin/../lib/gcc/arm-none-eabi/14.3.1/../../../../arm-none-eabi/lib/thumb/v7e-m+fp/hard/libc_nano.a(libc_a-memset.o)
                              /Applications/STM32CubeIDE.app/Contents/Eclipse/plugins/com.st.stm32cube.ide.mcu.externaltools.gnu-tools-for-stm32.14.3.rel1.macosaarch64_1.0.0.202602081740/tools/bin/../lib/gcc/arm-none-eabi/14.3.1/../../../../arm-none-eabi/lib/thumb/v7e-m+fp/hard/crt0.o (memset)
/Applications/STM32CubeIDE.app/Contents/Eclipse/plugins/com.st.stm32cube.ide.mcu.externaltools.gnu-tools-for-stm32.14.3.rel1.macosaarch64_1.0.0.202602081740/tools/bin/../lib/gcc/arm-none-eabi/14.3.1/../../../../arm-none-eabi/lib/thumb/v7e-m+fp/hard/libc_nano.a(libc_a-errno.o)
                              ./Core/Src/syscalls.o (__errno)
/Applications/STM32CubeIDE.app/Contents/Eclipse/plugins/com.st.stm32cube.ide.mcu.externaltools.gnu-tools-for-stm32.14.3.rel1.macosaarch64_1.0.0.202602081740/tools/bin/../lib/gcc/arm-none-eabi/14.3.1/../../../../arm-none-eabi/lib/thumb/v7e-m+fp/hard/libc_nano.a(libc_a-init.o)
                              /Applications/STM32CubeIDE.app/Contents/Eclipse/plugins/com.st.stm32cube.ide.mcu.externaltools.gnu-tools-for-stm32.14.3.rel1.macosaarch64_1.0.0.202602081740/tools/bin/../lib/gcc/arm-none-eabi/14.3.1/../../../../arm-none-eabi/lib/thumb/v7e-m+fp/hard/crt0.o (__libc_init_array)
/Applications/STM32CubeIDE.app/Contents/Eclipse/plugins/com.st.stm32cube.ide.mcu.externaltools.gnu-tools-for-stm32.14.3.rel1.macosaarch64_1.0.0.202602081740/tools/bin/../lib/gcc/arm-none-eabi/14.3.1/../../../../arm-none-eabi/lib/thumb/v7e-m+fp/hard/libc_nano.a(libc_a-lock.o)
                              /Applications/STM32CubeIDE.app/Contents/Eclipse/plugins/com.st.stm32cube.ide.mcu.externaltools.gnu-tools-for-stm32.14.3.rel1.macosaarch64_1.0.0.202602081740/tools/bin/../lib/gcc/arm-none-eabi/14.3.1/../../../../arm-none-eabi/lib/thumb/v7e-m+fp/hard/libc_nano.a(libc_a-findfp.o) (__retarget_lock_init_recursive)
/Applications/STM32CubeIDE.app/Contents/Eclipse/plugins/com.st.stm32cube.ide.mcu.externaltools.gnu-tools-for-stm32.14.3.rel1.macosaarch64_1.0.0.202602081740/tools/bin/../lib/gcc/arm-none-eabi/14.3.1/../../../../arm-none-eabi/lib/thumb/v7e-m+fp/hard/libc_nano.a(libc_a-impure.o)
                              /Applications/STM32CubeIDE.app/Contents/Eclipse/plugins/com.st.stm32cube.ide.mcu.externaltools.gnu-tools-for-stm32.14.3.rel1.macosaarch64_1.0.0.202602081740/tools/bin/../lib/gcc/arm-none-eabi/14.3.1/../../../../arm-none-eabi/lib/thumb/v7e-m+fp/hard/libc_nano.a(libc_a-puts.o) (_impure_ptr)
[...]
Memory Configuration

Name             Origin             Length             Attributes
RAM              0x20000000         0x0000c000         xrw
RAM2             0x10000000         0x00004000         xrw
FLASH            0x08000000         0x00040000         xr
*default*        0x00000000         0xffffffff

Linker script and memory map

LOAD /Applications/STM32CubeIDE.app/Contents/Eclipse/plugins/com.st.stm32cube.ide.mcu.externaltools.gnu-tools-for-stm32.14.3.rel1.macosaarch64_1.0.0.202602081740/tools/bin/../lib/gcc/arm-none-eabi/14.3.1/thumb/v7e-m+fp/hard/crti.o
LOAD /Applications/STM32CubeIDE.app/Contents/Eclipse/plugins/com.st.stm32cube.ide.mcu.externaltools.gnu-tools-for-stm32.14.3.rel1.macosaarch64_1.0.0.202602081740/tools/bin/../lib/gcc/arm-none-eabi/14.3.1/thumb/v7e-m+fp/hard/crtbegin.o
LOAD /Applications/STM32CubeIDE.app/Contents/Eclipse/plugins/com.st.stm32cube.ide.mcu.externaltools.gnu-tools-for-stm32.14.3.rel1.macosaarch64_1.0.0.202602081740/tools/bin/../lib/gcc/arm-none-eabi/14.3.1/../../../../arm-none-eabi/lib/thumb/v7e-m+fp/hard/crt0.o
LOAD ./Core/Src/U8g2_for_Adafruit_GFX.o
LOAD ./Core/Src/gc9a01a.o
LOAD ./Core/Src/main.o
LOAD ./Core/Src/stm32l4xx_hal_msp.o
LOAD ./Core/Src/stm32l4xx_it.o
LOAD ./Core/Src/syscalls.o
LOAD ./Core/Src/sysmem.o
LOAD ./Core/Src/system_stm32l4xx.o
LOAD ./Core/Src/u8g2_fonts.o
LOAD ./Core/Startup/startup_stm32l431rctx.o
LOAD ./Drivers/STM32L4xx_HAL_Driver/Src/stm32l4xx_hal.o
LOAD ./Drivers/STM32L4xx_HAL_Driver/Src/stm32l4xx_hal_cortex.o
LOAD ./Drivers/STM32L4xx_HAL_Driver/Src/stm32l4xx_hal_dac.o
LOAD ./Drivers/STM32L4xx_HAL_Driver/Src/stm32l4xx_hal_dac_ex.o
LOAD ./Drivers/STM32L4xx_HAL_Driver/Src/stm32l4xx_hal_dma.o
LOAD ./Drivers/STM32L4xx_HAL_Driver/Src/stm32l4xx_hal_dma_ex.o
LOAD ./Drivers/STM32L4xx_HAL_Driver/Src/stm32l4xx_hal_exti.o
LOAD ./Drivers/STM32L4xx_HAL_Driver/Src/stm32l4xx_hal_flash.o
LOAD ./Drivers/STM32L4xx_HAL_Driver/Src/stm32l4xx_hal_flash_ex.o
LOAD ./Drivers/STM32L4xx_HAL_Driver/Src/stm32l4xx_hal_flash_ramfunc.o
LOAD ./Drivers/STM32L4xx_HAL_Driver/Src/stm32l4xx_hal_gpio.o
LOAD ./Drivers/STM32L4xx_HAL_Driver/Src/stm32l4xx_hal_i2c.o
LOAD ./Drivers/STM32L4xx_HAL_Driver/Src/stm32l4xx_hal_i2c_ex.o
LOAD ./Drivers/STM32L4xx_HAL_Driver/Src/stm32l4xx_hal_mmc.o
LOAD ./Drivers/STM32L4xx_HAL_Driver/Src/stm32l4xx_hal_mmc_ex.o
LOAD ./Drivers/STM32L4xx_HAL_Driver/Src/stm32l4xx_hal_pwr.o
LOAD ./Drivers/STM32L4xx_HAL_Driver/Src/stm32l4xx_hal_pwr_ex.o
LOAD ./Drivers/STM32L4xx_HAL_Driver/Src/stm32l4xx_hal_rcc.o
LOAD ./Drivers/STM32L4xx_HAL_Driver/Src/stm32l4xx_hal_rcc_ex.o
LOAD ./Drivers/STM32L4xx_HAL_Driver/Src/stm32l4xx_hal_sd.o
LOAD ./Drivers/STM32L4xx_HAL_Driver/Src/stm32l4xx_hal_sd_ex.o
LOAD ./Drivers/STM32L4xx_HAL_Driver/Src/stm32l4xx_hal_spi.o
LOAD ./Drivers/STM32L4xx_HAL_Driver/Src/stm32l4xx_hal_spi_ex.o
LOAD ./Drivers/STM32L4xx_HAL_Driver/Src/stm32l4xx_hal_tim.o
LOAD ./Drivers/STM32L4xx_HAL_Driver/Src/stm32l4xx_hal_tim_ex.o
LOAD ./Drivers/STM32L4xx_HAL_Driver/Src/stm32l4xx_ll_sdmmc.o
LOAD ./FATFS/App/fatfs.o
LOAD ./FATFS/Target/bsp_driver_sd.o
LOAD ./FATFS/Target/sd_diskio.o
LOAD ./Middlewares/Third_Party/FatFs/src/diskio.o
LOAD ./Middlewares/Third_Party/FatFs/src/ff.o
LOAD ./Middlewares/Third_Party/FatFs/src/ff_gen_drv.o
LOAD ./Middlewares/Third_Party/FatFs/src/option/syscall.o
START GROUP
LOAD /Applications/STM32CubeIDE.app/Contents/Eclipse/plugins/com.st.stm32cube.ide.mcu.externaltools.gnu-tools-for-stm32.14.3.rel1.macosaarch64_1.0.0.202602081740/tools/bin/../lib/gcc/arm-none-eabi/14.3.1/../../../../arm-none-eabi/lib/thumb/v7e-m+fp/hard/libc_nano.a
LOAD /Applications/STM32CubeIDE.app/Contents/Eclipse/plugins/com.st.stm32cube.ide.mcu.externaltools.gnu-tools-for-stm32.14.3.rel1.macosaarch64_1.0.0.202602081740/tools/bin/../lib/gcc/arm-none-eabi/14.3.1/../../../../arm-none-eabi/lib/thumb/v7e-m+fp/hard/libm.a
END GROUP
START GROUP
LOAD /Applications/STM32CubeIDE.app/Contents/Eclipse/plugins/com.st.stm32cube.ide.mcu.externaltools.gnu-tools-for-stm32.14.3.rel1.macosaarch64_1.0.0.202602081740/tools/bin/../lib/gcc/arm-none-eabi/14.3.1/thumb/v7e-m+fp/hard/libgcc.a
LOAD /Applications/STM32CubeIDE.app/Contents/Eclipse/plugins/com.st.stm32cube.ide.mcu.externaltools.gnu-tools-for-stm32.14.3.rel1.macosaarch64_1.0.0.202602081740/tools/bin/../lib/gcc/arm-none-eabi/14.3.1/../../../../arm-none-eabi/lib/thumb/v7e-m+fp/hard/libc_nano.a
END GROUP
START GROUP
LOAD /Applications/STM32CubeIDE.app/Contents/Eclipse/plugins/com.st.stm32cube.ide.mcu.externaltools.gnu-tools-for-stm32.14.3.rel1.macosaarch64_1.0.0.202602081740/tools/bin/../lib/gcc/arm-none-eabi/14.3.1/thumb/v7e-m+fp/hard/libgcc.a
LOAD /Applications/STM32CubeIDE.app/Contents/Eclipse/plugins/com.st.stm32cube.ide.mcu.externaltools.gnu-tools-for-stm32.14.3.rel1.macosaarch64_1.0.0.202602081740/tools/bin/../lib/gcc/arm-none-eabi/14.3.1/../../../../arm-none-eabi/lib/thumb/v7e-m+fp/hard/libc_nano.a
LOAD /Applications/STM32CubeIDE.app/Contents/Eclipse/plugins/com.st.stm32cube.ide.mcu.externaltools.gnu-tools-for-stm32.14.3.rel1.macosaarch64_1.0.0.202602081740/tools/bin/../lib/gcc/arm-none-eabi/14.3.1/../../../../arm-none-eabi/lib/thumb/v7e-m+fp/hard/libnosys.a
END GROUP
START GROUP
LOAD /Applications/STM32CubeIDE.app/Contents/Eclipse/plugins/com.st.stm32cube.ide.mcu.externaltools.gnu-tools-for-stm32.14.3.rel1.macosaarch64_1.0.0.202602081740/tools/bin/../lib/gcc/arm-none-eabi/14.3.1/thumb/v7e-m+fp/hard/libgcc.a
LOAD /Applications/STM32CubeIDE.app/Contents/Eclipse/plugins/com.st.stm32cube.ide.mcu.externaltools.gnu-tools-for-stm32.14.3.rel1.macosaarch64_1.0.0.202602081740/tools/bin/../lib/gcc/arm-none-eabi/14.3.1/../../../../arm-none-eabi/lib/thumb/v7e-m+fp/hard/libc_nano.a
LOAD /Applications/STM32CubeIDE.app/Contents/Eclipse/plugins/com.st.stm32cube.ide.mcu.externaltools.gnu-tools-for-stm32.14.3.rel1.macosaarch64_1.0.0.202602081740/tools/bin/../lib/gcc/arm-none-eabi/14.3.1/../../../../arm-none-eabi/lib/thumb/v7e-m+fp/hard/libnosys.a
END GROUP
LOAD /Applications/STM32CubeIDE.app/Contents/Eclipse/plugins/com.st.stm32cube.ide.mcu.externaltools.gnu-tools-for-stm32.14.3.rel1.macosaarch64_1.0.0.202602081740/tools/bin/../lib/gcc/arm-none-eabi/14.3.1/thumb/v7e-m+fp/hard/crtend.o
LOAD /Applications/STM32CubeIDE.app/Contents/Eclipse/plugins/com.st.stm32cube.ide.mcu.externaltools.gnu-tools-for-stm32.14.3.rel1.macosaarch64_1.0.0.202602081740/tools/bin/../lib/gcc/arm-none-eabi/14.3.1/thumb/v7e-m+fp/hard/crtn.o
                0x2000c000                        _estack = (ORIGIN (RAM) + LENGTH (RAM))
                0x00000200                        _Min_Heap_Size = 0x200
                0x00000400                        _Min_Stack_Size = 0x400

.isr_vector     0x08000000      0x18c
                0x08000000                        . = ALIGN (0x4)
 *(.isr_vector)
 .isr_vector    0x08000000      0x18c ./Core/Startup/startup_stm32l431rctx.o
                0x08000000                g_pfnVectors
                0x0800018c                        . = ALIGN (0x4)

.text           0x0800018c     0x8360
                0x0800018c                        . = ALIGN (0x4)
 *(.text)
 .text          0x0800018c       0x40 /Applications/STM32CubeIDE.app/Contents/Eclipse/plugins/com.st.stm32cube.ide.mcu.externaltools.gnu-tools-for-stm32.14.3.rel1.macosaarch64_1.0.0.202602081740/tools/bin/../lib/gcc/arm-none-eabi/14.3.1/thumb/v7e-m+fp/hard/crtbegin.o
 *(.text*)
 .text.u8g2_font_get_byte
                0x080001cc       0x24 ./Core/Src/U8g2_for_Adafruit_GFX.o
 .text.u8g2_font_get_word
                0x080001f0       0x40 ./Core/Src/U8g2_for_Adafruit_GFX.o
 .text.u8g2_read_font_info
                0x08000230      0x152 ./Core/Src/U8g2_for_Adafruit_GFX.o
                0x08000230                u8g2_read_font_info
 .text.u8g2_font_decode_get_unsigned_bits
                0x08000382       0x96 ./Core/Src/U8g2_for_Adafruit_GFX.o
 .text.u8g2_font_decode_get_signed_bits
                0x08000418       0x46 ./Core/Src/U8g2_for_Adafruit_GFX.o
 .text.u8g2_add_vector_y
                0x0800045e       0x80 ./Core/Src/U8g2_for_Adafruit_GFX.o
 .text.u8g2_add_vector_x
                0x080004de       0x80 ./Core/Src/U8g2_for_Adafruit_GFX.o
 *fill*         0x0800055e        0x2 
 .text.u8g2_draw_hv_line
                0x08000560       0xac ./Core/Src/U8g2_for_Adafruit_GFX.o
                0x08000560                u8g2_draw_hv_line
 .text.u8g2_font_decode_len
                0x0800060c      0x11e ./Core/Src/U8g2_for_Adafruit_GFX.o
 .text.u8g2_font_setup_decode
                0x0800072a       0x50 ./Core/Src/U8g2_for_Adafruit_GFX.o
 .text.u8g2_font_decode_glyph
                0x0800077a      0x11e ./Core/Src/U8g2_for_Adafruit_GFX.o
 .text.u8g2_font_get_glyph_data
                0x08000898       0xfa ./Core/Src/U8g2_for_Adafruit_GFX.o
                0x08000898                u8g2_font_get_glyph_data
 .text.u8g2_font_draw_glyph
                0x08000992       0x54 ./Core/Src/U8g2_for_Adafruit_GFX.o
 .text.u8g2_SetFontMode
                0x080009e6       0x1e ./Core/Src/U8g2_for_Adafruit_GFX.o
                0x080009e6                u8g2_SetFontMode
 .text.u8g2_SetFontDirection
                0x08000a04       0x1e ./Core/Src/U8g2_for_Adafruit_GFX.o
                0x08000a04                u8g2_SetFontDirection
 .text.u8g2_DrawGlyph
                0x08000a22       0x34 ./Core/Src/U8g2_for_Adafruit_GFX.o
                0x08000a22                u8g2_DrawGlyph
 *fill*         0x08000a56        0x2 
 .text.u8g2_DrawStr
                0x08000a58       0xa0 ./Core/Src/U8g2_for_Adafruit_GFX.o
                0x08000a58                u8g2_DrawStr
 .text.u8g2_SetFont
                0x08000af8       0x34 ./Core/Src/U8g2_for_Adafruit_GFX.o
                0x08000af8                u8g2_SetFont
 .text.u8g2_SetForegroundColor
                0x08000b2c       0x1e ./Core/Src/U8g2_for_Adafruit_GFX.o
                0x08000b2c                u8g2_SetForegroundColor
 .text.u8g2_SetBackgroundColor
                0x08000b4a       0x1e ./Core/Src/U8g2_for_Adafruit_GFX.o
                0x08000b4a                u8g2_SetBackgroundColor
 .text.u8g2_SetDisplay
                0x08000b68       0x1c ./Core/Src/U8g2_for_Adafruit_GFX.o
                0x08000b68                u8g2_SetDisplay
 .text.GC9A01A_set_spi_datasize
                0x08000b84       0xe0 ./Core/Src/gc9a01a.o
 .text.GC9A01A_start_spi_transaction
                0x08000c64       0x22 ./Core/Src/gc9a01a.o
 .text.GC9A01A_end_spi_transaction
                0x08000c86       0x22 ./Core/Src/gc9a01a.o
 .text.GC9A01A_transmit_command
                0x08000ca8       0x46 ./Core/Src/gc9a01a.o
 .text.GC9A01A_transmit_data
                0x08000cee       0x24 ./Core/Src/gc9a01a.o
 *fill*         0x08000d12        0x2 
 .text.GC9A01A_init
                0x08000d14      0x118 ./Core/Src/gc9a01a.o
                0x08000d14                GC9A01A_init
 .text.GC9A01A_configure_param
                0x08000e2c       0x4c ./Core/Src/gc9a01a.o
                0x08000e2c                GC9A01A_configure_param
 .text.GC9A01A_set_addr_window
                0x08000e78       0xc0 ./Core/Src/gc9a01a.o
                0x08000e78                GC9A01A_set_addr_window
 .text.GC9A01A_fill_rect
                0x08000f38      0x154 ./Core/Src/gc9a01a.o
                0x08000f38                GC9A01A_fill_rect
 .text.GC9A01A_fill
                0x0800108c       0x32 ./Core/Src/gc9a01a.o
                0x0800108c                GC9A01A_fill
 .text.GC9A01A_drawFastHLine
                0x080010be      0x198 ./Core/Src/gc9a01a.o
                0x080010be                GC9A01A_drawFastHLine
 .text.GC9A01A_drawFastVLine
                0x08001256      0x196 ./Core/Src/gc9a01a.o
                0x08001256                GC9A01A_drawFastVLine
 .text.ITM_SendChar
                0x080013ec       0x4e ./Core/Src/main.o
 *fill*         0x0800143a        0x2 
 .text._write   0x0800143c       0x48 ./Core/Src/main.o
                0x0800143c                _write
 .text.main     0x08001484      0x168 ./Core/Src/main.o
                0x08001484                main
 .text.SystemClock_Config
                0x080015ec       0xa2 ./Core/Src/main.o
                0x080015ec                SystemClock_Config
 *fill*         0x0800168e        0x2 
 .text.MX_DAC1_Init
                0x08001690       0x64 ./Core/Src/main.o
 .text.MX_SDMMC1_SD_Init
                0x080016f4       0x40 ./Core/Src/main.o
 .text.MX_SPI1_Init
                0x08001734       0x7c ./Core/Src/main.o
 .text.MX_TIM16_Init
                0x080017b0       0xf0 ./Core/Src/main.o
 .text.MX_GPIO_Init
                0x080018a0      0x19c ./Core/Src/main.o
 .text.Error_Handler
                0x08001a3c        0xc ./Core/Src/main.o
                0x08001a3c                Error_Handler
 .text.HAL_MspInit
                0x08001a48       0x48 ./Core/Src/stm32l4xx_hal_msp.o
                0x08001a48                HAL_MspInit
 .text.HAL_DAC_MspInit
                0x08001a90       0x7c ./Core/Src/stm32l4xx_hal_msp.o
                0x08001a90                HAL_DAC_MspInit
 .text.HAL_SD_MspInit
                0x08001b0c       0xfc ./Core/Src/stm32l4xx_hal_msp.o
                0x08001b0c                HAL_SD_MspInit
 .text.HAL_SPI_MspInit
                0x08001c08       0x84 ./Core/Src/stm32l4xx_hal_msp.o
                0x08001c08                HAL_SPI_MspInit
 .text.HAL_TIM_Base_MspInit
                0x08001c8c       0x40 ./Core/Src/stm32l4xx_hal_msp.o
                0x08001c8c                HAL_TIM_Base_MspInit
 .text.HAL_TIM_MspPostInit
                0x08001ccc       0x70 ./Core/Src/stm32l4xx_hal_msp.o
                0x08001ccc                HAL_TIM_MspPostInit
 .text.NMI_Handler
                0x08001d3c        0x8 ./Core/Src/stm32l4xx_it.o
                0x08001d3c                NMI_Handler
 .text.HardFault_Handler
                0x08001d44        0x8 ./Core/Src/stm32l4xx_it.o
                0x08001d44                HardFault_Handler
 .text.MemManage_Handler
                0x08001d4c        0x8 ./Core/Src/stm32l4xx_it.o
                0x08001d4c                MemManage_Handler
 .text.BusFault_Handler
                0x08001d54        0x8 ./Core/Src/stm32l4xx_it.o
                0x08001d54                BusFault_Handler
 .text.UsageFault_Handler
                0x08001d5c        0x8 ./Core/Src/stm32l4xx_it.o
                0x08001d5c                UsageFault_Handler
 .text.SVC_Handler
                0x08001d64        0xe ./Core/Src/stm32l4xx_it.o
                0x08001d64                SVC_Handler
 .text.DebugMon_Handler
                0x08001d72        0xe ./Core/Src/stm32l4xx_it.o
                0x08001d72                DebugMon_Handler
 .text.PendSV_Handler
                0x08001d80        0xe ./Core/Src/stm32l4xx_it.o
                0x08001d80                PendSV_Handler
 .text.SysTick_Handler
                0x08001d8e        0xc ./Core/Src/stm32l4xx_it.o
                0x08001d8e                SysTick_Handler
 .text._read    0x08001d9a       0x3a ./Core/Src/syscalls.o
                0x08001d9a                _read
 .text._close   0x08001dd4       0x18 ./Core/Src/syscalls.o
                0x08001dd4                _close
 .text._fstat   0x08001dec       0x20 ./Core/Src/syscalls.o
                0x08001dec                _fstat
 .text._isatty  0x08001e0c       0x16 ./Core/Src/syscalls.o
                0x08001e0c                _isatty
 .text._lseek   0x08001e22       0x1a ./Core/Src/syscalls.o
                0x08001e22                _lseek
 .text._sbrk    0x08001e3c       0x6c ./Core/Src/sysmem.o
                0x08001e3c                _sbrk
 .text.SystemInit
                0x08001ea8       0x24 ./Core/Src/system_stm32l4xx.o
                0x08001ea8                SystemInit
 .text.Reset_Handler
                0x08001ecc       0x50 ./Core/Startup/startup_stm32l431rctx.o
                0x08001ecc                Reset_Handler
 .text.Default_Handler
                0x08001f1c        0x2 ./Core/Startup/startup_stm32l431rctx.o
                0x08001f1c                TIM1_BRK_TIM15_IRQHandler
                0x08001f1c                EXTI2_IRQHandler
                0x08001f1c                TIM1_CC_IRQHandler
                0x08001f1c                TSC_IRQHandler
                0x08001f1c                TAMP_STAMP_IRQHandler
                0x08001f1c                EXTI3_IRQHandler
                0x08001f1c                LPTIM2_IRQHandler
                0x08001f1c                I2C3_ER_IRQHandler
                0x08001f1c                EXTI0_IRQHandler
                0x08001f1c                I2C2_EV_IRQHandler
                0x08001f1c                CAN1_RX0_IRQHandler
                0x08001f1c                FPU_IRQHandler
                0x08001f1c                TIM1_UP_TIM16_IRQHandler
                0x08001f1c                SPI1_IRQHandler
                0x08001f1c                TIM6_DAC_IRQHandler
                0x08001f1c                DMA2_Channel2_IRQHandler
                0x08001f1c                DMA1_Channel4_IRQHandler
                0x08001f1c                ADC1_IRQHandler
                0x08001f1c                USART3_IRQHandler
                0x08001f1c                DMA1_Channel7_IRQHandler
                0x08001f1c                CAN1_RX1_IRQHandler
                0x08001f1c                DMA2_Channel1_IRQHandler
                0x08001f1c                QUADSPI_IRQHandler
                0x08001f1c                I2C1_EV_IRQHandler
                0x08001f1c                DMA1_Channel6_IRQHandler
                0x08001f1c                DMA2_Channel4_IRQHandler
                0x08001f1c                RCC_IRQHandler
                0x08001f1c                TIM1_TRG_COM_IRQHandler
                0x08001f1c                DMA1_Channel1_IRQHandler
                0x08001f1c                Default_Handler
                0x08001f1c                DMA2_Channel7_IRQHandler
                0x08001f1c                EXTI15_10_IRQHandler
                0x08001f1c                TIM7_IRQHandler
                0x08001f1c                SDMMC1_IRQHandler
                0x08001f1c                I2C3_EV_IRQHandler
                0x08001f1c                EXTI9_5_IRQHandler
                0x08001f1c                RTC_WKUP_IRQHandler
                0x08001f1c                PVD_PVM_IRQHandler
                0x08001f1c                SPI2_IRQHandler
                0x08001f1c                CAN1_TX_IRQHandler
                0x08001f1c                DMA2_Channel5_IRQHandler
                0x08001f1c                CRS_IRQHandler
                0x08001f1c                DMA1_Channel5_IRQHandler
                0x08001f1c                EXTI4_IRQHandler
                0x08001f1c                RNG_IRQHandler
                0x08001f1c                DMA1_Channel3_IRQHandler
                0x08001f1c                COMP_IRQHandler
                0x08001f1c                WWDG_IRQHandler
                0x08001f1c                LPUART1_IRQHandler
                0x08001f1c                DMA2_Channel6_IRQHandler
                0x08001f1c                TIM2_IRQHandler
                0x08001f1c                EXTI1_IRQHandler
                0x08001f1c                USART2_IRQHandler
                0x08001f1c                I2C2_ER_IRQHandler
                0x08001f1c                DMA1_Channel2_IRQHandler
                0x08001f1c                CAN1_SCE_IRQHandler
                0x08001f1c                FLASH_IRQHandler
                0x08001f1c                USART1_IRQHandler
                0x08001f1c                SPI3_IRQHandler
                0x08001f1c                I2C1_ER_IRQHandler
                0x08001f1c                SWPMI1_IRQHandler
                0x08001f1c                LPTIM1_IRQHandler
                0x08001f1c                SAI1_IRQHandler
                0x08001f1c                DMA2_Channel3_IRQHandler
                0x08001f1c                RTC_Alarm_IRQHandler
 .text.HAL_Init
                0x08001f1e       0x30 ./Drivers/STM32L4xx_HAL_Driver/Src/stm32l4xx_hal.o
                0x08001f1e                HAL_Init
 *fill*         0x08001f4e        0x2 
 .text.HAL_InitTick
                0x08001f50       0x78 ./Drivers/STM32L4xx_HAL_Driver/Src/stm32l4xx_hal.o
                0x08001f50                HAL_InitTick
 .text.HAL_IncTick
                0x08001fc8       0x28 ./Drivers/STM32L4xx_HAL_Driver/Src/stm32l4xx_hal.o
                0x08001fc8                HAL_IncTick
 .text.HAL_GetTick
                0x08001ff0       0x18 ./Drivers/STM32L4xx_HAL_Driver/Src/stm32l4xx_hal.o
                0x08001ff0                HAL_GetTick
 .text.HAL_Delay
                0x08002008       0x48 ./Drivers/STM32L4xx_HAL_Driver/Src/stm32l4xx_hal.o
                0x08002008                HAL_Delay
 .text.__NVIC_SetPriorityGrouping
                0x08002050       0x48 ./Drivers/STM32L4xx_HAL_Driver/Src/stm32l4xx_hal_cortex.o
 .text.__NVIC_GetPriorityGrouping
                0x08002098       0x1c ./Drivers/STM32L4xx_HAL_Driver/Src/stm32l4xx_hal_cortex.o
 .text.__NVIC_SetPriority
                0x080020b4       0x54 ./Drivers/STM32L4xx_HAL_Driver/Src/stm32l4xx_hal_cortex.o
 .text.NVIC_EncodePriority
                0x08002108       0x66 ./Drivers/STM32L4xx_HAL_Driver/Src/stm32l4xx_hal_cortex.o
 *fill*         0x0800216e        0x2 
 .text.SysTick_Config
                0x08002170       0x44 ./Drivers/STM32L4xx_HAL_Driver/Src/stm32l4xx_hal_cortex.o
 .text.HAL_NVIC_SetPriorityGrouping
                0x080021b4       0x16 ./Drivers/STM32L4xx_HAL_Driver/Src/stm32l4xx_hal_cortex.o
                0x080021b4                HAL_NVIC_SetPriorityGrouping
 .text.HAL_NVIC_SetPriority
                0x080021ca       0x38 ./Drivers/STM32L4xx_HAL_Driver/Src/stm32l4xx_hal_cortex.o
                0x080021ca                HAL_NVIC_SetPriority
 .text.HAL_SYSTICK_Config
                0x08002202       0x18 ./Drivers/STM32L4xx_HAL_Driver/Src/stm32l4xx_hal_cortex.o
                0x08002202                HAL_SYSTICK_Config
 .text.HAL_DAC_Init
                0x0800221a       0x44 ./Drivers/STM32L4xx_HAL_Driver/Src/stm32l4xx_hal_dac.o
                0x0800221a                HAL_DAC_Init
 .text.HAL_DAC_ConfigChannel
                0x0800225e      0x24e ./Drivers/STM32L4xx_HAL_Driver/Src/stm32l4xx_hal_dac.o
                0x0800225e                HAL_DAC_ConfigChannel
 .text.HAL_GPIO_Init
                0x080024ac      0x2f4 ./Drivers/STM32L4xx_HAL_Driver/Src/stm32l4xx_hal_gpio.o
                0x080024ac                HAL_GPIO_Init
 .text.HAL_GPIO_WritePin
                0x080027a0       0x30 ./Drivers/STM32L4xx_HAL_Driver/Src/stm32l4xx_hal_gpio.o
                0x080027a0                HAL_GPIO_WritePin
 .text.HAL_PWREx_GetVoltageRange
                0x080027d0       0x1c ./Drivers/STM32L4xx_HAL_Driver/Src/stm32l4xx_hal_pwr_ex.o
                0x080027d0                HAL_PWREx_GetVoltageRange
 .text.HAL_PWREx_ControlVoltageScaling
                0x080027ec       0xac ./Drivers/STM32L4xx_HAL_Driver/Src/stm32l4xx_hal_pwr_ex.o
                0x080027ec                HAL_PWREx_ControlVoltageScaling
 .text.HAL_RCC_OscConfig
                0x08002898      0x828 ./Drivers/STM32L4xx_HAL_Driver/Src/stm32l4xx_hal_rcc.o
                0x08002898                HAL_RCC_OscConfig
 .text.HAL_RCC_ClockConfig
                0x080030c0      0x200 ./Drivers/STM32L4xx_HAL_Driver/Src/stm32l4xx_hal_rcc.o
                0x080030c0                HAL_RCC_ClockConfig
 .text.HAL_RCC_GetSysClockFreq
                0x080032c0      0x118 ./Drivers/STM32L4xx_HAL_Driver/Src/stm32l4xx_hal_rcc.o
                0x080032c0                HAL_RCC_GetSysClockFreq
 .text.HAL_RCC_GetHCLKFreq
                0x080033d8       0x18 ./Drivers/STM32L4xx_HAL_Driver/Src/stm32l4xx_hal_rcc.o
                0x080033d8                HAL_RCC_GetHCLKFreq
 .text.HAL_RCC_GetPCLK1Freq
                0x080033f0       0x2c ./Drivers/STM32L4xx_HAL_Driver/Src/stm32l4xx_hal_rcc.o
                0x080033f0                HAL_RCC_GetPCLK1Freq
 .text.HAL_RCC_GetPCLK2Freq
                0x0800341c       0x2c ./Drivers/STM32L4xx_HAL_Driver/Src/stm32l4xx_hal_rcc.o
                0x0800341c                HAL_RCC_GetPCLK2Freq
 .text.RCC_SetFlashLatencyFromMSIRange
                0x08003448       0xc0 ./Drivers/STM32L4xx_HAL_Driver/Src/stm32l4xx_hal_rcc.o
 .text.HAL_RCCEx_PeriphCLKConfig
                0x08003508      0x430 ./Drivers/STM32L4xx_HAL_Driver/Src/stm32l4xx_hal_rcc_ex.o
                0x08003508                HAL_RCCEx_PeriphCLKConfig
 .text.HAL_RCCEx_GetPeriphCLKFreq
                0x08003938      0x92c ./Drivers/STM32L4xx_HAL_Driver/Src/stm32l4xx_hal_rcc_ex.o
                0x08003938                HAL_RCCEx_GetPeriphCLKFreq
 .text.RCCEx_PLLSAI1_Config
                0x08004264      0x1e4 ./Drivers/STM32L4xx_HAL_Driver/Src/stm32l4xx_hal_rcc_ex.o
 .text.RCCEx_GetSAIxPeriphCLKFreq
                0x08004448      0x178 ./Drivers/STM32L4xx_HAL_Driver/Src/stm32l4xx_hal_rcc_ex.o
 .text.HAL_SD_Init
                0x080045c0       0x8c ./Drivers/STM32L4xx_HAL_Driver/Src/stm32l4xx_hal_sd.o
                0x080045c0                HAL_SD_Init
 .text.HAL_SD_InitCard
                0x0800464c      0x160 ./Drivers/STM32L4xx_HAL_Driver/Src/stm32l4xx_hal_sd.o
                0x0800464c                HAL_SD_InitCard
 .text.HAL_SD_ReadBlocks
                0x080047ac      0x3bc ./Drivers/STM32L4xx_HAL_Driver/Src/stm32l4xx_hal_sd.o
                0x080047ac                HAL_SD_ReadBlocks
 .text.HAL_SD_WriteBlocks
                0x08004b68      0x30c ./Drivers/STM32L4xx_HAL_Driver/Src/stm32l4xx_hal_sd.o
                0x08004b68                HAL_SD_WriteBlocks
 .text.HAL_SD_GetCardCSD
                0x08004e74      0x348 ./Drivers/STM32L4xx_HAL_Driver/Src/stm32l4xx_hal_sd.o
                0x08004e74                HAL_SD_GetCardCSD
 .text.HAL_SD_GetCardInfo
                0x080051bc       0x58 ./Drivers/STM32L4xx_HAL_Driver/Src/stm32l4xx_hal_sd.o
                0x080051bc                HAL_SD_GetCardInfo
 .text.HAL_SD_ConfigWideBusOperation
                0x08005214      0x180 ./Drivers/STM32L4xx_HAL_Driver/Src/stm32l4xx_hal_sd.o
                0x08005214                HAL_SD_ConfigWideBusOperation
 .text.HAL_SD_GetCardState
                0x08005394       0x40 ./Drivers/STM32L4xx_HAL_Driver/Src/stm32l4xx_hal_sd.o
                0x08005394                HAL_SD_GetCardState
 .text.SD_InitCard
                0x080053d4      0x180 ./Drivers/STM32L4xx_HAL_Driver/Src/stm32l4xx_hal_sd.o
 .text.SD_PowerON
                0x08005554      0x11c ./Drivers/STM32L4xx_HAL_Driver/Src/stm32l4xx_hal_sd.o
 .text.SD_SendStatus
                0x08005670       0x50 ./Drivers/STM32L4xx_HAL_Driver/Src/stm32l4xx_hal_sd.o
 .text.SD_WideBus_Enable
                0x080056c0       0x96 ./Drivers/STM32L4xx_HAL_Driver/Src/stm32l4xx_hal_sd.o
 .text.SD_WideBus_Disable
                0x08005756       0x96 ./Drivers/STM32L4xx_HAL_Driver/Src/stm32l4xx_hal_sd.o
 .text.SD_FindSCR
                0x080057ec      0x1a6 ./Drivers/STM32L4xx_HAL_Driver/Src/stm32l4xx_hal_sd.o
 .text.HAL_SPI_Init
                0x08005992      0x146 ./Drivers/STM32L4xx_HAL_Driver/Src/stm32l4xx_hal_spi.o
                0x08005992                HAL_SPI_Init
 .text.HAL_SPI_Transmit
                0x08005ad8      0x2ec ./Drivers/STM32L4xx_HAL_Driver/Src/stm32l4xx_hal_spi.o
                0x08005ad8                HAL_SPI_Transmit
 .text.SPI_WaitFlagStateUntilTimeout
                0x08005dc4      0x110 ./Drivers/STM32L4xx_HAL_Driver/Src/stm32l4xx_hal_spi.o
 .text.SPI_WaitFifoStateUntilTimeout
                0x08005ed4      0x12c ./Drivers/STM32L4xx_HAL_Driver/Src/stm32l4xx_hal_spi.o
 .text.SPI_EndRxTxTransaction
                0x08006000       0x8c ./Drivers/STM32L4xx_HAL_Driver/Src/stm32l4xx_hal_spi.o
 .text.HAL_TIM_Base_Init
                0x0800608c       0xae ./Drivers/STM32L4xx_HAL_Driver/Src/stm32l4xx_hal_tim.o
                0x0800608c                HAL_TIM_Base_Init
 .text.HAL_TIM_PWM_Init
                0x0800613a       0xae ./Drivers/STM32L4xx_HAL_Driver/Src/stm32l4xx_hal_tim.o
                0x0800613a                HAL_TIM_PWM_Init
 .text.HAL_TIM_PWM_MspInit
                0x080061e8       0x14 ./Drivers/STM32L4xx_HAL_Driver/Src/stm32l4xx_hal_tim.o
                0x080061e8                HAL_TIM_PWM_MspInit
 .text.HAL_TIM_PWM_Start
                0x080061fc      0x1bc ./Drivers/STM32L4xx_HAL_Driver/Src/stm32l4xx_hal_tim.o
                0x080061fc                HAL_TIM_PWM_Start
 .text.HAL_TIM_PWM_ConfigChannel
                0x080063b8      0x228 ./Drivers/STM32L4xx_HAL_Driver/Src/stm32l4xx_hal_tim.o
                0x080063b8                HAL_TIM_PWM_ConfigChannel
 .text.TIM_Base_SetConfig
                0x080065e0       0xd4 ./Drivers/STM32L4xx_HAL_Driver/Src/stm32l4xx_hal_tim.o
                0x080065e0                TIM_Base_SetConfig
 .text.TIM_OC1_SetConfig
                0x080066b4       0xfc ./Drivers/STM32L4xx_HAL_Driver/Src/stm32l4xx_hal_tim.o
 .text.TIM_OC2_SetConfig
                0x080067b0       0xf8 ./Drivers/STM32L4xx_HAL_Driver/Src/stm32l4xx_hal_tim.o
                0x080067b0                TIM_OC2_SetConfig
 .text.TIM_OC3_SetConfig
                0x080068a8       0xf4 ./Drivers/STM32L4xx_HAL_Driver/Src/stm32l4xx_hal_tim.o
 .text.TIM_OC4_SetConfig
                0x0800699c       0xbc ./Drivers/STM32L4xx_HAL_Driver/Src/stm32l4xx_hal_tim.o
 .text.TIM_OC5_SetConfig
                0x08006a58       0xb0 ./Drivers/STM32L4xx_HAL_Driver/Src/stm32l4xx_hal_tim.o
 .text.TIM_OC6_SetConfig
                0x08006b08       0xb4 ./Drivers/STM32L4xx_HAL_Driver/Src/stm32l4xx_hal_tim.o
 .text.TIM_CCxChannelCmd
                0x08006bbc       0x4a ./Drivers/STM32L4xx_HAL_Driver/Src/stm32l4xx_hal_tim.o
                0x08006bbc                TIM_CCxChannelCmd
 *fill*         0x08006c06        0x2 
 .text.HAL_TIMEx_ConfigBreakDeadTime
                0x08006c08       0xf0 ./Drivers/STM32L4xx_HAL_Driver/Src/stm32l4xx_hal_tim_ex.o
                0x08006c08                HAL_TIMEx_ConfigBreakDeadTime
 .text.SDMMC_Init
                0x08006cf8       0x5a ./Drivers/STM32L4xx_HAL_Driver/Src/stm32l4xx_ll_sdmmc.o
                0x08006cf8                SDMMC_Init
 .text.SDMMC_ReadFIFO
                0x08006d52       0x1a ./Drivers/STM32L4xx_HAL_Driver/Src/stm32l4xx_ll_sdmmc.o
                0x08006d52                SDMMC_ReadFIFO
 .text.SDMMC_WriteFIFO
                0x08006d6c       0x22 ./Drivers/STM32L4xx_HAL_Driver/Src/stm32l4xx_ll_sdmmc.o
                0x08006d6c                SDMMC_WriteFIFO
 .text.SDMMC_PowerState_ON
                0x08006d8e       0x1e ./Drivers/STM32L4xx_HAL_Driver/Src/stm32l4xx_ll_sdmmc.o
                0x08006d8e                SDMMC_PowerState_ON
 .text.SDMMC_GetPowerState
                0x08006dac       0x1c ./Drivers/STM32L4xx_HAL_Driver/Src/stm32l4xx_ll_sdmmc.o
                0x08006dac                SDMMC_GetPowerState
 .text.SDMMC_SendCommand
                0x08006dc8       0x54 ./Drivers/STM32L4xx_HAL_Driver/Src/stm32l4xx_ll_sdmmc.o
                0x08006dc8                SDMMC_SendCommand
 .text.SDMMC_GetCommandResponse
                0x08006e1c       0x1a ./Drivers/STM32L4xx_HAL_Driver/Src/stm32l4xx_ll_sdmmc.o
                0x08006e1c                SDMMC_GetCommandResponse
 .text.SDMMC_GetResponse
                0x08006e36       0x26 ./Drivers/STM32L4xx_HAL_Driver/Src/stm32l4xx_ll_sdmmc.o
                0x08006e36                SDMMC_GetResponse
 .text.SDMMC_ConfigData
                0x08006e5c       0x58 ./Drivers/STM32L4xx_HAL_Driver/Src/stm32l4xx_ll_sdmmc.o
                0x08006e5c                SDMMC_ConfigData
 .text.SDMMC_CmdBlockLength
                0x08006eb4       0x44 ./Drivers/STM32L4xx_HAL_Driver/Src/stm32l4xx_ll_sdmmc.o
                0x08006eb4                SDMMC_CmdBlockLength
 .text.SDMMC_CmdReadSingleBlock
                0x08006ef8       0x44 ./Drivers/STM32L4xx_HAL_Driver/Src/stm32l4xx_ll_sdmmc.o
                0x08006ef8                SDMMC_CmdReadSingleBlock
 .text.SDMMC_CmdReadMultiBlock
                0x08006f3c       0x44 ./Drivers/STM32L4xx_HAL_Driver/Src/stm32l4xx_ll_sdmmc.o
                0x08006f3c                SDMMC_CmdReadMultiBlock
 .text.SDMMC_CmdWriteSingleBlock
                0x08006f80       0x44 ./Drivers/STM32L4xx_HAL_Driver/Src/stm32l4xx_ll_sdmmc.o
                0x08006f80                SDMMC_CmdWriteSingleBlock
 .text.SDMMC_CmdWriteMultiBlock
                0x08006fc4       0x44 ./Drivers/STM32L4xx_HAL_Driver/Src/stm32l4xx_ll_sdmmc.o
                0x08006fc4                SDMMC_CmdWriteMultiBlock
 .text.SDMMC_CmdStopTransfer
                0x08007008       0x44 ./Drivers/STM32L4xx_HAL_Driver/Src/stm32l4xx_ll_sdmmc.o
                0x08007008                SDMMC_CmdStopTransfer
 .text.SDMMC_CmdSelDesel
                0x0800704c       0x46 ./Drivers/STM32L4xx_HAL_Driver/Src/stm32l4xx_ll_sdmmc.o
                0x0800704c                SDMMC_CmdSelDesel
 .text.SDMMC_CmdGoIdleState
                0x08007092       0x3c ./Drivers/STM32L4xx_HAL_Driver/Src/stm32l4xx_ll_sdmmc.o
                0x08007092                SDMMC_CmdGoIdleState
 .text.SDMMC_CmdOperCond
                0x080070ce       0x3e ./Drivers/STM32L4xx_HAL_Driver/Src/stm32l4xx_ll_sdmmc.o
                0x080070ce                SDMMC_CmdOperCond
 .text.SDMMC_CmdAppCommand
                0x0800710c       0x44 ./Drivers/STM32L4xx_HAL_Driver/Src/stm32l4xx_ll_sdmmc.o
                0x0800710c                SDMMC_CmdAppCommand
 .text.SDMMC_CmdAppOperCommand
                0x08007150       0x46 ./Drivers/STM32L4xx_HAL_Driver/Src/stm32l4xx_ll_sdmmc.o
                0x08007150                SDMMC_CmdAppOperCommand
 .text.SDMMC_CmdBusWidth
                0x08007196       0x44 ./Drivers/STM32L4xx_HAL_Driver/Src/stm32l4xx_ll_sdmmc.o
                0x08007196                SDMMC_CmdBusWidth
 .text.SDMMC_CmdSendSCR
                0x080071da       0x42 ./Drivers/STM32L4xx_HAL_Driver/Src/stm32l4xx_ll_sdmmc.o
                0x080071da                SDMMC_CmdSendSCR
 .text.SDMMC_CmdSendCID
                0x0800721c       0x3c ./Drivers/STM32L4xx_HAL_Driver/Src/stm32l4xx_ll_sdmmc.o
                0x0800721c                SDMMC_CmdSendCID
 .text.SDMMC_CmdSendCSD
                0x08007258       0x3e ./Drivers/STM32L4xx_HAL_Driver/Src/stm32l4xx_ll_sdmmc.o
                0x08007258                SDMMC_CmdSendCSD
 .text.SDMMC_CmdSetRelAdd
                0x08007296       0x42 ./Drivers/STM32L4xx_HAL_Driver/Src/stm32l4xx_ll_sdmmc.o
                0x08007296                SDMMC_CmdSetRelAdd
 .text.SDMMC_CmdSendStatus
                0x080072d8       0x44 ./Drivers/STM32L4xx_HAL_Driver/Src/stm32l4xx_ll_sdmmc.o
                0x080072d8                SDMMC_CmdSendStatus
 .text.SDMMC_GetCmdResp1
                0x0800731c      0x1dc ./Drivers/STM32L4xx_HAL_Driver/Src/stm32l4xx_ll_sdmmc.o
                0x0800731c                SDMMC_GetCmdResp1
 .text.SDMMC_GetCmdResp2
                0x080074f8       0x90 ./Drivers/STM32L4xx_HAL_Driver/Src/stm32l4xx_ll_sdmmc.o
                0x080074f8                SDMMC_GetCmdResp2
 .text.SDMMC_GetCmdResp3
                0x08007588       0x7c ./Drivers/STM32L4xx_HAL_Driver/Src/stm32l4xx_ll_sdmmc.o
                0x08007588                SDMMC_GetCmdResp3
 .text.SDMMC_GetCmdResp6
                0x08007604       0xec ./Drivers/STM32L4xx_HAL_Driver/Src/stm32l4xx_ll_sdmmc.o
                0x08007604                SDMMC_GetCmdResp6
 .text.SDMMC_GetCmdResp7
                0x080076f0       0x9c ./Drivers/STM32L4xx_HAL_Driver/Src/stm32l4xx_ll_sdmmc.o
                0x080076f0                SDMMC_GetCmdResp7
 .text.SDMMC_GetCmdError
                0x0800778c       0x58 ./Drivers/STM32L4xx_HAL_Driver/Src/stm32l4xx_ll_sdmmc.o
 .text.MX_FATFS_Init
                0x080077e4       0x24 ./FATFS/App/fatfs.o
                0x080077e4                MX_FATFS_Init
 .text.BSP_SD_Init
                0x08007808       0x30 ./FATFS/Target/bsp_driver_sd.o
                0x08007808                BSP_SD_Init
 .text.BSP_SD_ReadBlocks
                0x08007838       0x3c ./FATFS/Target/bsp_driver_sd.o
                0x08007838                BSP_SD_ReadBlocks
 .text.BSP_SD_WriteBlocks
                0x08007874       0x3c ./FATFS/Target/bsp_driver_sd.o
                0x08007874                BSP_SD_WriteBlocks
 .text.BSP_SD_GetCardState
                0x080078b0       0x20 ./FATFS/Target/bsp_driver_sd.o
                0x080078b0                BSP_SD_GetCardState
 .text.BSP_SD_GetCardInfo
                0x080078d0       0x1c ./FATFS/Target/bsp_driver_sd.o
                0x080078d0                BSP_SD_GetCardInfo
 .text.BSP_SD_IsDetected
                0x080078ec       0x1a ./FATFS/Target/bsp_driver_sd.o
                0x080078ec                BSP_SD_IsDetected
 *fill*         0x08007906        0x2 
 .text.SD_CheckStatus
                0x08007908       0x3c ./FATFS/Target/sd_diskio.o
 .text.SD_initialize
                0x08007944       0x3c ./FATFS/Target/sd_diskio.o
                0x08007944                SD_initialize
 .text.SD_status
                0x08007980       0x1c ./FATFS/Target/sd_diskio.o
                0x08007980                SD_status
 .text.SD_read  0x0800799c       0x42 ./FATFS/Target/sd_diskio.o
                0x0800799c                SD_read
 .text.SD_write
                0x080079de       0x42 ./FATFS/Target/sd_diskio.o
                0x080079de                SD_write
 .text.SD_ioctl
                0x08007a20       0xb0 ./FATFS/Target/sd_diskio.o
                0x08007a20                SD_ioctl
 .text.FATFS_LinkDriverEx
                0x08007ad0       0x98 ./Middlewares/Third_Party/FatFs/src/ff_gen_drv.o
                0x08007ad0                FATFS_LinkDriverEx
 .text.FATFS_LinkDriver
                0x08007b68       0x1e ./Middlewares/Third_Party/FatFs/src/ff_gen_drv.o
                0x08007b68                FATFS_LinkDriver
 *fill*         0x08007b86        0x2 
 .text.std      0x08007b88       0x6c /Applications/STM32CubeIDE.app/Contents/Eclipse/plugins/com.st.stm32cube.ide.mcu.externaltools.gnu-tools-for-stm32.14.3.rel1.macosaarch64_1.0.0.202602081740/tools/bin/../lib/gcc/arm-none-eabi/14.3.1/../../../../arm-none-eabi/lib/thumb/v7e-m+fp/hard/libc_nano.a(libc_a-findfp.o)
 .text.stdio_exit_handler
                0x08007bf4       0x18 /Applications/STM32CubeIDE.app/Contents/Eclipse/plugins/com.st.stm32cube.ide.mcu.externaltools.gnu-tools-for-stm32.14.3.rel1.macosaarch64_1.0.0.202602081740/tools/bin/../lib/gcc/arm-none-eabi/14.3.1/../../../../arm-none-eabi/lib/thumb/v7e-m+fp/hard/libc_nano.a(libc_a-findfp.o)
 .text.cleanup_stdio
                0x08007c0c       0x40 /Applications/STM32CubeIDE.app/Contents/Eclipse/plugins/com.st.stm32cube.ide.mcu.externaltools.gnu-tools-for-stm32.14.3.rel1.macosaarch64_1.0.0.202602081740/tools/bin/../lib/gcc/arm-none-eabi/14.3.1/../../../../arm-none-eabi/lib/thumb/v7e-m+fp/hard/libc_nano.a(libc_a-findfp.o)
 .text.global_stdio_init.part.0
                0x08007c4c       0x40 /Applications/STM32CubeIDE.app/Contents/Eclipse/plugins/com.st.stm32cube.ide.mcu.externaltools.gnu-tools-for-stm32.14.3.rel1.macosaarch64_1.0.0.202602081740/tools/bin/../lib/gcc/arm-none-eabi/14.3.1/../../../../arm-none-eabi/lib/thumb/v7e-m+fp/hard/libc_nano.a(libc_a-findfp.o)
 .text.__sfp_lock_acquire
                0x08007c8c        0xc /Applications/STM32CubeIDE.app/Contents/Eclipse/plugins/com.st.stm32cube.ide.mcu.externaltools.gnu-tools-for-stm32.14.3.rel1.macosaarch64_1.0.0.202602081740/tools/bin/../lib/gcc/arm-none-eabi/14.3.1/../../../../arm-none-eabi/lib/thumb/v7e-m+fp/hard/libc_nano.a(libc_a-findfp.o)
                0x08007c8c                __sfp_lock_acquire
 .text.__sfp_lock_release
                0x08007c98        0xc /Applications/STM32CubeIDE.app/Contents/Eclipse/plugins/com.st.stm32cube.ide.mcu.externaltools.gnu-tools-for-stm32.14.3.rel1.macosaarch64_1.0.0.202602081740/tools/bin/../lib/gcc/arm-none-eabi/14.3.1/../../../../arm-none-eabi/lib/thumb/v7e-m+fp/hard/libc_nano.a(libc_a-findfp.o)
                0x08007c98                __sfp_lock_release
 .text.__sinit  0x08007ca4       0x30 /Applications/STM32CubeIDE.app/Contents/Eclipse/plugins/com.st.stm32cube.ide.mcu.externaltools.gnu-tools-for-stm32.14.3.rel1.macosaarch64_1.0.0.202602081740/tools/bin/../lib/gcc/arm-none-eabi/14.3.1/../../../../arm-none-eabi/lib/thumb/v7e-m+fp/hard/libc_nano.a(libc_a-findfp.o)
                0x08007ca4                __sinit
 .text._fwalk_sglue
                0x08007cd4       0x3c /Applications/STM32CubeIDE.app/Contents/Eclipse/plugins/com.st.stm32cube.ide.mcu.externaltools.gnu-tools-for-stm32.14.3.rel1.macosaarch64_1.0.0.202602081740/tools/bin/../lib/gcc/arm-none-eabi/14.3.1/../../../../arm-none-eabi/lib/thumb/v7e-m+fp/hard/libc_nano.a(libc_a-fwalk.o)
                0x08007cd4                _fwalk_sglue
 .text._puts_r  0x08007d10       0xaa /Applications/STM32CubeIDE.app/Contents/Eclipse/plugins/com.st.stm32cube.ide.mcu.externaltools.gnu-tools-for-stm32.14.3.rel1.macosaarch64_1.0.0.202602081740/tools/bin/../lib/gcc/arm-none-eabi/14.3.1/../../../../arm-none-eabi/lib/thumb/v7e-m+fp/hard/libc_nano.a(libc_a-puts.o)
                0x08007d10                _puts_r
 *fill*         0x08007dba        0x2 
 .text.puts     0x08007dbc       0x10 /Applications/STM32CubeIDE.app/Contents/Eclipse/plugins/com.st.stm32cube.ide.mcu.externaltools.gnu-tools-for-stm32.14.3.rel1.macosaarch64_1.0.0.202602081740/tools/bin/../lib/gcc/arm-none-eabi/14.3.1/../../../../arm-none-eabi/lib/thumb/v7e-m+fp/hard/libc_nano.a(libc_a-puts.o)
                0x08007dbc                puts
 .text.memset   0x08007dcc       0x10 /Applications/STM32CubeIDE.app/Contents/Eclipse/plugins/com.st.stm32cube.ide.mcu.externaltools.gnu-tools-for-stm32.14.3.rel1.macosaarch64_1.0.0.202602081740/tools/bin/../lib/gcc/arm-none-eabi/14.3.1/../../../../arm-none-eabi/lib/thumb/v7e-m+fp/hard/libc_nano.a(libc_a-memset.o)
                0x08007dcc                memset
 .text.__errno  0x08007ddc        0xc /Applications/STM32CubeIDE.app/Contents/Eclipse/plugins/com.st.stm32cube.ide.mcu.externaltools.gnu-tools-for-stm32.14.3.rel1.macosaarch64_1.0.0.202602081740/tools/bin/../lib/gcc/arm-none-eabi/14.3.1/../../../../arm-none-eabi/lib/thumb/v7e-m+fp/hard/libc_nano.a(libc_a-errno.o)
                0x08007ddc                __errno
 .text.__libc_init_array
                0x08007de8       0x48 /Applications/STM32CubeIDE.app/Contents/Eclipse/plugins/com.st.stm32cube.ide.mcu.externaltools.gnu-tools-for-stm32.14.3.rel1.macosaarch64_1.0.0.202602081740/tools/bin/../lib/gcc/arm-none-eabi/14.3.1/../../../../arm-none-eabi/lib/thumb/v7e-m+fp/hard/libc_nano.a(libc_a-init.o)
                0x08007de8                __libc_init_array
 .text.__retarget_lock_init_recursive
                0x08007e30        0x2 /Applications/STM32CubeIDE.app/Contents/Eclipse/plugins/com.st.stm32cube.ide.mcu.externaltools.gnu-tools-for-stm32.14.3.rel1.macosaarch64_1.0.0.202602081740/tools/bin/../lib/gcc/arm-none-eabi/14.3.1/../../../../arm-none-eabi/lib/thumb/v7e-m+fp/hard/libc_nano.a(libc_a-lock.o)
                0x08007e30                __retarget_lock_init_recursive
 .text.__retarget_lock_acquire_recursive
                0x08007e32        0x2 /Applications/STM32CubeIDE.app/Contents/Eclipse/plugins/com.st.stm32cube.ide.mcu.externaltools.gnu-tools-for-stm32.14.3.rel1.macosaarch64_1.0.0.202602081740/tools/bin/../lib/gcc/arm-none-eabi/14.3.1/../../../../arm-none-eabi/lib/thumb/v7e-m+fp/hard/libc_nano.a(libc_a-lock.o)
                0x08007e32                __retarget_lock_acquire_recursive
 .text.__retarget_lock_release_recursive
                0x08007e34        0x2 /Applications/STM32CubeIDE.app/Contents/Eclipse/plugins/com.st.stm32cube.ide.mcu.externaltools.gnu-tools-for-stm32.14.3.rel1.macosaarch64_1.0.0.202602081740/tools/bin/../lib/gcc/arm-none-eabi/14.3.1/../../../../arm-none-eabi/lib/thumb/v7e-m+fp/hard/libc_nano.a(libc_a-lock.o)
                0x08007e34                __retarget_lock_release_recursive
 *fill*         0x08007e36        0x2 
 .text.sbrk_aligned
                0x08007e38       0x44 /Applications/STM32CubeIDE.app/Contents/Eclipse/plugins/com.st.stm32cube.ide.mcu.externaltools.gnu-tools-for-stm32.14.3.rel1.macosaarch64_1.0.0.202602081740/tools/bin/../lib/gcc/arm-none-eabi/14.3.1/../../../../arm-none-eabi/lib/thumb/v7e-m+fp/hard/libc_nano.a(libc_a-mallocr.o)
 .text._malloc_r
                0x08007e7c      0x100 /Applications/STM32CubeIDE.app/Contents/Eclipse/plugins/com.st.stm32cube.ide.mcu.externaltools.gnu-tools-for-stm32.14.3.rel1.macosaarch64_1.0.0.202602081740/tools/bin/../lib/gcc/arm-none-eabi/14.3.1/../../../../arm-none-eabi/lib/thumb/v7e-m+fp/hard/libc_nano.a(libc_a-mallocr.o)
                0x08007e7c                _malloc_r
 .text.__sflush_r
                0x08007f7c      0x104 /Applications/STM32CubeIDE.app/Contents/Eclipse/plugins/com.st.stm32cube.ide.mcu.externaltools.gnu-tools-for-stm32.14.3.rel1.macosaarch64_1.0.0.202602081740/tools/bin/../lib/gcc/arm-none-eabi/14.3.1/../../../../arm-none-eabi/lib/thumb/v7e-m+fp/hard/libc_nano.a(libc_a-fflush.o)
                0x08007f7c                __sflush_r
 .text._fflush_r
                0x08008080       0x50 /Applications/STM32CubeIDE.app/Contents/Eclipse/plugins/com.st.stm32cube.ide.mcu.externaltools.gnu-tools-for-stm32.14.3.rel1.macosaarch64_1.0.0.202602081740/tools/bin/../lib/gcc/arm-none-eabi/14.3.1/../../../../arm-none-eabi/lib/thumb/v7e-m+fp/hard/libc_nano.a(libc_a-fflush.o)
                0x08008080                _fflush_r
 .text.__malloc_lock
                0x080080d0        0xc /Applications/STM32CubeIDE.app/Contents/Eclipse/plugins/com.st.stm32cube.ide.mcu.externaltools.gnu-tools-for-stm32.14.3.rel1.macosaarch64_1.0.0.202602081740/tools/bin/../lib/gcc/arm-none-eabi/14.3.1/../../../../arm-none-eabi/lib/thumb/v7e-m+fp/hard/libc_nano.a(libc_a-mlock.o)
                0x080080d0                __malloc_lock
 .text.__malloc_unlock
                0x080080dc        0xc /Applications/STM32CubeIDE.app/Contents/Eclipse/plugins/com.st.stm32cube.ide.mcu.externaltools.gnu-tools-for-stm32.14.3.rel1.macosaarch64_1.0.0.202602081740/tools/bin/../lib/gcc/arm-none-eabi/14.3.1/../../../../arm-none-eabi/lib/thumb/v7e-m+fp/hard/libc_nano.a(libc_a-mlock.o)
                0x080080dc                __malloc_unlock
 .text.__sread  0x080080e8       0x22 /Applications/STM32CubeIDE.app/Contents/Eclipse/plugins/com.st.stm32cube.ide.mcu.externaltools.gnu-tools-for-stm32.14.3.rel1.macosaarch64_1.0.0.202602081740/tools/bin/../lib/gcc/arm-none-eabi/14.3.1/../../../../arm-none-eabi/lib/thumb/v7e-m+fp/hard/libc_nano.a(libc_a-stdio.o)
                0x080080e8                __sread
 .text.__swrite
                0x0800810a       0x38 /Applications/STM32CubeIDE.app/Contents/Eclipse/plugins/com.st.stm32cube.ide.mcu.externaltools.gnu-tools-for-stm32.14.3.rel1.macosaarch64_1.0.0.202602081740/tools/bin/../lib/gcc/arm-none-eabi/14.3.1/../../../../arm-none-eabi/lib/thumb/v7e-m+fp/hard/libc_nano.a(libc_a-stdio.o)
                0x0800810a                __swrite
 .text.__sseek  0x08008142       0x26 /Applications/STM32CubeIDE.app/Contents/Eclipse/plugins/com.st.stm32cube.ide.mcu.externaltools.gnu-tools-for-stm32.14.3.rel1.macosaarch64_1.0.0.202602081740/tools/bin/../lib/gcc/arm-none-eabi/14.3.1/../../../../arm-none-eabi/lib/thumb/v7e-m+fp/hard/libc_nano.a(libc_a-stdio.o)
                0x08008142                __sseek
 .text.__sclose
                0x08008168        0x8 /Applications/STM32CubeIDE.app/Contents/Eclipse/plugins/com.st.stm32cube.ide.mcu.externaltools.gnu-tools-for-stm32.14.3.rel1.macosaarch64_1.0.0.202602081740/tools/bin/../lib/gcc/arm-none-eabi/14.3.1/../../../../arm-none-eabi/lib/thumb/v7e-m+fp/hard/libc_nano.a(libc_a-stdio.o)
                0x08008168                __sclose
 .text.__swbuf_r
                0x08008170       0x7c /Applications/STM32CubeIDE.app/Contents/Eclipse/plugins/com.st.stm32cube.ide.mcu.externaltools.gnu-tools-for-stm32.14.3.rel1.macosaarch64_1.0.0.202602081740/tools/bin/../lib/gcc/arm-none-eabi/14.3.1/../../../../arm-none-eabi/lib/thumb/v7e-m+fp/hard/libc_nano.a(libc_a-wbuf.o)
                0x08008170                __swbuf_r
 .text.__swsetup_r
                0x080081ec       0xa8 /Applications/STM32CubeIDE.app/Contents/Eclipse/plugins/com.st.stm32cube.ide.mcu.externaltools.gnu-tools-for-stm32.14.3.rel1.macosaarch64_1.0.0.202602081740/tools/bin/../lib/gcc/arm-none-eabi/14.3.1/../../../../arm-none-eabi/lib/thumb/v7e-m+fp/hard/libc_nano.a(libc_a-wsetup.o)
                0x080081ec                __swsetup_r
 .text.__swhatbuf_r
                0x08008294       0x48 /Applications/STM32CubeIDE.app/Contents/Eclipse/plugins/com.st.stm32cube.ide.mcu.externaltools.gnu-tools-for-stm32.14.3.rel1.macosaarch64_1.0.0.202602081740/tools/bin/../lib/gcc/arm-none-eabi/14.3.1/../../../../arm-none-eabi/lib/thumb/v7e-m+fp/hard/libc_nano.a(libc_a-makebuf.o)
                0x08008294                __swhatbuf_r
 .text.__smakebuf_r
                0x080082dc       0x72 /Applications/STM32CubeIDE.app/Contents/Eclipse/plugins/com.st.stm32cube.ide.mcu.externaltools.gnu-tools-for-stm32.14.3.rel1.macosaarch64_1.0.0.202602081740/tools/bin/../lib/gcc/arm-none-eabi/14.3.1/../../../../arm-none-eabi/lib/thumb/v7e-m+fp/hard/libc_nano.a(libc_a-makebuf.o)
                0x080082dc                __smakebuf_r
 *fill*         0x0800834e        0x2 
 .text._isatty_r
                0x08008350       0x20 /Applications/STM32CubeIDE.app/Contents/Eclipse/plugins/com.st.stm32cube.ide.mcu.externaltools.gnu-tools-for-stm32.14.3.rel1.macosaarch64_1.0.0.202602081740/tools/bin/../lib/gcc/arm-none-eabi/14.3.1/../../../../arm-none-eabi/lib/thumb/v7e-m+fp/hard/libc_nano.a(libc_a-isattyr.o)
                0x08008350                _isatty_r
 .text._lseek_r
                0x08008370       0x24 /Applications/STM32CubeIDE.app/Contents/Eclipse/plugins/com.st.stm32cube.ide.mcu.externaltools.gnu-tools-for-stm32.14.3.rel1.macosaarch64_1.0.0.202602081740/tools/bin/../lib/gcc/arm-none-eabi/14.3.1/../../../../arm-none-eabi/lib/thumb/v7e-m+fp/hard/libc_nano.a(libc_a-lseekr.o)
                0x08008370                _lseek_r
 .text._read_r  0x08008394       0x24 /Applications/STM32CubeIDE.app/Contents/Eclipse/plugins/com.st.stm32cube.ide.mcu.externaltools.gnu-tools-for-stm32.14.3.rel1.macosaarch64_1.0.0.202602081740/tools/bin/../lib/gcc/arm-none-eabi/14.3.1/../../../../arm-none-eabi/lib/thumb/v7e-m+fp/hard/libc_nano.a(libc_a-readr.o)
                0x08008394                _read_r
 .text._sbrk_r  0x080083b8       0x20 /Applications/STM32CubeIDE.app/Contents/Eclipse/plugins/com.st.stm32cube.ide.mcu.externaltools.gnu-tools-for-stm32.14.3.rel1.macosaarch64_1.0.0.202602081740/tools/bin/../lib/gcc/arm-none-eabi/14.3.1/../../../../arm-none-eabi/lib/thumb/v7e-m+fp/hard/libc_nano.a(libc_a-sbrkr.o)
                0x080083b8                _sbrk_r
 .text._write_r
                0x080083d8       0x24 /Applications/STM32CubeIDE.app/Contents/Eclipse/plugins/com.st.stm32cube.ide.mcu.externaltools.gnu-tools-for-stm32.14.3.rel1.macosaarch64_1.0.0.202602081740/tools/bin/../lib/gcc/arm-none-eabi/14.3.1/../../../../arm-none-eabi/lib/thumb/v7e-m+fp/hard/libc_nano.a(libc_a-writer.o)
                0x080083d8                _write_r
 .text._close_r
                0x080083fc       0x20 /Applications/STM32CubeIDE.app/Contents/Eclipse/plugins/com.st.stm32cube.ide.mcu.externaltools.gnu-tools-for-stm32.14.3.rel1.macosaarch64_1.0.0.202602081740/tools/bin/../lib/gcc/arm-none-eabi/14.3.1/../../../../arm-none-eabi/lib/thumb/v7e-m+fp/hard/libc_nano.a(libc_a-closer.o)
                0x080083fc                _close_r
 .text._fstat_r
                0x0800841c       0x24 /Applications/STM32CubeIDE.app/Contents/Eclipse/plugins/com.st.stm32cube.ide.mcu.externaltools.gnu-tools-for-stm32.14.3.rel1.macosaarch64_1.0.0.202602081740/tools/bin/../lib/gcc/arm-none-eabi/14.3.1/../../../../arm-none-eabi/lib/thumb/v7e-m+fp/hard/libc_nano.a(libc_a-fstatr.o)
                0x0800841c                _fstat_r
 .text._free_r  0x08008440       0x94 /Applications/STM32CubeIDE.app/Contents/Eclipse/plugins/com.st.stm32cube.ide.mcu.externaltools.gnu-tools-for-stm32.14.3.rel1.macosaarch64_1.0.0.202602081740/tools/bin/../lib/gcc/arm-none-eabi/14.3.1/../../../../arm-none-eabi/lib/thumb/v7e-m+fp/hard/libc_nano.a(libc_a-freer.o)
                0x08008440                _free_r
 *(.glue_7)
 .glue_7        0x080084d4        0x0 linker stubs
 *(.glue_7t)
 .glue_7t       0x080084d4        0x0 linker stubs
 *(.eh_frame)
 .eh_frame      0x080084d4        0x0 /Applications/STM32CubeIDE.app/Contents/Eclipse/plugins/com.st.stm32cube.ide.mcu.externaltools.gnu-tools-for-stm32.14.3.rel1.macosaarch64_1.0.0.202602081740/tools/bin/../lib/gcc/arm-none-eabi/14.3.1/thumb/v7e-m+fp/hard/crtbegin.o
 *(.init)
 .init          0x080084d4        0x4 /Applications/STM32CubeIDE.app/Contents/Eclipse/plugins/com.st.stm32cube.ide.mcu.externaltools.gnu-tools-for-stm32.14.3.rel1.macosaarch64_1.0.0.202602081740/tools/bin/../lib/gcc/arm-none-eabi/14.3.1/thumb/v7e-m+fp/hard/crti.o
                0x080084d4                _init
 .init          0x080084d8        0x8 /Applications/STM32CubeIDE.app/Contents/Eclipse/plugins/com.st.stm32cube.ide.mcu.externaltools.gnu-tools-for-stm32.14.3.rel1.macosaarch64_1.0.0.202602081740/tools/bin/../lib/gcc/arm-none-eabi/14.3.1/thumb/v7e-m+fp/hard/crtn.o
 *(.fini)
 .fini          0x080084e0        0x4 /Applications/STM32CubeIDE.app/Contents/Eclipse/plugins/com.st.stm32cube.ide.mcu.externaltools.gnu-tools-for-stm32.14.3.rel1.macosaarch64_1.0.0.202602081740/tools/bin/../lib/gcc/arm-none-eabi/14.3.1/thumb/v7e-m+fp/hard/crti.o
                0x080084e0                _fini
 .fini          0x080084e4        0x8 /Applications/STM32CubeIDE.app/Contents/Eclipse/plugins/com.st.stm32cube.ide.mcu.externaltools.gnu-tools-for-stm32.14.3.rel1.macosaarch64_1.0.0.202602081740/tools/bin/../lib/gcc/arm-none-eabi/14.3.1/thumb/v7e-m+fp/hard/crtn.o
                0x080084ec                        . = ALIGN (0x4)
                0x080084ec                        _etext = .

.vfp11_veneer   0x080084ec        0x0
 .vfp11_veneer  0x080084ec        0x0 linker stubs

.v4_bx          0x080084ec        0x0
 .v4_bx         0x080084ec        0x0 linker stubs

.iplt           0x080084ec        0x0
 .iplt          0x080084ec        0x0 /Applications/STM32CubeIDE.app/Contents/Eclipse/plugins/com.st.stm32cube.ide.mcu.externaltools.gnu-tools-for-stm32.14.3.rel1.macosaarch64_1.0.0.202602081740/tools/bin/../lib/gcc/arm-none-eabi/14.3.1/thumb/v7e-m+fp/hard/crtbegin.o

.rodata         0x080084ec      0x7e4
                0x080084ec                        . = ALIGN (0x4)
 *(.rodata)
 .rodata        0x080084ec       0x4e ./Core/Src/main.o
 *(.rodata*)
 *fill*         0x0800853a        0x2 
 .rodata.INIT_CMD
                0x0800853c       0xe0 ./Core/Src/gc9a01a.o
 .rodata.AHBPrescTable
                0x0800861c       0x10 ./Core/Src/system_stm32l4xx.o
                0x0800861c                AHBPrescTable
 .rodata.APBPrescTable
                0x0800862c        0x8 ./Core/Src/system_stm32l4xx.o
                0x0800862c                APBPrescTable
 .rodata.MSIRangeTable
                0x08008634       0x30 ./Core/Src/system_stm32l4xx.o
                0x08008634                MSIRangeTable
 .rodata.u8g2_font_logisoso92_tn
                0x08008664      0x656 ./Core/Src/u8g2_fonts.o
                0x08008664                u8g2_font_logisoso92_tn
 *fill*         0x08008cba        0x2 
 .rodata.SD_Driver
                0x08008cbc       0x14 ./FATFS/Target/sd_diskio.o
                0x08008cbc                SD_Driver
                0x08008cd0                        . = ALIGN (0x4)

.ARM.extab      0x08008cd0        0x0
                0x08008cd0                        . = ALIGN (0x4)
 *(.ARM.extab* .gnu.linkonce.armextab.*)
                0x08008cd0                        . = ALIGN (0x4)

.ARM            0x08008cd0        0x0
                0x08008cd0                        . = ALIGN (0x4)
                0x08008cd0                        __exidx_start = .
 *(.ARM.exidx*)
                0x08008cd0                        __exidx_end = .
                0x08008cd0                        . = ALIGN (0x4)

.preinit_array  0x08008cd0        0x0
                0x08008cd0                        . = ALIGN (0x4)
                0x08008cd0                        PROVIDE (__preinit_array_start = .)
 *(.preinit_array*)
                0x08008cd0                        PROVIDE (__preinit_array_end = .)
                0x08008cd0                        . = ALIGN (0x4)

.init_array     0x08008cd0        0x4
                0x08008cd0                        . = ALIGN (0x4)
                0x08008cd0                        PROVIDE (__init_array_start = .)
 *(SORT_BY_NAME(.init_array.*))
 *(.init_array*)
 .init_array    0x08008cd0        0x4 /Applications/STM32CubeIDE.app/Contents/Eclipse/plugins/com.st.stm32cube.ide.mcu.externaltools.gnu-tools-for-stm32.14.3.rel1.macosaarch64_1.0.0.202602081740/tools/bin/../lib/gcc/arm-none-eabi/14.3.1/thumb/v7e-m+fp/hard/crtbegin.o
                0x08008cd4                        PROVIDE (__init_array_end = .)
                0x08008cd4                        . = ALIGN (0x4)

.fini_array     0x08008cd4        0x4
                0x08008cd4                        . = ALIGN (0x4)
                [!provide]                        PROVIDE (__fini_array_start = .)
 *(SORT_BY_NAME(.fini_array.*))
 *(.fini_array*)
 .fini_array    0x08008cd4        0x4 /Applications/STM32CubeIDE.app/Contents/Eclipse/plugins/com.st.stm32cube.ide.mcu.externaltools.gnu-tools-for-stm32.14.3.rel1.macosaarch64_1.0.0.202602081740/tools/bin/../lib/gcc/arm-none-eabi/14.3.1/thumb/v7e-m+fp/hard/crtbegin.o
                [!provide]                        PROVIDE (__fini_array_end = .)
                0x08008cd8                        . = ALIGN (0x4)
                0x08008cd8                        _sidata = LOADADDR (.data)

.rel.dyn        0x08008cd8        0x0
 .rel.iplt      0x08008cd8        0x0 /Applications/STM32CubeIDE.app/Contents/Eclipse/plugins/com.st.stm32cube.ide.mcu.externaltools.gnu-tools-for-stm32.14.3.rel1.macosaarch64_1.0.0.202602081740/tools/bin/../lib/gcc/arm-none-eabi/14.3.1/thumb/v7e-m+fp/hard/crtbegin.o

.data           0x20000000       0x68 load address 0x08008cd8
                0x20000000                        . = ALIGN (0x4)
                0x20000000                        _sdata = .
 *(.data)
 *(.data*)
 .data.SystemCoreClock
                0x20000000        0x4 ./Core/Src/system_stm32l4xx.o
                0x20000000                SystemCoreClock
 .data.uwTickPrio
                0x20000004        0x4 ./Drivers/STM32L4xx_HAL_Driver/Src/stm32l4xx_hal.o
                0x20000004                uwTickPrio
 .data.uwTickFreq
                0x20000008        0x1 ./Drivers/STM32L4xx_HAL_Driver/Src/stm32l4xx_hal.o
                0x20000008                uwTickFreq
 .data.Stat     0x20000009        0x1 ./FATFS/Target/sd_diskio.o
 *fill*         0x2000000a        0x2 
 .data.__sglue  0x2000000c        0xc /Applications/STM32CubeIDE.app/Contents/Eclipse/plugins/com.st.stm32cube.ide.mcu.externaltools.gnu-tools-for-stm32.14.3.rel1.macosaarch64_1.0.0.202602081740/tools/bin/../lib/gcc/arm-none-eabi/14.3.1/../../../../arm-none-eabi/lib/thumb/v7e-m+fp/hard/libc_nano.a(libc_a-findfp.o)
                0x2000000c                __sglue
 .data._impure_ptr
                0x20000018        0x4 /Applications/STM32CubeIDE.app/Contents/Eclipse/plugins/com.st.stm32cube.ide.mcu.externaltools.gnu-tools-for-stm32.14.3.rel1.macosaarch64_1.0.0.202602081740/tools/bin/../lib/gcc/arm-none-eabi/14.3.1/../../../../arm-none-eabi/lib/thumb/v7e-m+fp/hard/libc_nano.a(libc_a-impure.o)
                0x20000018                _impure_ptr
 .data._impure_data
                0x2000001c       0x4c /Applications/STM32CubeIDE.app/Contents/Eclipse/plugins/com.st.stm32cube.ide.mcu.externaltools.gnu-tools-for-stm32.14.3.rel1.macosaarch64_1.0.0.202602081740/tools/bin/../lib/gcc/arm-none-eabi/14.3.1/../../../../arm-none-eabi/lib/thumb/v7e-m+fp/hard/libc_nano.a(libc_a-impure.o)
                0x2000001c                _impure_data
 *(.RamFunc)
 *(.RamFunc*)
                0x20000068                        . = ALIGN (0x4)
                0x20000068                        _edata = .

.igot.plt       0x20000068        0x0 load address 0x08008d40
 .igot.plt      0x20000068        0x0 /Applications/STM32CubeIDE.app/Contents/Eclipse/plugins/com.st.stm32cube.ide.mcu.externaltools.gnu-tools-for-stm32.14.3.rel1.macosaarch64_1.0.0.202602081740/tools/bin/../lib/gcc/arm-none-eabi/14.3.1/thumb/v7e-m+fp/hard/crtbegin.o
                0x20000068                        . = ALIGN (0x4)

.bss            0x20000068      0x2cc load address 0x08008d40
                0x20000068                        _sbss = .
                0x20000068                        __bss_start__ = _sbss
 *(.bss)
 .bss           0x20000068       0x1c /Applications/STM32CubeIDE.app/Contents/Eclipse/plugins/com.st.stm32cube.ide.mcu.externaltools.gnu-tools-for-stm32.14.3.rel1.macosaarch64_1.0.0.202602081740/tools/bin/../lib/gcc/arm-none-eabi/14.3.1/thumb/v7e-m+fp/hard/crtbegin.o
 *(.bss*)
 .bss.hdac1     0x20000084       0x14 ./Core/Src/main.o
                0x20000084                hdac1
 .bss.hsd1      0x20000098       0x84 ./Core/Src/main.o
                0x20000098                hsd1
 .bss.hspi1     0x2000011c       0x64 ./Core/Src/main.o
                0x2000011c                hspi1
 .bss.htim16    0x20000180       0x4c ./Core/Src/main.o
                0x20000180                htim16
 .bss.__sbrk_heap_end
                0x200001cc        0x4 ./Core/Src/sysmem.o
 .bss.uwTick    0x200001d0        0x4 ./Drivers/STM32L4xx_HAL_Driver/Src/stm32l4xx_hal.o
                0x200001d0                uwTick
 .bss.retSD     0x200001d4        0x1 ./FATFS/App/fatfs.o
                0x200001d4                retSD
 *fill*         0x200001d5        0x3 
 .bss.SDPath    0x200001d8        0x4 ./FATFS/App/fatfs.o
                0x200001d8                SDPath
 .bss.disk      0x200001dc        0xc ./Middlewares/Third_Party/FatFs/src/ff_gen_drv.o
                0x200001dc                disk
 .bss.__sf      0x200001e8      0x138 /Applications/STM32CubeIDE.app/Contents/Eclipse/plugins/com.st.stm32cube.ide.mcu.externaltools.gnu-tools-for-stm32.14.3.rel1.macosaarch64_1.0.0.202602081740/tools/bin/../lib/gcc/arm-none-eabi/14.3.1/../../../../arm-none-eabi/lib/thumb/v7e-m+fp/hard/libc_nano.a(libc_a-findfp.o)
                0x200001e8                __sf
 .bss.__stdio_exit_handler
                0x20000320        0x4 /Applications/STM32CubeIDE.app/Contents/Eclipse/plugins/com.st.stm32cube.ide.mcu.externaltools.gnu-tools-for-stm32.14.3.rel1.macosaarch64_1.0.0.202602081740/tools/bin/../lib/gcc/arm-none-eabi/14.3.1/../../../../arm-none-eabi/lib/thumb/v7e-m+fp/hard/libc_nano.a(libc_a-findfp.o)
                0x20000320                __stdio_exit_handler
 .bss.__lock___malloc_recursive_mutex
                0x20000324        0x1 /Applications/STM32CubeIDE.app/Contents/Eclipse/plugins/com.st.stm32cube.ide.mcu.externaltools.gnu-tools-for-stm32.14.3.rel1.macosaarch64_1.0.0.202602081740/tools/bin/../lib/gcc/arm-none-eabi/14.3.1/../../../../arm-none-eabi/lib/thumb/v7e-m+fp/hard/libc_nano.a(libc_a-lock.o)
                0x20000324                __lock___malloc_recursive_mutex
 .bss.__lock___sfp_recursive_mutex
                0x20000325        0x1 /Applications/STM32CubeIDE.app/Contents/Eclipse/plugins/com.st.stm32cube.ide.mcu.externaltools.gnu-tools-for-stm32.14.3.rel1.macosaarch64_1.0.0.202602081740/tools/bin/../lib/gcc/arm-none-eabi/14.3.1/../../../../arm-none-eabi/lib/thumb/v7e-m+fp/hard/libc_nano.a(libc_a-lock.o)
                0x20000325                __lock___sfp_recursive_mutex
 *fill*         0x20000326        0x2 
 .bss.__malloc_sbrk_start
                0x20000328        0x4 /Applications/STM32CubeIDE.app/Contents/Eclipse/plugins/com.st.stm32cube.ide.mcu.externaltools.gnu-tools-for-stm32.14.3.rel1.macosaarch64_1.0.0.202602081740/tools/bin/../lib/gcc/arm-none-eabi/14.3.1/../../../../arm-none-eabi/lib/thumb/v7e-m+fp/hard/libc_nano.a(libc_a-mallocr.o)
                0x20000328                __malloc_sbrk_start
 .bss.__malloc_free_list
                0x2000032c        0x4 /Applications/STM32CubeIDE.app/Contents/Eclipse/plugins/com.st.stm32cube.ide.mcu.externaltools.gnu-tools-for-stm32.14.3.rel1.macosaarch64_1.0.0.202602081740/tools/bin/../lib/gcc/arm-none-eabi/14.3.1/../../../../arm-none-eabi/lib/thumb/v7e-m+fp/hard/libc_nano.a(libc_a-mallocr.o)
                0x2000032c                __malloc_free_list
 .bss.errno     0x20000330        0x4 /Applications/STM32CubeIDE.app/Contents/Eclipse/plugins/com.st.stm32cube.ide.mcu.externaltools.gnu-tools-for-stm32.14.3.rel1.macosaarch64_1.0.0.202602081740/tools/bin/../lib/gcc/arm-none-eabi/14.3.1/../../../../arm-none-eabi/lib/thumb/v7e-m+fp/hard/libc_nano.a(libc_a-reent.o)
                0x20000330                errno
 *(COMMON)
                0x20000334                        . = ALIGN (0x4)
                0x20000334                        _ebss = .
                0x20000334                        __bss_end__ = _ebss

._user_heap_stack
                0x20000334      0x604 load address 0x08008d40
                0x20000338                        . = ALIGN (0x8)
 *fill*         0x20000334        0x4 
                [!provide]                        PROVIDE (end = .)
                0x20000338                        PROVIDE (_end = .)
                0x20000538                        . = (. + _Min_Heap_Size)
 *fill*         0x20000338      0x200 
                0x20000938                        . = (. + _Min_Stack_Size)
 *fill*         0x20000538      0x400 
                0x20000938                        . = ALIGN (0x8)

/DISCARD/
 libc.a(*)
 libm.a(*)
 libgcc.a(*)

.ARM.attributes
                0x00000000       0x30
 *(.ARM.attributes)
 .ARM.attributes
                0x00000000       0x22 /Applications/STM32CubeIDE.app/Contents/Eclipse/plugins/com.st.stm32cube.ide.mcu.externaltools.gnu-tools-for-stm32.14.3.rel1.macosaarch64_1.0.0.202602081740/tools/bin/../lib/gcc/arm-none-eabi/14.3.1/thumb/v7e-m+fp/hard/crti.o
 .ARM.attributes
                0x00000022       0x34 /Applications/STM32CubeIDE.app/Contents/Eclipse/plugins/com.st.stm32cube.ide.mcu.externaltools.gnu-tools-for-stm32.14.3.rel1.macosaarch64_1.0.0.202602081740/tools/bin/../lib/gcc/arm-none-eabi/14.3.1/thumb/v7e-m+fp/hard/crtbegin.o
 .ARM.attributes
                0x00000056       0x34 ./Core/Src/U8g2_for_Adafruit_GFX.o
 .ARM.attributes
                0x0000008a       0x34 ./Core/Src/gc9a01a.o
 .ARM.attributes
                0x000000be       0x34 ./Core/Src/main.o
 .ARM.attributes
                0x000000f2       0x34 ./Core/Src/stm32l4xx_hal_msp.o
 .ARM.attributes
                0x00000126       0x34 ./Core/Src/stm32l4xx_it.o
 .ARM.attributes
                0x0000015a       0x34 ./Core/Src/syscalls.o
 .ARM.attributes
                0x0000018e       0x34 ./Core/Src/sysmem.o
 .ARM.attributes
                0x000001c2       0x34 ./Core/Src/system_stm32l4xx.o
 .ARM.attributes
                0x000001f6       0x34 ./Core/Src/u8g2_fonts.o
 .ARM.attributes
                0x0000022a       0x21 ./Core/Startup/startup_stm32l431rctx.o
 .ARM.attributes
                0x0000024b       0x34 ./Drivers/STM32L4xx_HAL_Driver/Src/stm32l4xx_hal.o
 .ARM.attributes
                0x0000027f       0x34 ./Drivers/STM32L4xx_HAL_Driver/Src/stm32l4xx_hal_cortex.o
 .ARM.attributes
                0x000002b3       0x34 ./Drivers/STM32L4xx_HAL_Driver/Src/stm32l4xx_hal_dac.o
 .ARM.attributes
                0x000002e7       0x34 ./Drivers/STM32L4xx_HAL_Driver/Src/stm32l4xx_hal_gpio.o
 .ARM.attributes
                0x0000031b       0x34 ./Drivers/STM32L4xx_HAL_Driver/Src/stm32l4xx_hal_pwr_ex.o
 .ARM.attributes
                0x0000034f       0x34 ./Drivers/STM32L4xx_HAL_Driver/Src/stm32l4xx_hal_rcc.o
 .ARM.attributes
                0x00000383       0x34 ./Drivers/STM32L4xx_HAL_Driver/Src/stm32l4xx_hal_rcc_ex.o
 .ARM.attributes
                0x000003b7       0x34 ./Drivers/STM32L4xx_HAL_Driver/Src/stm32l4xx_hal_sd.o
 .ARM.attributes
                0x000003eb       0x34 ./Drivers/STM32L4xx_HAL_Driver/Src/stm32l4xx_hal_spi.o
 .ARM.attributes
                0x0000041f       0x34 ./Drivers/STM32L4xx_HAL_Driver/Src/stm32l4xx_hal_tim.o
 .ARM.attributes
                0x00000453       0x34 ./Drivers/STM32L4xx_HAL_Driver/Src/stm32l4xx_hal_tim_ex.o
 .ARM.attributes
                0x00000487       0x34 ./Drivers/STM32L4xx_HAL_Driver/Src/stm32l4xx_ll_sdmmc.o
 .ARM.attributes
                0x000004bb       0x34 ./FATFS/App/fatfs.o
 .ARM.attributes
                0x000004ef       0x34 ./FATFS/Target/bsp_driver_sd.o
 .ARM.attributes
                0x00000523       0x34 ./FATFS/Target/sd_diskio.o
 .ARM.attributes
                0x00000557       0x34 ./Middlewares/Third_Party/FatFs/src/ff_gen_drv.o
 .ARM.attributes
                0x0000058b       0x34 /Applications/STM32CubeIDE.app/Contents/Eclipse/plugins/com.st.stm32cube.ide.mcu.externaltools.gnu-tools-for-stm32.14.3.rel1.macosaarch64_1.0.0.202602081740/tools/bin/../lib/gcc/arm-none-eabi/14.3.1/../../../../arm-none-eabi/lib/thumb/v7e-m+fp/hard/libc_nano.a(libc_a-findfp.o)
 .ARM.attributes
                0x000005bf       0x34 /Applications/STM32CubeIDE.app/Contents/Eclipse/plugins/com.st.stm32cube.ide.mcu.externaltools.gnu-tools-for-stm32.14.3.rel1.macosaarch64_1.0.0.202602081740/tools/bin/../lib/gcc/arm-none-eabi/14.3.1/../../../../arm-none-eabi/lib/thumb/v7e-m+fp/hard/libc_nano.a(libc_a-fwalk.o)
 .ARM.attributes
                0x000005f3       0x34 /Applications/STM32CubeIDE.app/Contents/Eclipse/plugins/com.st.stm32cube.ide.mcu.externaltools.gnu-tools-for-stm32.14.3.rel1.macosaarch64_1.0.0.202602081740/tools/bin/../lib/gcc/arm-none-eabi/14.3.1/../../../../arm-none-eabi/lib/thumb/v7e-m+fp/hard/libc_nano.a(libc_a-puts.o)
 .ARM.attributes
                0x00000627       0x34 /Applications/STM32CubeIDE.app/Contents/Eclipse/plugins/com.st.stm32cube.ide.mcu.externaltools.gnu-tools-for-stm32.14.3.rel1.macosaarch64_1.0.0.202602081740/tools/bin/../lib/gcc/arm-none-eabi/14.3.1/../../../../arm-none-eabi/lib/thumb/v7e-m+fp/hard/libc_nano.a(libc_a-memset.o)
 .ARM.attributes
                0x0000065b       0x34 /Applications/STM32CubeIDE.app/Contents/Eclipse/plugins/com.st.stm32cube.ide.mcu.externaltools.gnu-tools-for-stm32.14.3.rel1.macosaarch64_1.0.0.202602081740/tools/bin/../lib/gcc/arm-none-eabi/14.3.1/../../../../arm-none-eabi/lib/thumb/v7e-m+fp/hard/libc_nano.a(libc_a-errno.o)
 .ARM.attributes
                0x0000068f       0x34 /Applications/STM32CubeIDE.app/Contents/Eclipse/plugins/com.st.stm32cube.ide.mcu.externaltools.gnu-tools-for-stm32.14.3.rel1.macosaarch64_1.0.0.202602081740/tools/bin/../lib/gcc/arm-none-eabi/14.3.1/../../../../arm-none-eabi/lib/thumb/v7e-m+fp/hard/libc_nano.a(libc_a-init.o)
 .ARM.attributes
                0x000006c3       0x34 /Applications/STM32CubeIDE.app/Contents/Eclipse/plugins/com.st.stm32cube.ide.mcu.externaltools.gnu-tools-for-stm32.14.3.rel1.macosaarch64_1.0.0.202602081740/tools/bin/../lib/gcc/arm-none-eabi/14.3.1/../../../../arm-none-eabi/lib/thumb/v7e-m+fp/hard/libc_nano.a(libc_a-lock.o)
 .ARM.attributes
                0x000006f7       0x34 /Applications/STM32CubeIDE.app/Contents/Eclipse/plugins/com.st.stm32cube.ide.mcu.externaltools.gnu-tools-for-stm32.14.3.rel1.macosaarch64_1.0.0.202602081740/tools/bin/../lib/gcc/arm-none-eabi/14.3.1/../../../../arm-none-eabi/lib/thumb/v7e-m+fp/hard/libc_nano.a(libc_a-impure.o)
 .ARM.attributes
                0x0000072b       0x34 /Applications/STM32CubeIDE.app/Contents/Eclipse/plugins/com.st.stm32cube.ide.mcu.externaltools.gnu-tools-for-stm32.14.3.rel1.macosaarch64_1.0.0.202602081740/tools/bin/../lib/gcc/arm-none-eabi/14.3.1/../../../../arm-none-eabi/lib/thumb/v7e-m+fp/hard/libc_nano.a(libc_a-mallocr.o)
 .ARM.attributes
                0x0000075f       0x34 /Applications/STM32CubeIDE.app/Contents/Eclipse/plugins/com.st.stm32cube.ide.mcu.externaltools.gnu-tools-for-stm32.14.3.rel1.macosaarch64_1.0.0.202602081740/tools/bin/../lib/gcc/arm-none-eabi/14.3.1/../../../../arm-none-eabi/lib/thumb/v7e-m+fp/hard/libc_nano.a(libc_a-fflush.o)
 .ARM.attributes
                0x00000793       0x34 /Applications/STM32CubeIDE.app/Contents/Eclipse/plugins/com.st.stm32cube.ide.mcu.externaltools.gnu-tools-for-stm32.14.3.rel1.macosaarch64_1.0.0.202602081740/tools/bin/../lib/gcc/arm-none-eabi/14.3.1/../../../../arm-none-eabi/lib/thumb/v7e-m+fp/hard/libc_nano.a(libc_a-mlock.o)
 .ARM.attributes
                0x000007c7       0x34 /Applications/STM32CubeIDE.app/Contents/Eclipse/plugins/com.st.stm32cube.ide.mcu.externaltools.gnu-tools-for-stm32.14.3.rel1.macosaarch64_1.0.0.202602081740/tools/bin/../lib/gcc/arm-none-eabi/14.3.1/../../../../arm-none-eabi/lib/thumb/v7e-m+fp/hard/libc_nano.a(libc_a-stdio.o)
 .ARM.attributes
                0x000007fb       0x34 /Applications/STM32CubeIDE.app/Contents/Eclipse/plugins/com.st.stm32cube.ide.mcu.externaltools.gnu-tools-for-stm32.14.3.rel1.macosaarch64_1.0.0.202602081740/tools/bin/../lib/gcc/arm-none-eabi/14.3.1/../../../../arm-none-eabi/lib/thumb/v7e-m+fp/hard/libc_nano.a(libc_a-wbuf.o)
 .ARM.attributes
                0x0000082f       0x34 /Applications/STM32CubeIDE.app/Contents/Eclipse/plugins/com.st.stm32cube.ide.mcu.externaltools.gnu-tools-for-stm32.14.3.rel1.macosaarch64_1.0.0.202602081740/tools/bin/../lib/gcc/arm-none-eabi/14.3.1/../../../../arm-none-eabi/lib/thumb/v7e-m+fp/hard/libc_nano.a(libc_a-wsetup.o)
 .ARM.attributes
                0x00000863       0x34 /Applications/STM32CubeIDE.app/Contents/Eclipse/plugins/com.st.stm32cube.ide.mcu.externaltools.gnu-tools-for-stm32.14.3.rel1.macosaarch64_1.0.0.202602081740/tools/bin/../lib/gcc/arm-none-eabi/14.3.1/../../../../arm-none-eabi/lib/thumb/v7e-m+fp/hard/libc_nano.a(libc_a-makebuf.o)
 .ARM.attributes
                0x00000897       0x34 /Applications/STM32CubeIDE.app/Contents/Eclipse/plugins/com.st.stm32cube.ide.mcu.externaltools.gnu-tools-for-stm32.14.3.rel1.macosaarch64_1.0.0.202602081740/tools/bin/../lib/gcc/arm-none-eabi/14.3.1/../../../../arm-none-eabi/lib/thumb/v7e-m+fp/hard/libc_nano.a(libc_a-isattyr.o)
 .ARM.attributes
                0x000008cb       0x34 /Applications/STM32CubeIDE.app/Contents/Eclipse/plugins/com.st.stm32cube.ide.mcu.externaltools.gnu-tools-for-stm32.14.3.rel1.macosaarch64_1.0.0.202602081740/tools/bin/../lib/gcc/arm-none-eabi/14.3.1/../../../../arm-none-eabi/lib/thumb/v7e-m+fp/hard/libc_nano.a(libc_a-lseekr.o)
 .ARM.attributes
                0x000008ff       0x34 /Applications/STM32CubeIDE.app/Contents/Eclipse/plugins/com.st.stm32cube.ide.mcu.externaltools.gnu-tools-for-stm32.14.3.rel1.macosaarch64_1.0.0.202602081740/tools/bin/../lib/gcc/arm-none-eabi/14.3.1/../../../../arm-none-eabi/lib/thumb/v7e-m+fp/hard/libc_nano.a(libc_a-readr.o)
 .ARM.attributes
                0x00000933       0x34 /Applications/STM32CubeIDE.app/Contents/Eclipse/plugins/com.st.stm32cube.ide.mcu.externaltools.gnu-tools-for-stm32.14.3.rel1.macosaarch64_1.0.0.202602081740/tools/bin/../lib/gcc/arm-none-eabi/14.3.1/../../../../arm-none-eabi/lib/thumb/v7e-m+fp/hard/libc_nano.a(libc_a-sbrkr.o)
 .ARM.attributes
                0x00000967       0x34 /Applications/STM32CubeIDE.app/Contents/Eclipse/plugins/com.st.stm32cube.ide.mcu.externaltools.gnu-tools-for-stm32.14.3.rel1.macosaarch64_1.0.0.202602081740/tools/bin/../lib/gcc/arm-none-eabi/14.3.1/../../../../arm-none-eabi/lib/thumb/v7e-m+fp/hard/libc_nano.a(libc_a-writer.o)
 .ARM.attributes
                0x0000099b       0x34 /Applications/STM32CubeIDE.app/Contents/Eclipse/plugins/com.st.stm32cube.ide.mcu.externaltools.gnu-tools-for-stm32.14.3.rel1.macosaarch64_1.0.0.202602081740/tools/bin/../lib/gcc/arm-none-eabi/14.3.1/../../../../arm-none-eabi/lib/thumb/v7e-m+fp/hard/libc_nano.a(libc_a-closer.o)
 .ARM.attributes
                0x000009cf       0x34 /Applications/STM32CubeIDE.app/Contents/Eclipse/plugins/com.st.stm32cube.ide.mcu.externaltools.gnu-tools-for-stm32.14.3.rel1.macosaarch64_1.0.0.202602081740/tools/bin/../lib/gcc/arm-none-eabi/14.3.1/../../../../arm-none-eabi/lib/thumb/v7e-m+fp/hard/libc_nano.a(libc_a-reent.o)
 .ARM.attributes
                0x00000a03       0x34 /Applications/STM32CubeIDE.app/Contents/Eclipse/plugins/com.st.stm32cube.ide.mcu.externaltools.gnu-tools-for-stm32.14.3.rel1.macosaarch64_1.0.0.202602081740/tools/bin/../lib/gcc/arm-none-eabi/14.3.1/../../../../arm-none-eabi/lib/thumb/v7e-m+fp/hard/libc_nano.a(libc_a-fstatr.o)
 .ARM.attributes
                0x00000a37       0x34 /Applications/STM32CubeIDE.app/Contents/Eclipse/plugins/com.st.stm32cube.ide.mcu.externaltools.gnu-tools-for-stm32.14.3.rel1.macosaarch64_1.0.0.202602081740/tools/bin/../lib/gcc/arm-none-eabi/14.3.1/../../../../arm-none-eabi/lib/thumb/v7e-m+fp/hard/libc_nano.a(libc_a-freer.o)
 .ARM.attributes
                0x00000a6b       0x22 /Applications/STM32CubeIDE.app/Contents/Eclipse/plugins/com.st.stm32cube.ide.mcu.externaltools.gnu-tools-for-stm32.14.3.rel1.macosaarch64_1.0.0.202602081740/tools/bin/../lib/gcc/arm-none-eabi/14.3.1/thumb/v7e-m+fp/hard/crtn.o
OUTPUT(ChemDetectorL431.elf elf32-littlearm)
LOAD linker stubs
LOAD /Applications/STM32CubeIDE.app/Contents/Eclipse/plugins/com.st.stm32cube.ide.mcu.externaltools.gnu-tools-for-stm32.14.3.rel1.macosaarch64_1.0.0.202602081740/tools/bin/../lib/gcc/arm-none-eabi/14.3.1/../../../../arm-none-eabi/lib/thumb/v7e-m+fp/hard/libc.a
LOAD /Applications/STM32CubeIDE.app/Contents/Eclipse/plugins/com.st.stm32cube.ide.mcu.externaltools.gnu-tools-for-stm32.14.3.rel1.macosaarch64_1.0.0.202602081740/tools/bin/../lib/gcc/arm-none-eabi/14.3.1/../../../../arm-none-eabi/lib/thumb/v7e-m+fp/hard/libm.a
LOAD /Applications/STM32CubeIDE.app/Contents/Eclipse/plugins/com.st.stm32cube.ide.mcu.externaltools.gnu-tools-for-stm32.14.3.rel1.macosaarch64_1.0.0.202602081740/tools/bin/../lib/gcc/arm-none-eabi/14.3.1/thumb/v7e-m+fp/hard/libgcc.a

.debug_info     0x00000000    0x23f8e
 .debug_info    0x00000000     0x11f8 ./Core/Src/U8g2_for_Adafruit_GFX.o
 .debug_info    0x000011f8      0xdc3 ./Core/Src/gc9a01a.o
 .debug_info    0x00001fbb     0x206b ./Core/Src/main.o
 .debug_info    0x00004026     0x1663 ./Core/Src/stm32l4xx_hal_msp.o
 .debug_info    0x00005689      0x157 ./Core/Src/stm32l4xx_it.o
 .debug_info    0x000057e0      0x6a3 ./Core/Src/syscalls.o
 .debug_info    0x00005e83      0x168 ./Core/Src/sysmem.o
 .debug_info    0x00005feb      0x5f0 ./Core/Src/system_stm32l4xx.o
 .debug_info    0x000065db     0xedfa ./Core/Src/u8g2_fonts.o
 .debug_info    0x000153d5       0x30 ./Core/Startup/startup_stm32l431rctx.o
 .debug_info    0x00015405      0xad5 ./Drivers/STM32L4xx_HAL_Driver/Src/stm32l4xx_hal.o
 .debug_info    0x00015eda      0xd47 ./Drivers/STM32L4xx_HAL_Driver/Src/stm32l4xx_hal_cortex.o
 .debug_info    0x00016c21      0xab3 ./Drivers/STM32L4xx_HAL_Driver/Src/stm32l4xx_hal_dac.o
 .debug_info    0x000176d4      0x79f ./Drivers/STM32L4xx_HAL_Driver/Src/stm32l4xx_hal_gpio.o
 .debug_info    0x00017e73      0x8f2 ./Drivers/STM32L4xx_HAL_Driver/Src/stm32l4xx_hal_pwr_ex.o
 .debug_info    0x00018765      0xbf4 ./Drivers/STM32L4xx_HAL_Driver/Src/stm32l4xx_hal_rcc.o
 .debug_info    0x00019359      0xf46 ./Drivers/STM32L4xx_HAL_Driver/Src/stm32l4xx_hal_rcc_ex.o
 .debug_info    0x0001a29f     0x1c19 ./Drivers/STM32L4xx_HAL_Driver/Src/stm32l4xx_hal_sd.o
 .debug_info    0x0001beb8     0x1572 ./Drivers/STM32L4xx_HAL_Driver/Src/stm32l4xx_hal_spi.o
 .debug_info    0x0001d42a     0x2ade ./Drivers/STM32L4xx_HAL_Driver/Src/stm32l4xx_hal_tim.o
 .debug_info    0x0001ff08     0x16e0 ./Drivers/STM32L4xx_HAL_Driver/Src/stm32l4xx_hal_tim_ex.o
 .debug_info    0x000215e8     0x117c ./Drivers/STM32L4xx_HAL_Driver/Src/stm32l4xx_ll_sdmmc.o
 .debug_info    0x00022764      0x505 ./FATFS/App/fatfs.o
 .debug_info    0x00022c69      0xa8e ./FATFS/Target/bsp_driver_sd.o
 .debug_info    0x000236f7      0x4e6 ./FATFS/Target/sd_diskio.o
 .debug_info    0x00023bdd      0x3b1 ./Middlewares/Third_Party/FatFs/src/ff_gen_drv.o

.debug_abbrev   0x00000000     0x341f
 .debug_abbrev  0x00000000      0x2f4 ./Core/Src/U8g2_for_Adafruit_GFX.o
 .debug_abbrev  0x000002f4      0x204 ./Core/Src/gc9a01a.o
 .debug_abbrev  0x000004f8      0x3b6 ./Core/Src/main.o
 .debug_abbrev  0x000008ae      0x257 ./Core/Src/stm32l4xx_hal_msp.o
 .debug_abbrev  0x00000b05       0xac ./Core/Src/stm32l4xx_it.o
 .debug_abbrev  0x00000bb1      0x1b6 ./Core/Src/syscalls.o
 .debug_abbrev  0x00000d67       0xbc ./Core/Src/sysmem.o
 .debug_abbrev  0x00000e23      0x117 ./Core/Src/system_stm32l4xx.o
 .debug_abbrev  0x00000f3a       0xa1 ./Core/Src/u8g2_fonts.o
 .debug_abbrev  0x00000fdb       0x24 ./Core/Startup/startup_stm32l431rctx.o
 .debug_abbrev  0x00000fff      0x243 ./Drivers/STM32L4xx_HAL_Driver/Src/stm32l4xx_hal.o
 .debug_abbrev  0x00001242      0x31c ./Drivers/STM32L4xx_HAL_Driver/Src/stm32l4xx_hal_cortex.o
 .debug_abbrev  0x0000155e      0x245 ./Drivers/STM32L4xx_HAL_Driver/Src/stm32l4xx_hal_dac.o
 .debug_abbrev  0x000017a3      0x1d1 ./Drivers/STM32L4xx_HAL_Driver/Src/stm32l4xx_hal_gpio.o
 .debug_abbrev  0x00001974      0x1f9 ./Drivers/STM32L4xx_HAL_Driver/Src/stm32l4xx_hal_pwr_ex.o
 .debug_abbrev  0x00001b6d      0x2dc ./Drivers/STM32L4xx_HAL_Driver/Src/stm32l4xx_hal_rcc.o
 .debug_abbrev  0x00001e49      0x2a0 ./Drivers/STM32L4xx_HAL_Driver/Src/stm32l4xx_hal_rcc_ex.o
 .debug_abbrev  0x000020e9      0x2a8 ./Drivers/STM32L4xx_HAL_Driver/Src/stm32l4xx_hal_sd.o
 .debug_abbrev  0x00002391      0x282 ./Drivers/STM32L4xx_HAL_Driver/Src/stm32l4xx_hal_spi.o
 .debug_abbrev  0x00002613      0x289 ./Drivers/STM32L4xx_HAL_Driver/Src/stm32l4xx_hal_tim.o
 .debug_abbrev  0x0000289c      0x284 ./Drivers/STM32L4xx_HAL_Driver/Src/stm32l4xx_hal_tim_ex.o
 .debug_abbrev  0x00002b20      0x1f3 ./Drivers/STM32L4xx_HAL_Driver/Src/stm32l4xx_ll_sdmmc.o
 .debug_abbrev  0x00002d13      0x171 ./FATFS/App/fatfs.o
 .debug_abbrev  0x00002e84      0x25d ./FATFS/Target/bsp_driver_sd.o
 .debug_abbrev  0x000030e1      0x1a2 ./FATFS/Target/sd_diskio.o
 .debug_abbrev  0x00003283      0x19c ./Middlewares/Third_Party/FatFs/src/ff_gen_drv.o

.debug_aranges  0x00000000     0x1550
 .debug_aranges
                0x00000000       0xf8 ./Core/Src/U8g2_for_Adafruit_GFX.o
 .debug_aranges
                0x000000f8       0x90 ./Core/Src/gc9a01a.o
 .debug_aranges
                0x00000188       0x68 ./Core/Src/main.o
 .debug_aranges
                0x000001f0       0x68 ./Core/Src/stm32l4xx_hal_msp.o
 .debug_aranges
                0x00000258       0x60 ./Core/Src/stm32l4xx_it.o
 .debug_aranges
                0x000002b8       0xa8 ./Core/Src/syscalls.o
 .debug_aranges
                0x00000360       0x20 ./Core/Src/sysmem.o
 .debug_aranges
                0x00000380       0x28 ./Core/Src/system_stm32l4xx.o
 .debug_aranges
                0x000003a8       0x18 ./Core/Src/u8g2_fonts.o
 .debug_aranges
                0x000003c0       0x28 ./Core/Startup/startup_stm32l431rctx.o
 .debug_aranges
                0x000003e8      0x130 ./Drivers/STM32L4xx_HAL_Driver/Src/stm32l4xx_hal.o
 .debug_aranges
                0x00000518      0x128 ./Drivers/STM32L4xx_HAL_Driver/Src/stm32l4xx_hal_cortex.o
 .debug_aranges
                0x00000640       0xc0 ./Drivers/STM32L4xx_HAL_Driver/Src/stm32l4xx_hal_dac.o
 .debug_aranges
                0x00000700       0x58 ./Drivers/STM32L4xx_HAL_Driver/Src/stm32l4xx_hal_gpio.o
 .debug_aranges
                0x00000758      0x100 ./Drivers/STM32L4xx_HAL_Driver/Src/stm32l4xx_hal_pwr_ex.o
 .debug_aranges
                0x00000858       0x90 ./Drivers/STM32L4xx_HAL_Driver/Src/stm32l4xx_hal_rcc.o
 .debug_aranges
                0x000008e8       0xf0 ./Drivers/STM32L4xx_HAL_Driver/Src/stm32l4xx_hal_rcc_ex.o
 .debug_aranges
                0x000009d8      0x168 ./Drivers/STM32L4xx_HAL_Driver/Src/stm32l4xx_hal_sd.o
 .debug_aranges
                0x00000b40      0x1d8 ./Drivers/STM32L4xx_HAL_Driver/Src/stm32l4xx_hal_spi.o
 .debug_aranges
                0x00000d18      0x3e0 ./Drivers/STM32L4xx_HAL_Driver/Src/stm32l4xx_hal_tim.o
 .debug_aranges
                0x000010f8      0x180 ./Drivers/STM32L4xx_HAL_Driver/Src/stm32l4xx_hal_tim_ex.o
 .debug_aranges
                0x00001278      0x190 ./Drivers/STM32L4xx_HAL_Driver/Src/stm32l4xx_ll_sdmmc.o
 .debug_aranges
                0x00001408       0x28 ./FATFS/App/fatfs.o
 .debug_aranges
                0x00001430       0x98 ./FATFS/Target/bsp_driver_sd.o
 .debug_aranges
                0x000014c8       0x48 ./FATFS/Target/sd_diskio.o
 .debug_aranges
                0x00001510       0x40 ./Middlewares/Third_Party/FatFs/src/ff_gen_drv.o

.debug_rnglists
                0x00000000     0x104f
 .debug_rnglists
                0x00000000       0xcb ./Core/Src/U8g2_for_Adafruit_GFX.o
 .debug_rnglists
                0x000000cb       0x6d ./Core/Src/gc9a01a.o
 .debug_rnglists
                0x00000138       0x4d ./Core/Src/main.o
 .debug_rnglists
                0x00000185       0x4b ./Core/Src/stm32l4xx_hal_msp.o
 .debug_rnglists
                0x000001d0       0x43 ./Core/Src/stm32l4xx_it.o
 .debug_rnglists
                0x00000213       0x79 ./Core/Src/syscalls.o
 .debug_rnglists
                0x0000028c       0x13 ./Core/Src/sysmem.o
 .debug_rnglists
                0x0000029f       0x1a ./Core/Src/system_stm32l4xx.o
 .debug_rnglists
                0x000002b9       0x19 ./Core/Startup/startup_stm32l431rctx.o
 .debug_rnglists
                0x000002d2       0xdf ./Drivers/STM32L4xx_HAL_Driver/Src/stm32l4xx_hal.o
 .debug_rnglists
                0x000003b1       0xda ./Drivers/STM32L4xx_HAL_Driver/Src/stm32l4xx_hal_cortex.o
 .debug_rnglists
                0x0000048b       0x90 ./Drivers/STM32L4xx_HAL_Driver/Src/stm32l4xx_hal_dac.o
 .debug_rnglists
                0x0000051b       0x3f ./Drivers/STM32L4xx_HAL_Driver/Src/stm32l4xx_hal_gpio.o
 .debug_rnglists
                0x0000055a       0xc1 ./Drivers/STM32L4xx_HAL_Driver/Src/stm32l4xx_hal_pwr_ex.o
 .debug_rnglists
                0x0000061b       0x6d ./Drivers/STM32L4xx_HAL_Driver/Src/stm32l4xx_hal_rcc.o
 .debug_rnglists
                0x00000688       0xba ./Drivers/STM32L4xx_HAL_Driver/Src/stm32l4xx_hal_rcc_ex.o
 .debug_rnglists
                0x00000742      0x122 ./Drivers/STM32L4xx_HAL_Driver/Src/stm32l4xx_hal_sd.o
 .debug_rnglists
                0x00000864      0x178 ./Drivers/STM32L4xx_HAL_Driver/Src/stm32l4xx_hal_spi.o
 .debug_rnglists
                0x000009dc      0x32b ./Drivers/STM32L4xx_HAL_Driver/Src/stm32l4xx_hal_tim.o
 .debug_rnglists
                0x00000d07      0x139 ./Drivers/STM32L4xx_HAL_Driver/Src/stm32l4xx_hal_tim_ex.o
 .debug_rnglists
                0x00000e40      0x12b ./Drivers/STM32L4xx_HAL_Driver/Src/stm32l4xx_ll_sdmmc.o
 .debug_rnglists
                0x00000f6b       0x19 ./FATFS/App/fatfs.o
 .debug_rnglists
                0x00000f84       0x6d ./FATFS/Target/bsp_driver_sd.o
 .debug_rnglists
                0x00000ff1       0x32 ./FATFS/Target/sd_diskio.o
 .debug_rnglists
                0x00001023       0x2c ./Middlewares/Third_Party/FatFs/src/ff_gen_drv.o

.debug_macro    0x00000000    0x24d90
 .debug_macro   0x00000000      0x22d ./Core/Src/U8g2_for_Adafruit_GFX.o
 .debug_macro   0x0000022d      0xad8 ./Core/Src/U8g2_for_Adafruit_GFX.o
 .debug_macro   0x00000d05       0x22 ./Core/Src/U8g2_for_Adafruit_GFX.o
 .debug_macro   0x00000d27       0x8e ./Core/Src/U8g2_for_Adafruit_GFX.o
 .debug_macro   0x00000db5       0x51 ./Core/Src/U8g2_for_Adafruit_GFX.o
 .debug_macro   0x00000e06      0x103 ./Core/Src/U8g2_for_Adafruit_GFX.o
 .debug_macro   0x00000f09       0x6a ./Core/Src/U8g2_for_Adafruit_GFX.o
 .debug_macro   0x00000f73      0x1df ./Core/Src/U8g2_for_Adafruit_GFX.o
 .debug_macro   0x00001152       0x34 ./Core/Src/U8g2_for_Adafruit_GFX.o
 .debug_macro   0x00001186      0x190 ./Core/Src/U8g2_for_Adafruit_GFX.o
 .debug_macro   0x00001316      0x1b3 ./Core/Src/U8g2_for_Adafruit_GFX.o
 .debug_macro   0x000014c9       0x2e ./Core/Src/U8g2_for_Adafruit_GFX.o
 .debug_macro   0x000014f7       0x28 ./Core/Src/U8g2_for_Adafruit_GFX.o
 .debug_macro   0x0000151f       0x1c ./Core/Src/U8g2_for_Adafruit_GFX.o
 .debug_macro   0x0000153b       0x22 ./Core/Src/U8g2_for_Adafruit_GFX.o
 .debug_macro   0x0000155d       0xfb ./Core/Src/U8g2_for_Adafruit_GFX.o
 .debug_macro   0x00001658     0x1011 ./Core/Src/U8g2_for_Adafruit_GFX.o
 .debug_macro   0x00002669      0x11f ./Core/Src/U8g2_for_Adafruit_GFX.o
 .debug_macro   0x00002788    0x1511c ./Core/Src/U8g2_for_Adafruit_GFX.o
 .debug_macro   0x000178a4       0x6d ./Core/Src/U8g2_for_Adafruit_GFX.o
 .debug_macro   0x00017911     0x38fb ./Core/Src/U8g2_for_Adafruit_GFX.o
 .debug_macro   0x0001b20c       0x5c ./Core/Src/U8g2_for_Adafruit_GFX.o
 .debug_macro   0x0001b268     0x1328 ./Core/Src/U8g2_for_Adafruit_GFX.o
 .debug_macro   0x0001c590      0x5a5 ./Core/Src/U8g2_for_Adafruit_GFX.o
 .debug_macro   0x0001cb35      0x1b9 ./Core/Src/U8g2_for_Adafruit_GFX.o
 .debug_macro   0x0001ccee      0x11b ./Core/Src/U8g2_for_Adafruit_GFX.o
 .debug_macro   0x0001ce09      0x2c4 ./Core/Src/U8g2_for_Adafruit_GFX.o
 .debug_macro   0x0001d0cd      0x27a ./Core/Src/U8g2_for_Adafruit_GFX.o
 .debug_macro   0x0001d347      0x23d ./Core/Src/U8g2_for_Adafruit_GFX.o
 .debug_macro   0x0001d584      0x13e ./Core/Src/U8g2_for_Adafruit_GFX.o
 .debug_macro   0x0001d6c2       0xd8 ./Core/Src/U8g2_for_Adafruit_GFX.o
 .debug_macro   0x0001d79a      0x241 ./Core/Src/U8g2_for_Adafruit_GFX.o
 .debug_macro   0x0001d9db      0x375 ./Core/Src/U8g2_for_Adafruit_GFX.o
 .debug_macro   0x0001dd50       0xd6 ./Core/Src/U8g2_for_Adafruit_GFX.o
 .debug_macro   0x0001de26      0x122 ./Core/Src/U8g2_for_Adafruit_GFX.o
 .debug_macro   0x0001df48      0x2ee ./Core/Src/U8g2_for_Adafruit_GFX.o
 .debug_macro   0x0001e236      0x781 ./Core/Src/U8g2_for_Adafruit_GFX.o
 .debug_macro   0x0001e9b7      0x1d5 ./Core/Src/U8g2_for_Adafruit_GFX.o
 .debug_macro   0x0001eb8c      0x2fe ./Core/Src/U8g2_for_Adafruit_GFX.o
 .debug_macro   0x0001ee8a      0xa98 ./Core/Src/U8g2_for_Adafruit_GFX.o
 .debug_macro   0x0001f922      0x12d ./Core/Src/U8g2_for_Adafruit_GFX.o
 .debug_macro   0x0001fa4f      0x26d ./Core/Src/U8g2_for_Adafruit_GFX.o
 .debug_macro   0x0001fcbc      0x1c0 ./Core/Src/U8g2_for_Adafruit_GFX.o
 .debug_macro   0x0001fe7c      0x210 ./Core/Src/gc9a01a.o
 .debug_macro   0x0002008c      0x3c8 ./Core/Src/main.o
 .debug_macro   0x00020454       0xc4 ./Core/Src/main.o
 .debug_macro   0x00020518       0x46 ./Core/Src/main.o
 .debug_macro   0x0002055e       0xe5 ./Core/Src/main.o
 .debug_macro   0x00020643       0x2a ./Core/Src/main.o
 .debug_macro   0x0002066d       0x61 ./Core/Src/main.o
 .debug_macro   0x000206ce       0x43 ./Core/Src/main.o
 .debug_macro   0x00020711       0x34 ./Core/Src/main.o
 .debug_macro   0x00020745       0x16 ./Core/Src/main.o
 .debug_macro   0x0002075b       0x3c ./Core/Src/main.o
 .debug_macro   0x00020797      0x364 ./Core/Src/main.o
 .debug_macro   0x00020afb       0x16 ./Core/Src/main.o
 .debug_macro   0x00020b11       0x4a ./Core/Src/main.o
 .debug_macro   0x00020b5b       0x34 ./Core/Src/main.o
 .debug_macro   0x00020b8f       0x10 ./Core/Src/main.o
 .debug_macro   0x00020b9f       0x58 ./Core/Src/main.o
 .debug_macro   0x00020bf7       0x8e ./Core/Src/main.o
 .debug_macro   0x00020c85       0x1c ./Core/Src/main.o
 .debug_macro   0x00020ca1      0x17e ./Core/Src/main.o
 .debug_macro   0x00020e1f       0x16 ./Core/Src/main.o
 .debug_macro   0x00020e35       0x29 ./Core/Src/main.o
 .debug_macro   0x00020e5e       0x12 ./Core/Src/main.o
 .debug_macro   0x00020e70       0xe2 ./Core/Src/main.o
 .debug_macro   0x00020f52       0x8e ./Core/Src/main.o
 .debug_macro   0x00020fe0       0x3a ./Core/Src/main.o
 .debug_macro   0x0002101a       0x1c ./Core/Src/main.o
 .debug_macro   0x00021036       0x10 ./Core/Src/main.o
 .debug_macro   0x00021046       0x1c ./Core/Src/main.o
 .debug_macro   0x00021062       0x16 ./Core/Src/main.o
 .debug_macro   0x00021078      0x146 ./Core/Src/main.o
 .debug_macro   0x000211be       0x16 ./Core/Src/main.o
 .debug_macro   0x000211d4       0x20 ./Core/Src/main.o
 .debug_macro   0x000211f4      0x20c ./Core/Src/stm32l4xx_hal_msp.o
 .debug_macro   0x00021400      0x216 ./Core/Src/stm32l4xx_it.o
 .debug_macro   0x00021616      0x274 ./Core/Src/syscalls.o
 .debug_macro   0x0002188a       0x5b ./Core/Src/syscalls.o
 .debug_macro   0x000218e5       0x94 ./Core/Src/syscalls.o
 .debug_macro   0x00021979       0x57 ./Core/Src/syscalls.o
 .debug_macro   0x000219d0       0x10 ./Core/Src/syscalls.o
 .debug_macro   0x000219e0       0x10 ./Core/Src/syscalls.o
 .debug_macro   0x000219f0       0x10 ./Core/Src/syscalls.o
 .debug_macro   0x00021a00       0x10 ./Core/Src/syscalls.o
 .debug_macro   0x00021a10       0x1c ./Core/Src/syscalls.o
 .debug_macro   0x00021a2c       0x52 ./Core/Src/syscalls.o
 .debug_macro   0x00021a7e       0x22 ./Core/Src/syscalls.o
 .debug_macro   0x00021aa0       0x10 ./Core/Src/syscalls.o
 .debug_macro   0x00021ab0       0x52 ./Core/Src/syscalls.o
 .debug_macro   0x00021b02       0xcf ./Core/Src/syscalls.o
 .debug_macro   0x00021bd1       0x1c ./Core/Src/syscalls.o
 .debug_macro   0x00021bed       0x3d ./Core/Src/syscalls.o
 .debug_macro   0x00021c2a       0x35 ./Core/Src/syscalls.o
 .debug_macro   0x00021c5f      0x12c ./Core/Src/syscalls.o
 .debug_macro   0x00021d8b       0x10 ./Core/Src/syscalls.o
 .debug_macro   0x00021d9b      0x242 ./Core/Src/syscalls.o
 .debug_macro   0x00021fdd       0x10 ./Core/Src/syscalls.o
 .debug_macro   0x00021fed      0x18a ./Core/Src/syscalls.o
 .debug_macro   0x00022177       0x16 ./Core/Src/syscalls.o
 .debug_macro   0x0002218d       0xce ./Core/Src/syscalls.o
 .debug_macro   0x0002225b      0x112 ./Core/Src/sysmem.o
 .debug_macro   0x0002236d      0x23c ./Core/Src/sysmem.o
 .debug_macro   0x000225a9      0x1fd ./Core/Src/system_stm32l4xx.o
 .debug_macro   0x000227a6       0x72 ./Core/Src/u8g2_fonts.o
 .debug_macro   0x00022818      0x24b ./Drivers/STM32L4xx_HAL_Driver/Src/stm32l4xx_hal.o
 .debug_macro   0x00022a63      0x1fd ./Drivers/STM32L4xx_HAL_Driver/Src/stm32l4xx_hal_cortex.o
 .debug_macro   0x00022c60      0x20c ./Drivers/STM32L4xx_HAL_Driver/Src/stm32l4xx_hal_dac.o
 .debug_macro   0x00022e6c      0x204 ./Drivers/STM32L4xx_HAL_Driver/Src/stm32l4xx_hal_gpio.o
 .debug_macro   0x00023070      0x221 ./Drivers/STM32L4xx_HAL_Driver/Src/stm32l4xx_hal_pwr_ex.o