Archive member included to satisfy reference by file (symbol)

/Applications/STM32CubeIDE.app/Contents/Eclipse/plugins/com.st.stm32cube.ide.mcu.externaltools.gnu-tools-for-stm32.14.3.rel1.macosaarch64_1.0.0.202602081740/tools/bin/../lib/gcc/arm-none-eabi/14.3.1/../../../../arm-none-eabi/lib/thumb/v7e-m+fp/hard/libc_nano.a(libc_a-exit.o)
                              /Applications/STM32CubeIDE.app/Contents/Eclipse/plugins/com.st.stm32cube.ide.mcu.externaltools.gnu-tools-for-stm32.14.3.rel1.macosaarch64_1.0.0.202602081740/tools/bin/../lib/gcc/arm-none-eabi/14.3.1/../../../../arm-none-eabi/lib/thumb/v7e-m+fp/hard/crt0.o (exit)
/Applications/STM32CubeIDE.app/Contents/Eclipse/plugins/com.st.stm32cube.ide.mcu.externaltools.gnu-tools-for-stm32.14.3.rel1.macosaarch64_1.0.0.202602081740/tools/bin/../lib/gcc/arm-none-eabi/14.3.1/../../../../arm-none-eabi/lib/thumb/v7e-m+fp/hard/libc_nano.a(libc_a-sprintf.o)
                              ./Core/Src/app_states.o (sprintf)
/Applications/STM32CubeIDE.app/Contents/Eclipse/plugins/com.st.stm32cube.ide.mcu.externaltools.gnu-tools-for-stm32.14.3.rel1.macosaarch64_1.0.0.202602081740/tools/bin/../lib/gcc/arm-none-eabi/14.3.1/../../../../arm-none-eabi/lib/thumb/v7e-m+fp/hard/libc_nano.a(libc_a-findfp.o)
                              /Applications/STM32CubeIDE.app/Contents/Eclipse/plugins/com.st.stm32cube.ide.mcu.externaltools.gnu-tools-for-stm32.14.3.rel1.macosaarch64_1.0.0.202602081740/tools/bin/../lib/gcc/arm-none-eabi/14.3.1/../../../../arm-none-eabi/lib/thumb/v7e-m+fp/hard/libc_nano.a(libc_a-exit.o) (__stdio_exit_handler)
/Applications/STM32CubeIDE.app/Contents/Eclipse/plugins/com.st.stm32cube.ide.mcu.externaltools.gnu-tools-for-stm32.14.3.rel1.macosaarch64_1.0.0.202602081740/tools/bin/../lib/gcc/arm-none-eabi/14.3.1/../../../../arm-none-eabi/lib/thumb/v7e-m+fp/hard/libc_nano.a(libc_a-fwalk.o)
                              /Applications/STM32CubeIDE.app/Contents/Eclipse/plugins/com.st.stm32cube.ide.mcu.externaltools.gnu-tools-for-stm32.14.3.rel1.macosaarch64_1.0.0.202602081740/tools/bin/../lib/gcc/arm-none-eabi/14.3.1/../../../../arm-none-eabi/lib/thumb/v7e-m+fp/hard/libc_nano.a(libc_a-findfp.o) (_fwalk_sglue)
/Applications/STM32CubeIDE.app/Contents/Eclipse/plugins/com.st.stm32cube.ide.mcu.externaltools.gnu-tools-for-stm32.14.3.rel1.macosaarch64_1.0.0.202602081740/tools/bin/../lib/gcc/arm-none-eabi/14.3.1/../../../../arm-none-eabi/lib/thumb/v7e-m+fp/hard/libc_nano.a(libc_a-printf.o)
                              ./Core/Src/app_states.o (printf)
/Applications/STM32CubeIDE.app/Contents/Eclipse/plugins/com.st.stm32cube.ide.mcu.externaltools.gnu-tools-for-stm32.14.3.rel1.macosaarch64_1.0.0.202602081740/tools/bin/../lib/gcc/arm-none-eabi/14.3.1/../../../../arm-none-eabi/lib/thumb/v7e-m+fp/hard/libc_nano.a(libc_a-puts.o)
                              ./Core/Src/app_states.o (puts)
/Applications/STM32CubeIDE.app/Contents/Eclipse/plugins/com.st.stm32cube.ide.mcu.externaltools.gnu-tools-for-stm32.14.3.rel1.macosaarch64_1.0.0.202602081740/tools/bin/../lib/gcc/arm-none-eabi/14.3.1/../../../../arm-none-eabi/lib/thumb/v7e-m+fp/hard/libc_nano.a(libc_a-memset.o)
                              /Applications/STM32CubeIDE.app/Contents/Eclipse/plugins/com.st.stm32cube.ide.mcu.externaltools.gnu-tools-for-stm32.14.3.rel1.macosaarch64_1.0.0.202602081740/tools/bin/../lib/gcc/arm-none-eabi/14.3.1/../../../../arm-none-eabi/lib/thumb/v7e-m+fp/hard/crt0.o (memset)
/Applications/STM32CubeIDE.app/Contents/Eclipse/plugins/com.st.stm32cube.ide.mcu.externaltools.gnu-tools-for-stm32.14.3.rel1.macosaarch64_1.0.0.202602081740/tools/bin/../lib/gcc/arm-none-eabi/14.3.1/../../../../arm-none-eabi/lib/thumb/v7e-m+fp/hard/libc_nano.a(libc_a-errno.o)
                              ./Core/Src/syscalls.o (__errno)
/Applications/STM32CubeIDE.app/Contents/Eclipse/plugins/com.st.stm32cube.ide.mcu.externaltools.gnu-tools-for-stm32.14.3.rel1.macosaarch64_1.0.0.202602081740/tools/bin/../lib/gcc/arm-none-eabi/14.3.1/../../../../arm-none-eabi/lib/thumb/v7e-m+fp/hard/libc_nano.a(libc_a-init.o)
                              /Applications/STM32CubeIDE.app/Contents/Eclipse/plugins/com.st.stm32cube.ide.mcu.externaltools.gnu-tools-for-stm32.14.3.rel1.macosaarch64_1.0.0.202602081740/tools/bin/../lib/gcc/arm-none-eabi/14.3.1/../../../../arm-none-eabi/lib/thumb/v7e-m+fp/hard/crt0.o (__libc_init_array)
/Applications/STM32CubeIDE.app/Contents/Eclipse/plugins/com.st.stm32cube.ide.mcu.externaltools.gnu-tools-for-stm32.14.3.rel1.macosaarch64_1.0.0.202602081740/tools/bin/../lib/gcc/arm-none-eabi/14.3.1/../../../../arm-none-eabi/lib/thumb/v7e-m+fp/hard/libc_nano.a(libc_a-lock.o)
                              /Applications/STM32CubeIDE.app/Contents/Eclipse/plugins/com.st.stm32cube.ide.mcu.externaltools.gnu-tools-for-stm32.14.3.rel1.macosaarch64_1.0.0.202602081740/tools/bin/../lib/gcc/arm-none-eabi/14.3.1/../../../../arm-none-eabi/lib/thumb/v7e-m+fp/hard/libc_nano.a(libc_a-findfp.o) (__retarget_lock_init_recursive)
[...]
Memory Configuration

Name             Origin             Length             Attributes
RAM              0x20000000         0x0000c000         xrw
RAM2             0x10000000         0x00004000         xrw
FLASH            0x08000000         0x00040000         xr
*default*        0x00000000         0xffffffff

Linker script and memory map

LOAD /Applications/STM32CubeIDE.app/Contents/Eclipse/plugins/com.st.stm32cube.ide.mcu.externaltools.gnu-tools-for-stm32.14.3.rel1.macosaarch64_1.0.0.202602081740/tools/bin/../lib/gcc/arm-none-eabi/14.3.1/thumb/v7e-m+fp/hard/crti.o
LOAD /Applications/STM32CubeIDE.app/Contents/Eclipse/plugins/com.st.stm32cube.ide.mcu.externaltools.gnu-tools-for-stm32.14.3.rel1.macosaarch64_1.0.0.202602081740/tools/bin/../lib/gcc/arm-none-eabi/14.3.1/thumb/v7e-m+fp/hard/crtbegin.o
LOAD /Applications/STM32CubeIDE.app/Contents/Eclipse/plugins/com.st.stm32cube.ide.mcu.externaltools.gnu-tools-for-stm32.14.3.rel1.macosaarch64_1.0.0.202602081740/tools/bin/../lib/gcc/arm-none-eabi/14.3.1/../../../../arm-none-eabi/lib/thumb/v7e-m+fp/hard/crt0.o
LOAD ./Core/Src/U8g2_for_Adafruit_GFX.o
LOAD ./Core/Src/adc_driver.o
LOAD ./Core/Src/app_states.o
LOAD ./Core/Src/buttons.o
LOAD ./Core/Src/data_processing.o
LOAD ./Core/Src/filters.o
LOAD ./Core/Src/gc9a01a.o
LOAD ./Core/Src/gsr.o
LOAD ./Core/Src/main.o
LOAD ./Core/Src/ppg_processor.o
LOAD ./Core/Src/stm32l4xx_hal_msp.o
LOAD ./Core/Src/stm32l4xx_it.o
LOAD ./Core/Src/syscalls.o
LOAD ./Core/Src/sysmem.o
LOAD ./Core/Src/system_stm32l4xx.o
LOAD ./Core/Src/u8g2_fonts.o
LOAD ./Core/Startup/startup_stm32l431rctx.o
LOAD ./Drivers/STM32L4xx_HAL_Driver/Src/stm32l4xx_hal.o
LOAD ./Drivers/STM32L4xx_HAL_Driver/Src/stm32l4xx_hal_adc.o
LOAD ./Drivers/STM32L4xx_HAL_Driver/Src/stm32l4xx_hal_adc_ex.o
LOAD ./Drivers/STM32L4xx_HAL_Driver/Src/stm32l4xx_hal_cortex.o
LOAD ./Drivers/STM32L4xx_HAL_Driver/Src/stm32l4xx_hal_dac.o
LOAD ./Drivers/STM32L4xx_HAL_Driver/Src/stm32l4xx_hal_dac_ex.o
LOAD ./Drivers/STM32L4xx_HAL_Driver/Src/stm32l4xx_hal_dma.o
LOAD ./Drivers/STM32L4xx_HAL_Driver/Src/stm32l4xx_hal_dma_ex.o
LOAD ./Drivers/STM32L4xx_HAL_Driver/Src/stm32l4xx_hal_exti.o
LOAD ./Drivers/STM32L4xx_HAL_Driver/Src/stm32l4xx_hal_flash.o
LOAD ./Drivers/STM32L4xx_HAL_Driver/Src/stm32l4xx_hal_flash_ex.o
LOAD ./Drivers/STM32L4xx_HAL_Driver/Src/stm32l4xx_hal_flash_ramfunc.o
LOAD ./Drivers/STM32L4xx_HAL_Driver/Src/stm32l4xx_hal_gpio.o
LOAD ./Drivers/STM32L4xx_HAL_Driver/Src/stm32l4xx_hal_i2c.o
LOAD ./Drivers/STM32L4xx_HAL_Driver/Src/stm32l4xx_hal_i2c_ex.o
LOAD ./Drivers/STM32L4xx_HAL_Driver/Src/stm32l4xx_hal_mmc.o
LOAD ./Drivers/STM32L4xx_HAL_Driver/Src/stm32l4xx_hal_mmc_ex.o
LOAD ./Drivers/STM32L4xx_HAL_Driver/Src/stm32l4xx_hal_pwr.o
LOAD ./Drivers/STM32L4xx_HAL_Driver/Src/stm32l4xx_hal_pwr_ex.o
LOAD ./Drivers/STM32L4xx_HAL_Driver/Src/stm32l4xx_hal_rcc.o
LOAD ./Drivers/STM32L4xx_HAL_Driver/Src/stm32l4xx_hal_rcc_ex.o
LOAD ./Drivers/STM32L4xx_HAL_Driver/Src/stm32l4xx_hal_sd.o
LOAD ./Drivers/STM32L4xx_HAL_Driver/Src/stm32l4xx_hal_sd_ex.o
LOAD ./Drivers/STM32L4xx_HAL_Driver/Src/stm32l4xx_hal_spi.o
LOAD ./Drivers/STM32L4xx_HAL_Driver/Src/stm32l4xx_hal_spi_ex.o
LOAD ./Drivers/STM32L4xx_HAL_Driver/Src/stm32l4xx_hal_tim.o
LOAD ./Drivers/STM32L4xx_HAL_Driver/Src/stm32l4xx_hal_tim_ex.o
LOAD ./Drivers/STM32L4xx_HAL_Driver/Src/stm32l4xx_hal_uart.o
LOAD ./Drivers/STM32L4xx_HAL_Driver/Src/stm32l4xx_hal_uart_ex.o
LOAD ./Drivers/STM32L4xx_HAL_Driver/Src/stm32l4xx_ll_sdmmc.o
LOAD ./FATFS/App/fatfs.o
LOAD ./FATFS/Target/bsp_driver_sd.o
LOAD ./FATFS/Target/sd_diskio.o
LOAD ./Middlewares/Third_Party/FatFs/src/diskio.o
LOAD ./Middlewares/Third_Party/FatFs/src/ff.o
LOAD ./Middlewares/Third_Party/FatFs/src/ff_gen_drv.o
LOAD ./Middlewares/Third_Party/FatFs/src/option/syscall.o
START GROUP
LOAD /Applications/STM32CubeIDE.app/Contents/Eclipse/plugins/com.st.stm32cube.ide.mcu.externaltools.gnu-tools-for-stm32.14.3.rel1.macosaarch64_1.0.0.202602081740/tools/bin/../lib/gcc/arm-none-eabi/14.3.1/../../../../arm-none-eabi/lib/thumb/v7e-m+fp/hard/libc_nano.a
LOAD /Applications/STM32CubeIDE.app/Contents/Eclipse/plugins/com.st.stm32cube.ide.mcu.externaltools.gnu-tools-for-stm32.14.3.rel1.macosaarch64_1.0.0.202602081740/tools/bin/../lib/gcc/arm-none-eabi/14.3.1/../../../../arm-none-eabi/lib/thumb/v7e-m+fp/hard/libm.a
END GROUP
START GROUP
LOAD /Applications/STM32CubeIDE.app/Contents/Eclipse/plugins/com.st.stm32cube.ide.mcu.externaltools.gnu-tools-for-stm32.14.3.rel1.macosaarch64_1.0.0.202602081740/tools/bin/../lib/gcc/arm-none-eabi/14.3.1/thumb/v7e-m+fp/hard/libgcc.a
LOAD /Applications/STM32CubeIDE.app/Contents/Eclipse/plugins/com.st.stm32cube.ide.mcu.externaltools.gnu-tools-for-stm32.14.3.rel1.macosaarch64_1.0.0.202602081740/tools/bin/../lib/gcc/arm-none-eabi/14.3.1/../../../../arm-none-eabi/lib/thumb/v7e-m+fp/hard/libc_nano.a
END GROUP
START GROUP
LOAD /Applications/STM32CubeIDE.app/Contents/Eclipse/plugins/com.st.stm32cube.ide.mcu.externaltools.gnu-tools-for-stm32.14.3.rel1.macosaarch64_1.0.0.202602081740/tools/bin/../lib/gcc/arm-none-eabi/14.3.1/thumb/v7e-m+fp/hard/libgcc.a
LOAD /Applications/STM32CubeIDE.app/Contents/Eclipse/plugins/com.st.stm32cube.ide.mcu.externaltools.gnu-tools-for-stm32.14.3.rel1.macosaarch64_1.0.0.202602081740/tools/bin/../lib/gcc/arm-none-eabi/14.3.1/../../../../arm-none-eabi/lib/thumb/v7e-m+fp/hard/libc_nano.a
LOAD /Applications/STM32CubeIDE.app/Contents/Eclipse/plugins/com.st.stm32cube.ide.mcu.externaltools.gnu-tools-for-stm32.14.3.rel1.macosaarch64_1.0.0.202602081740/tools/bin/../lib/gcc/arm-none-eabi/14.3.1/../../../../arm-none-eabi/lib/thumb/v7e-m+fp/hard/libnosys.a
END GROUP
START GROUP
LOAD /Applications/STM32CubeIDE.app/Contents/Eclipse/plugins/com.st.stm32cube.ide.mcu.externaltools.gnu-tools-for-stm32.14.3.rel1.macosaarch64_1.0.0.202602081740/tools/bin/../lib/gcc/arm-none-eabi/14.3.1/thumb/v7e-m+fp/hard/libgcc.a
LOAD /Applications/STM32CubeIDE.app/Contents/Eclipse/plugins/com.st.stm32cube.ide.mcu.externaltools.gnu-tools-for-stm32.14.3.rel1.macosaarch64_1.0.0.202602081740/tools/bin/../lib/gcc/arm-none-eabi/14.3.1/../../../../arm-none-eabi/lib/thumb/v7e-m+fp/hard/libc_nano.a
LOAD /Applications/STM32CubeIDE.app/Contents/Eclipse/plugins/com.st.stm32cube.ide.mcu.externaltools.gnu-tools-for-stm32.14.3.rel1.macosaarch64_1.0.0.202602081740/tools/bin/../lib/gcc/arm-none-eabi/14.3.1/../../../../arm-none-eabi/lib/thumb/v7e-m+fp/hard/libnosys.a
END GROUP
LOAD /Applications/STM32CubeIDE.app/Contents/Eclipse/plugins/com.st.stm32cube.ide.mcu.externaltools.gnu-tools-for-stm32.14.3.rel1.macosaarch64_1.0.0.202602081740/tools/bin/../lib/gcc/arm-none-eabi/14.3.1/thumb/v7e-m+fp/hard/crtend.o
LOAD /Applications/STM32CubeIDE.app/Contents/Eclipse/plugins/com.st.stm32cube.ide.mcu.externaltools.gnu-tools-for-stm32.14.3.rel1.macosaarch64_1.0.0.202602081740/tools/bin/../lib/gcc/arm-none-eabi/14.3.1/thumb/v7e-m+fp/hard/crtn.o
                0x2000c000                        _estack = (ORIGIN (RAM) + LENGTH (RAM))
                0x00000200                        _Min_Heap_Size = 0x200
                0x00000400                        _Min_Stack_Size = 0x400

.isr_vector     0x08000000      0x18c
                0x08000000                        . = ALIGN (0x4)
 *(.isr_vector)
 .isr_vector    0x08000000      0x18c ./Core/Startup/startup_stm32l431rctx.o
                0x08000000                g_pfnVectors
                0x0800018c                        . = ALIGN (0x4)

.text           0x08000190     0xd550
                0x08000190                        . = ALIGN (0x4)
 *(.text)
 .text          0x08000190       0x40 /Applications/STM32CubeIDE.app/Contents/Eclipse/plugins/com.st.stm32cube.ide.mcu.externaltools.gnu-tools-for-stm32.14.3.rel1.macosaarch64_1.0.0.202602081740/tools/bin/../lib/gcc/arm-none-eabi/14.3.1/thumb/v7e-m+fp/hard/crtbegin.o
 .text          0x080001d0       0xa0 /Applications/STM32CubeIDE.app/Contents/Eclipse/plugins/com.st.stm32cube.ide.mcu.externaltools.gnu-tools-for-stm32.14.3.rel1.macosaarch64_1.0.0.202602081740/tools/bin/../lib/gcc/arm-none-eabi/14.3.1/../../../../arm-none-eabi/lib/thumb/v7e-m+fp/hard/libc_nano.a(libc_a-memchr.o)
                0x080001d0                memchr
 .text          0x08000270      0x254 /Applications/STM32CubeIDE.app/Contents/Eclipse/plugins/com.st.stm32cube.ide.mcu.externaltools.gnu-tools-for-stm32.14.3.rel1.macosaarch64_1.0.0.202602081740/tools/bin/../lib/gcc/arm-none-eabi/14.3.1/thumb/v7e-m+fp/hard/libgcc.a(_arm_muldf3.o)
                0x08000270                __aeabi_dmul
                0x08000270                __muldf3
 .text          0x080004c4      0x378 /Applications/STM32CubeIDE.app/Contents/Eclipse/plugins/com.st.stm32cube.ide.mcu.externaltools.gnu-tools-for-stm32.14.3.rel1.macosaarch64_1.0.0.202602081740/tools/bin/../lib/gcc/arm-none-eabi/14.3.1/thumb/v7e-m+fp/hard/libgcc.a(_arm_addsubdf3.o)
                0x080004c4                __aeabi_drsub
                0x080004cc                __subdf3
                0x080004cc                __aeabi_dsub
                0x080004d0                __aeabi_dadd
                0x080004d0                __adddf3
                0x08000748                __aeabi_ui2d
                0x08000748                __floatunsidf
                0x08000768                __floatsidf
                0x08000768                __aeabi_i2d
                0x0800078c                __extendsfdf2
                0x0800078c                __aeabi_f2d
                0x080007d0                __aeabi_ul2d
                0x080007d0                __floatundidf
                0x080007e0                __aeabi_l2d
                0x080007e0                __floatdidf
 .text          0x0800083c      0x110 /Applications/STM32CubeIDE.app/Contents/Eclipse/plugins/com.st.stm32cube.ide.mcu.externaltools.gnu-tools-for-stm32.14.3.rel1.macosaarch64_1.0.0.202602081740/tools/bin/../lib/gcc/arm-none-eabi/14.3.1/thumb/v7e-m+fp/hard/libgcc.a(_arm_cmpdf2.o)
                0x0800083c                __gedf2
                0x0800083c                __gtdf2
                0x08000844                __ledf2
                0x08000844                __ltdf2
                0x0800084c                __cmpdf2
                0x0800084c                __eqdf2
                0x0800084c                __nedf2
                0x080008c8                __aeabi_cdrcmple
                0x080008d8                __aeabi_cdcmple
                0x080008d8                __aeabi_cdcmpeq
                0x080008e8                __aeabi_dcmpeq
                0x080008fc                __aeabi_dcmplt
                0x08000910                __aeabi_dcmple
                0x08000924                __aeabi_dcmpge
                0x08000938                __aeabi_dcmpgt
 .text          0x0800094c       0x40 /Applications/STM32CubeIDE.app/Contents/Eclipse/plugins/com.st.stm32cube.ide.mcu.externaltools.gnu-tools-for-stm32.14.3.rel1.macosaarch64_1.0.0.202602081740/tools/bin/../lib/gcc/arm-none-eabi/14.3.1/thumb/v7e-m+fp/hard/libgcc.a(_arm_fixunsdfsi.o)
                0x0800094c                __fixunsdfsi
                0x0800094c                __aeabi_d2uiz
 .text          0x0800098c       0xa0 /Applications/STM32CubeIDE.app/Contents/Eclipse/plugins/com.st.stm32cube.ide.mcu.externaltools.gnu-tools-for-stm32.14.3.rel1.macosaarch64_1.0.0.202602081740/tools/bin/../lib/gcc/arm-none-eabi/14.3.1/thumb/v7e-m+fp/hard/libgcc.a(_arm_truncdfsf2.o)
                0x0800098c                __aeabi_d2f
                0x0800098c                __truncdfsf2
 .text          0x08000a2c       0x30 /Applications/STM32CubeIDE.app/Contents/Eclipse/plugins/com.st.stm32cube.ide.mcu.externaltools.gnu-tools-for-stm32.14.3.rel1.macosaarch64_1.0.0.202602081740/tools/bin/../lib/gcc/arm-none-eabi/14.3.1/thumb/v7e-m+fp/hard/libgcc.a(_aeabi_uldivmod.o)
                0x08000a2c                __aeabi_uldivmod
 .text          0x08000a5c      0x2f8 /Applications/STM32CubeIDE.app/Contents/Eclipse/plugins/com.st.stm32cube.ide.mcu.externaltools.gnu-tools-for-stm32.14.3.rel1.macosaarch64_1.0.0.202602081740/tools/bin/../lib/gcc/arm-none-eabi/14.3.1/thumb/v7e-m+fp/hard/libgcc.a(_udivmoddi4.o)
                0x08000a5c                __udivmoddi4
 .text          0x08000d54        0x4 /Applications/STM32CubeIDE.app/Contents/Eclipse/plugins/com.st.stm32cube.ide.mcu.externaltools.gnu-tools-for-stm32.14.3.rel1.macosaarch64_1.0.0.202602081740/tools/bin/../lib/gcc/arm-none-eabi/14.3.1/thumb/v7e-m+fp/hard/libgcc.a(_dvmd_tls.o)
                0x08000d54                __aeabi_ldiv0
                0x08000d54                __aeabi_idiv0
 *(.text*)
 .text.u8g2_font_get_byte
                0x08000d58       0x24 ./Core/Src/U8g2_for_Adafruit_GFX.o
 .text.u8g2_font_get_word
                0x08000d7c       0x40 ./Core/Src/U8g2_for_Adafruit_GFX.o
 .text.u8g2_read_font_info
                0x08000dbc      0x152 ./Core/Src/U8g2_for_Adafruit_GFX.o
                0x08000dbc                u8g2_read_font_info
 .text.u8g2_font_decode_get_unsigned_bits
                0x08000f0e       0x96 ./Core/Src/U8g2_for_Adafruit_GFX.o
 .text.u8g2_font_decode_get_signed_bits
                0x08000fa4       0x46 ./Core/Src/U8g2_for_Adafruit_GFX.o
 .text.u8g2_add_vector_y
                0x08000fea       0x80 ./Core/Src/U8g2_for_Adafruit_GFX.o
 .text.u8g2_add_vector_x
                0x0800106a       0x80 ./Core/Src/U8g2_for_Adafruit_GFX.o
 *fill*         0x080010ea        0x2 
 .text.u8g2_draw_hv_line
                0x080010ec       0xac ./Core/Src/U8g2_for_Adafruit_GFX.o
                0x080010ec                u8g2_draw_hv_line
 .text.u8g2_font_decode_len
                0x08001198      0x11e ./Core/Src/U8g2_for_Adafruit_GFX.o
 .text.u8g2_font_setup_decode
                0x080012b6       0x50 ./Core/Src/U8g2_for_Adafruit_GFX.o
 .text.u8g2_font_decode_glyph
                0x08001306      0x11e ./Core/Src/U8g2_for_Adafruit_GFX.o
 .text.u8g2_font_get_glyph_data
                0x08001424       0xfa ./Core/Src/U8g2_for_Adafruit_GFX.o
                0x08001424                u8g2_font_get_glyph_data
 .text.u8g2_font_draw_glyph
                0x0800151e       0x54 ./Core/Src/U8g2_for_Adafruit_GFX.o
 .text.u8g2_SetFontMode
                0x08001572       0x1e ./Core/Src/U8g2_for_Adafruit_GFX.o
                0x08001572                u8g2_SetFontMode
 .text.u8g2_SetFontDirection
                0x08001590       0x1e ./Core/Src/U8g2_for_Adafruit_GFX.o
                0x08001590                u8g2_SetFontDirection
 .text.u8g2_DrawGlyph
                0x080015ae       0x34 ./Core/Src/U8g2_for_Adafruit_GFX.o
                0x080015ae                u8g2_DrawGlyph
 *fill*         0x080015e2        0x2 
 .text.u8g2_DrawStr
                0x080015e4       0xa0 ./Core/Src/U8g2_for_Adafruit_GFX.o
                0x080015e4                u8g2_DrawStr
 .text.u8g2_SetFont
                0x08001684       0x34 ./Core/Src/U8g2_for_Adafruit_GFX.o
                0x08001684                u8g2_SetFont
 .text.u8g2_SetForegroundColor
                0x080016b8       0x1e ./Core/Src/U8g2_for_Adafruit_GFX.o
                0x080016b8                u8g2_SetForegroundColor
 .text.u8g2_SetBackgroundColor
                0x080016d6       0x1e ./Core/Src/U8g2_for_Adafruit_GFX.o
                0x080016d6                u8g2_SetBackgroundColor
 .text.u8g2_SetDisplay
                0x080016f4       0x1c ./Core/Src/U8g2_for_Adafruit_GFX.o
                0x080016f4                u8g2_SetDisplay
 .text.adc_driver_init
                0x08001710       0x58 ./Core/Src/adc_driver.o
                0x08001710                adc_driver_init
 .text.HAL_ADC_ConvCpltCallback
                0x08001768       0x84 ./Core/Src/adc_driver.o
                0x08001768                HAL_ADC_ConvCpltCallback
 .text.adc_driver_resume_adc
                0x080017ec       0x14 ./Core/Src/adc_driver.o
                0x080017ec                adc_driver_resume_adc
 .text.app_states_init
                0x08001800       0x80 ./Core/Src/app_states.o
                0x08001800                app_states_init
 .text.app_states_run
                0x08001880      0x568 ./Core/Src/app_states.o
                0x08001880                app_states_run
 .text.HAL_GPIO_EXTI_Callback
                0x08001de8       0xa8 ./Core/Src/buttons.o
                0x08001de8                HAL_GPIO_EXTI_Callback
 .text.check_l_button_pressed
                0x08001e90       0x18 ./Core/Src/buttons.o
                0x08001e90                check_l_button_pressed
 .text.check_c_button_pressed
                0x08001ea8       0x18 ./Core/Src/buttons.o
                0x08001ea8                check_c_button_pressed
 .text.check_r_button_pressed
                0x08001ec0       0x18 ./Core/Src/buttons.o
                0x08001ec0                check_r_button_pressed
 .text.clearButtons
                0x08001ed8       0x2c ./Core/Src/buttons.o
                0x08001ed8                clearButtons
 .text.filter_init_FIR
                0x08001f04       0x38 ./Core/Src/filters.o
                0x08001f04                filter_init_FIR
 .text.filter_update_FIR
                0x08001f3c       0x82 ./Core/Src/filters.o
                0x08001f3c                filter_update_FIR
 .text.GC9A01A_set_spi_datasize
                0x08001fbe       0xe0 ./Core/Src/gc9a01a.o
 .text.GC9A01A_start_spi_transaction
                0x0800209e       0x22 ./Core/Src/gc9a01a.o
 .text.GC9A01A_end_spi_transaction
                0x080020c0       0x22 ./Core/Src/gc9a01a.o
 .text.GC9A01A_transmit_command
                0x080020e2       0x46 ./Core/Src/gc9a01a.o
 .text.GC9A01A_transmit_data
                0x08002128       0x24 ./Core/Src/gc9a01a.o
 .text.GC9A01A_init
                0x0800214c      0x118 ./Core/Src/gc9a01a.o
                0x0800214c                GC9A01A_init
 .text.GC9A01A_configure_param
                0x08002264       0x4c ./Core/Src/gc9a01a.o
                0x08002264                GC9A01A_configure_param
 .text.GC9A01A_set_addr_window
                0x080022b0       0xc0 ./Core/Src/gc9a01a.o
                0x080022b0                GC9A01A_set_addr_window
 .text.GC9A01A_fill_rect
                0x08002370      0x154 ./Core/Src/gc9a01a.o
                0x08002370                GC9A01A_fill_rect
 .text.GC9A01A_fill
                0x080024c4       0x32 ./Core/Src/gc9a01a.o
                0x080024c4                GC9A01A_fill
 .text.GC9A01A_drawFastHLine
                0x080024f6      0x198 ./Core/Src/gc9a01a.o
                0x080024f6                GC9A01A_drawFastHLine
 .text.GC9A01A_drawFastVLine
                0x0800268e      0x196 ./Core/Src/gc9a01a.o
                0x0800268e                GC9A01A_drawFastVLine
 .text.GC9A01A_Draw_Str
                0x08002824       0xec ./Core/Src/gc9a01a.o
                0x08002824                GC9A01A_Draw_Str
 .text.gsr_init
                0x08002910       0x1c ./Core/Src/gsr.o
                0x08002910                gsr_init
 .text.gsr_run  0x0800292c       0xc0 ./Core/Src/gsr.o
                0x0800292c                gsr_run
 .text.gsr_start
                0x080029ec       0x1c ./Core/Src/gsr.o
                0x080029ec                gsr_start
 .text.gsr_stop
                0x08002a08       0x1c ./Core/Src/gsr.o
                0x08002a08                gsr_stop
 .text.ITM_SendChar
                0x08002a24       0x4e ./Core/Src/main.o
 *fill*         0x08002a72        0x2 
 .text._write   0x08002a74       0x48 ./Core/Src/main.o
                0x08002a74                _write
 .text.main     0x08002abc       0x3e ./Core/Src/main.o
                0x08002abc                main
 .text.SystemClock_Config
                0x08002afa       0xa2 ./Core/Src/main.o
                0x08002afa                SystemClock_Config
 .text.MX_ADC1_Init
                0x08002b9c      0x194 ./Core/Src/main.o
 .text.MX_DAC1_Init
                0x08002d30       0x64 ./Core/Src/main.o
 .text.MX_SDMMC1_SD_Init
                0x08002d94       0x40 ./Core/Src/main.o
 .text.MX_SPI1_Init
                0x08002dd4       0x7c ./Core/Src/main.o
 .text.MX_TIM2_Init
                0x08002e50       0x9c ./Core/Src/main.o
 .text.MX_TIM16_Init
                0x08002eec       0xf0 ./Core/Src/main.o
 .text.MX_USART1_UART_Init
                0x08002fdc       0x60 ./Core/Src/main.o
 .text.MX_DMA_Init
                0x0800303c       0x3c ./Core/Src/main.o
 .text.MX_GPIO_Init
                0x08003078      0x174 ./Core/Src/main.o
 .text.Error_Handler
                0x080031ec        0xc ./Core/Src/main.o
                0x080031ec                Error_Handler
 .text.ppg_processor_init
                0x080031f8       0x7a ./Core/Src/ppg_processor.o
                0x080031f8                ppg_processor_init
 *fill*         0x08003272        0x6 
 .text.ppg_processor_run
                0x08003278      0x344 ./Core/Src/ppg_processor.o
                0x08003278                ppg_processor_run
 .text.ppg_processor_start
                0x080035bc       0x1c ./Core/Src/ppg_processor.o
                0x080035bc                ppg_processor_start
 .text.ppg_processor_stop
                0x080035d8       0x1c ./Core/Src/ppg_processor.o
                0x080035d8                ppg_processor_stop
 .text.HAL_MspInit
                0x080035f4       0x48 ./Core/Src/stm32l4xx_hal_msp.o
                0x080035f4                HAL_MspInit
 .text.HAL_ADC_MspInit
                0x0800363c      0x1a0 ./Core/Src/stm32l4xx_hal_msp.o
                0x0800363c                HAL_ADC_MspInit
 .text.HAL_DAC_MspInit
                0x080037dc       0x7c ./Core/Src/stm32l4xx_hal_msp.o
                0x080037dc                HAL_DAC_MspInit
 .text.HAL_SD_MspInit
                0x08003858       0xfc ./Core/Src/stm32l4xx_hal_msp.o
                0x08003858                HAL_SD_MspInit
 .text.HAL_SPI_MspInit
                0x08003954       0x84 ./Core/Src/stm32l4xx_hal_msp.o
                0x08003954                HAL_SPI_MspInit
 .text.HAL_TIM_Base_MspInit
                0x080039d8       0x64 ./Core/Src/stm32l4xx_hal_msp.o
                0x080039d8                HAL_TIM_Base_MspInit
 .text.HAL_TIM_MspPostInit
                0x08003a3c       0x70 ./Core/Src/stm32l4xx_hal_msp.o
                0x08003a3c                HAL_TIM_MspPostInit
 .text.HAL_UART_MspInit
                0x08003aac       0xb0 ./Core/Src/stm32l4xx_hal_msp.o
                0x08003aac                HAL_UART_MspInit
 .text.NMI_Handler
                0x08003b5c        0x8 ./Core/Src/stm32l4xx_it.o
                0x08003b5c                NMI_Handler
 .text.HardFault_Handler
                0x08003b64        0x8 ./Core/Src/stm32l4xx_it.o
                0x08003b64                HardFault_Handler
 .text.MemManage_Handler
                0x08003b6c        0x8 ./Core/Src/stm32l4xx_it.o
                0x08003b6c                MemManage_Handler
 .text.BusFault_Handler
                0x08003b74        0x8 ./Core/Src/stm32l4xx_it.o
                0x08003b74                BusFault_Handler
 .text.UsageFault_Handler
                0x08003b7c        0x8 ./Core/Src/stm32l4xx_it.o
                0x08003b7c                UsageFault_Handler
 .text.SVC_Handler
                0x08003b84        0xe ./Core/Src/stm32l4xx_it.o
                0x08003b84                SVC_Handler
 .text.DebugMon_Handler
                0x08003b92        0xe ./Core/Src/stm32l4xx_it.o
                0x08003b92                DebugMon_Handler
 .text.PendSV_Handler
                0x08003ba0        0xe ./Core/Src/stm32l4xx_it.o
                0x08003ba0                PendSV_Handler
 .text.SysTick_Handler
                0x08003bae        0xc ./Core/Src/stm32l4xx_it.o
                0x08003bae                SysTick_Handler
 *fill*         0x08003bba        0x2 
 .text.DMA1_Channel1_IRQHandler
                0x08003bbc       0x14 ./Core/Src/stm32l4xx_it.o
                0x08003bbc                DMA1_Channel1_IRQHandler
 .text.ADC1_IRQHandler
                0x08003bd0       0x14 ./Core/Src/stm32l4xx_it.o
                0x08003bd0                ADC1_IRQHandler
 .text.EXTI9_5_IRQHandler
                0x08003be4       0x14 ./Core/Src/stm32l4xx_it.o
                0x08003be4                EXTI9_5_IRQHandler
 .text.EXTI15_10_IRQHandler
                0x08003bf8       0x10 ./Core/Src/stm32l4xx_it.o
                0x08003bf8                EXTI15_10_IRQHandler
 .text._read    0x08003c08       0x3a ./Core/Src/syscalls.o
                0x08003c08                _read
 .text._close   0x08003c42       0x18 ./Core/Src/syscalls.o
                0x08003c42                _close
 .text._fstat   0x08003c5a       0x20 ./Core/Src/syscalls.o
                0x08003c5a                _fstat
 .text._isatty  0x08003c7a       0x16 ./Core/Src/syscalls.o
                0x08003c7a                _isatty
 .text._lseek   0x08003c90       0x1a ./Core/Src/syscalls.o
                0x08003c90                _lseek
 *fill*         0x08003caa        0x2 
 .text._sbrk    0x08003cac       0x6c ./Core/Src/sysmem.o
                0x08003cac                _sbrk
 .text.SystemInit
                0x08003d18       0x24 ./Core/Src/system_stm32l4xx.o
                0x08003d18                SystemInit
 .text.Reset_Handler
                0x08003d3c       0x50 ./Core/Startup/startup_stm32l431rctx.o
                0x08003d3c                Reset_Handler
 .text.Default_Handler
                0x08003d8c        0x2 ./Core/Startup/startup_stm32l431rctx.o
                0x08003d8c                TIM1_BRK_TIM15_IRQHandler
                0x08003d8c                EXTI2_IRQHandler
                0x08003d8c                TIM1_CC_IRQHandler
                0x08003d8c                TSC_IRQHandler
                0x08003d8c                TAMP_STAMP_IRQHandler
                0x08003d8c                EXTI3_IRQHandler
                0x08003d8c                LPTIM2_IRQHandler
                0x08003d8c                I2C3_ER_IRQHandler
                0x08003d8c                EXTI0_IRQHandler
                0x08003d8c                I2C2_EV_IRQHandler
                0x08003d8c                CAN1_RX0_IRQHandler
                0x08003d8c                FPU_IRQHandler
                0x08003d8c                TIM1_UP_TIM16_IRQHandler
                0x08003d8c                SPI1_IRQHandler
                0x08003d8c                TIM6_DAC_IRQHandler
                0x08003d8c                DMA2_Channel2_IRQHandler
                0x08003d8c                DMA1_Channel4_IRQHandler
                0x08003d8c                USART3_IRQHandler
                0x08003d8c                DMA1_Channel7_IRQHandler
                0x08003d8c                CAN1_RX1_IRQHandler
                0x08003d8c                DMA2_Channel1_IRQHandler
                0x08003d8c                QUADSPI_IRQHandler
                0x08003d8c                I2C1_EV_IRQHandler
                0x08003d8c                DMA1_Channel6_IRQHandler
                0x08003d8c                DMA2_Channel4_IRQHandler
                0x08003d8c                RCC_IRQHandler
                0x08003d8c                TIM1_TRG_COM_IRQHandler
                0x08003d8c                Default_Handler
                0x08003d8c                DMA2_Channel7_IRQHandler
                0x08003d8c                TIM7_IRQHandler
                0x08003d8c                SDMMC1_IRQHandler
                0x08003d8c                I2C3_EV_IRQHandler
                0x08003d8c                RTC_WKUP_IRQHandler
                0x08003d8c                PVD_PVM_IRQHandler
                0x08003d8c                SPI2_IRQHandler
                0x08003d8c                CAN1_TX_IRQHandler
                0x08003d8c                DMA2_Channel5_IRQHandler
                0x08003d8c                CRS_IRQHandler
                0x08003d8c                DMA1_Channel5_IRQHandler
                0x08003d8c                EXTI4_IRQHandler
                0x08003d8c                RNG_IRQHandler
                0x08003d8c                DMA1_Channel3_IRQHandler
                0x08003d8c                COMP_IRQHandler
                0x08003d8c                WWDG_IRQHandler
                0x08003d8c                LPUART1_IRQHandler
                0x08003d8c                DMA2_Channel6_IRQHandler
                0x08003d8c                TIM2_IRQHandler
                0x08003d8c                EXTI1_IRQHandler
                0x08003d8c                USART2_IRQHandler
                0x08003d8c                I2C2_ER_IRQHandler
                0x08003d8c                DMA1_Channel2_IRQHandler
                0x08003d8c                CAN1_SCE_IRQHandler
                0x08003d8c                FLASH_IRQHandler
                0x08003d8c                USART1_IRQHandler
                0x08003d8c                SPI3_IRQHandler
                0x08003d8c                I2C1_ER_IRQHandler
                0x08003d8c                SWPMI1_IRQHandler
                0x08003d8c                LPTIM1_IRQHandler
                0x08003d8c                SAI1_IRQHandler
                0x08003d8c                DMA2_Channel3_IRQHandler
                0x08003d8c                RTC_Alarm_IRQHandler
 .text.HAL_Init
                0x08003d8e       0x30 ./Drivers/STM32L4xx_HAL_Driver/Src/stm32l4xx_hal.o
                0x08003d8e                HAL_Init
 *fill*         0x08003dbe        0x2 
 .text.HAL_InitTick
                0x08003dc0       0x78 ./Drivers/STM32L4xx_HAL_Driver/Src/stm32l4xx_hal.o
                0x08003dc0                HAL_InitTick
 .text.HAL_IncTick
                0x08003e38       0x28 ./Drivers/STM32L4xx_HAL_Driver/Src/stm32l4xx_hal.o
                0x08003e38                HAL_IncTick
 .text.HAL_GetTick
                0x08003e60       0x18 ./Drivers/STM32L4xx_HAL_Driver/Src/stm32l4xx_hal.o
                0x08003e60                HAL_GetTick
 .text.HAL_Delay
                0x08003e78       0x48 ./Drivers/STM32L4xx_HAL_Driver/Src/stm32l4xx_hal.o
                0x08003e78                HAL_Delay
 .text.LL_ADC_SetCommonClock
                0x08003ec0       0x26 ./Drivers/STM32L4xx_HAL_Driver/Src/stm32l4xx_hal_adc.o
 .text.LL_ADC_SetCommonPathInternalCh
                0x08003ee6       0x26 ./Drivers/STM32L4xx_HAL_Driver/Src/stm32l4xx_hal_adc.o
 .text.LL_ADC_GetCommonPathInternalCh
                0x08003f0c       0x1c ./Drivers/STM32L4xx_HAL_Driver/Src/stm32l4xx_hal_adc.o
 .text.LL_ADC_SetOffset
                0x08003f28       0x48 ./Drivers/STM32L4xx_HAL_Driver/Src/stm32l4xx_hal_adc.o
 .text.LL_ADC_GetOffsetChannel
                0x08003f70       0x2c ./Drivers/STM32L4xx_HAL_Driver/Src/stm32l4xx_hal_adc.o
 .text.LL_ADC_SetOffsetState
                0x08003f9c       0x36 ./Drivers/STM32L4xx_HAL_Driver/Src/stm32l4xx_hal_adc.o
 .text.LL_ADC_REG_IsTriggerSourceSWStart
                0x08003fd2       0x26 ./Drivers/STM32L4xx_HAL_Driver/Src/stm32l4xx_hal_adc.o
 .text.LL_ADC_REG_SetSequencerRanks
                0x08003ff8       0x58 ./Drivers/STM32L4xx_HAL_Driver/Src/stm32l4xx_hal_adc.o
 .text.LL_ADC_INJ_IsTriggerSourceSWStart
                0x08004050       0x26 ./Drivers/STM32L4xx_HAL_Driver/Src/stm32l4xx_hal_adc.o
 .text.LL_ADC_SetChannelSamplingTime
                0x08004076       0x56 ./Drivers/STM32L4xx_HAL_Driver/Src/stm32l4xx_hal_adc.o
 .text.LL_ADC_SetChannelSingleDiff
                0x080040cc       0x48 ./Drivers/STM32L4xx_HAL_Driver/Src/stm32l4xx_hal_adc.o
 .text.LL_ADC_DisableDeepPowerDown
                0x08004114       0x24 ./Drivers/STM32L4xx_HAL_Driver/Src/stm32l4xx_hal_adc.o
 .text.LL_ADC_IsDeepPowerDownEnabled
                0x08004138       0x28 ./Drivers/STM32L4xx_HAL_Driver/Src/stm32l4xx_hal_adc.o
 .text.LL_ADC_EnableInternalRegulator
                0x08004160       0x28 ./Drivers/STM32L4xx_HAL_Driver/Src/stm32l4xx_hal_adc.o
 .text.LL_ADC_IsInternalRegulatorEnabled
                0x08004188       0x28 ./Drivers/STM32L4xx_HAL_Driver/Src/stm32l4xx_hal_adc.o
 .text.LL_ADC_Enable
                0x080041b0       0x28 ./Drivers/STM32L4xx_HAL_Driver/Src/stm32l4xx_hal_adc.o
 .text.LL_ADC_Disable
                0x080041d8       0x28 ./Drivers/STM32L4xx_HAL_Driver/Src/stm32l4xx_hal_adc.o
 .text.LL_ADC_IsEnabled
                0x08004200       0x26 ./Drivers/STM32L4xx_HAL_Driver/Src/stm32l4xx_hal_adc.o
 .text.LL_ADC_IsDisableOngoing
                0x08004226       0x26 ./Drivers/STM32L4xx_HAL_Driver/Src/stm32l4xx_hal_adc.o
 .text.LL_ADC_REG_StartConversion
                0x0800424c       0x28 ./Drivers/STM32L4xx_HAL_Driver/Src/stm32l4xx_hal_adc.o
 .text.LL_ADC_REG_IsConversionOngoing
                0x08004274       0x26 ./Drivers/STM32L4xx_HAL_Driver/Src/stm32l4xx_hal_adc.o
 .text.LL_ADC_INJ_IsConversionOngoing
                0x0800429a       0x26 ./Drivers/STM32L4xx_HAL_Driver/Src/stm32l4xx_hal_adc.o
 .text.HAL_ADC_Init
                0x080042c0      0x284 ./Drivers/STM32L4xx_HAL_Driver/Src/stm32l4xx_hal_adc.o
                0x080042c0                HAL_ADC_Init
 .text.HAL_ADC_Start_DMA
                0x08004544      0x108 ./Drivers/STM32L4xx_HAL_Driver/Src/stm32l4xx_hal_adc.o
                0x08004544                HAL_ADC_Start_DMA
 .text.HAL_ADC_IRQHandler
                0x0800464c      0x368 ./Drivers/STM32L4xx_HAL_Driver/Src/stm32l4xx_hal_adc.o
                0x0800464c                HAL_ADC_IRQHandler
 .text.HAL_ADC_ConvHalfCpltCallback
                0x080049b4       0x14 ./Drivers/STM32L4xx_HAL_Driver/Src/stm32l4xx_hal_adc.o
                0x080049b4                HAL_ADC_ConvHalfCpltCallback
 .text.HAL_ADC_LevelOutOfWindowCallback
                0x080049c8       0x14 ./Drivers/STM32L4xx_HAL_Driver/Src/stm32l4xx_hal_adc.o
                0x080049c8                HAL_ADC_LevelOutOfWindowCallback
 .text.HAL_ADC_ErrorCallback
                0x080049dc       0x14 ./Drivers/STM32L4xx_HAL_Driver/Src/stm32l4xx_hal_adc.o
                0x080049dc                HAL_ADC_ErrorCallback
 .text.HAL_ADC_ConfigChannel
                0x080049f0      0x7c4 ./Drivers/STM32L4xx_HAL_Driver/Src/stm32l4xx_hal_adc.o
                0x080049f0                HAL_ADC_ConfigChannel
 .text.ADC_Enable
                0x080051b4      0x10c ./Drivers/STM32L4xx_HAL_Driver/Src/stm32l4xx_hal_adc.o
                0x080051b4                ADC_Enable
 .text.ADC_Disable
                0x080052c0       0xbe ./Drivers/STM32L4xx_HAL_Driver/Src/stm32l4xx_hal_adc.o
                0x080052c0                ADC_Disable
 .text.ADC_DMAConvCplt
                0x0800537e       0xd8 ./Drivers/STM32L4xx_HAL_Driver/Src/stm32l4xx_hal_adc.o
                0x0800537e                ADC_DMAConvCplt
 .text.ADC_DMAHalfConvCplt
                0x08005456       0x1c ./Drivers/STM32L4xx_HAL_Driver/Src/stm32l4xx_hal_adc.o
                0x08005456                ADC_DMAHalfConvCplt
 .text.ADC_DMAError
                0x08005472       0x34 ./Drivers/STM32L4xx_HAL_Driver/Src/stm32l4xx_hal_adc.o
                0x08005472                ADC_DMAError
 .text.LL_ADC_StartCalibration
                0x080054a6       0x32 ./Drivers/STM32L4xx_HAL_Driver/Src/stm32l4xx_hal_adc_ex.o
 .text.LL_ADC_IsCalibrationOnGoing
                0x080054d8       0x28 ./Drivers/STM32L4xx_HAL_Driver/Src/stm32l4xx_hal_adc_ex.o
 .text.HAL_ADCEx_Calibration_Start
                0x08005500       0xc0 ./Drivers/STM32L4xx_HAL_Driver/Src/stm32l4xx_hal_adc_ex.o
                0x08005500                HAL_ADCEx_Calibration_Start
 .text.HAL_ADCEx_InjectedConvCpltCallback
                0x080055c0       0x14 ./Drivers/STM32L4xx_HAL_Driver/Src/stm32l4xx_hal_adc_ex.o
                0x080055c0                HAL_ADCEx_InjectedConvCpltCallback
 .text.HAL_ADCEx_InjectedQueueOverflowCallback
                0x080055d4       0x14 ./Drivers/STM32L4xx_HAL_Driver/Src/stm32l4xx_hal_adc_ex.o
                0x080055d4                HAL_ADCEx_InjectedQueueOverflowCallback
 .text.HAL_ADCEx_LevelOutOfWindow2Callback
                0x080055e8       0x14 ./Drivers/STM32L4xx_HAL_Driver/Src/stm32l4xx_hal_adc_ex.o
                0x080055e8                HAL_ADCEx_LevelOutOfWindow2Callback
 .text.HAL_ADCEx_LevelOutOfWindow3Callback
                0x080055fc       0x14 ./Drivers/STM32L4xx_HAL_Driver/Src/stm32l4xx_hal_adc_ex.o
                0x080055fc                HAL_ADCEx_LevelOutOfWindow3Callback
 .text.HAL_ADCEx_EndOfSamplingCallback
                0x08005610       0x14 ./Drivers/STM32L4xx_HAL_Driver/Src/stm32l4xx_hal_adc_ex.o
                0x08005610                HAL_ADCEx_EndOfSamplingCallback
 .text.__NVIC_SetPriorityGrouping
                0x08005624       0x48 ./Drivers/STM32L4xx_HAL_Driver/Src/stm32l4xx_hal_cortex.o
 .text.__NVIC_GetPriorityGrouping
                0x0800566c       0x1c ./Drivers/STM32L4xx_HAL_Driver/Src/stm32l4xx_hal_cortex.o
 .text.__NVIC_EnableIRQ
                0x08005688       0x3c ./Drivers/STM32L4xx_HAL_Driver/Src/stm32l4xx_hal_cortex.o
 .text.__NVIC_SetPriority
                0x080056c4       0x54 ./Drivers/STM32L4xx_HAL_Driver/Src/stm32l4xx_hal_cortex.o
 .text.NVIC_EncodePriority
                0x08005718       0x66 ./Drivers/STM32L4xx_HAL_Driver/Src/stm32l4xx_hal_cortex.o
 *fill*         0x0800577e        0x2 
 .text.SysTick_Config
                0x08005780       0x44 ./Drivers/STM32L4xx_HAL_Driver/Src/stm32l4xx_hal_cortex.o
 .text.HAL_NVIC_SetPriorityGrouping
                0x080057c4       0x16 ./Drivers/STM32L4xx_HAL_Driver/Src/stm32l4xx_hal_cortex.o
                0x080057c4                HAL_NVIC_SetPriorityGrouping
 .text.HAL_NVIC_SetPriority
                0x080057da       0x38 ./Drivers/STM32L4xx_HAL_Driver/Src/stm32l4xx_hal_cortex.o
                0x080057da                HAL_NVIC_SetPriority
 .text.HAL_NVIC_EnableIRQ
                0x08005812       0x1c ./Drivers/STM32L4xx_HAL_Driver/Src/stm32l4xx_hal_cortex.o
                0x08005812                HAL_NVIC_EnableIRQ
 .text.HAL_SYSTICK_Config
                0x0800582e       0x18 ./Drivers/STM32L4xx_HAL_Driver/Src/stm32l4xx_hal_cortex.o
                0x0800582e                HAL_SYSTICK_Config
 .text.HAL_DAC_Init
                0x08005846       0x44 ./Drivers/STM32L4xx_HAL_Driver/Src/stm32l4xx_hal_dac.o
                0x08005846                HAL_DAC_Init
 .text.HAL_DAC_ConfigChannel
                0x0800588a      0x24e ./Drivers/STM32L4xx_HAL_Driver/Src/stm32l4xx_hal_dac.o
                0x0800588a                HAL_DAC_ConfigChannel
 .text.HAL_DMA_Init
                0x08005ad8      0x170 ./Drivers/STM32L4xx_HAL_Driver/Src/stm32l4xx_hal_dma.o
                0x08005ad8                HAL_DMA_Init
 .text.HAL_DMA_Start_IT
                0x08005c48       0xc6 ./Drivers/STM32L4xx_HAL_Driver/Src/stm32l4xx_hal_dma.o
                0x08005c48                HAL_DMA_Start_IT
 *fill*         0x08005d0e        0x2 
 .text.HAL_DMA_IRQHandler
                0x08005d10      0x18c ./Drivers/STM32L4xx_HAL_Driver/Src/stm32l4xx_hal_dma.o
                0x08005d10                HAL_DMA_IRQHandler
 .text.DMA_SetConfig
                0x08005e9c       0x60 ./Drivers/STM32L4xx_HAL_Driver/Src/stm32l4xx_hal_dma.o
 .text.HAL_GPIO_Init
                0x08005efc      0x2f4 ./Drivers/STM32L4xx_HAL_Driver/Src/stm32l4xx_hal_gpio.o
                0x08005efc                HAL_GPIO_Init
 .text.HAL_GPIO_WritePin
                0x080061f0       0x30 ./Drivers/STM32L4xx_HAL_Driver/Src/stm32l4xx_hal_gpio.o
                0x080061f0                HAL_GPIO_WritePin
 .text.HAL_GPIO_EXTI_IRQHandler
                0x08006220       0x30 ./Drivers/STM32L4xx_HAL_Driver/Src/stm32l4xx_hal_gpio.o
                0x08006220                HAL_GPIO_EXTI_IRQHandler
 .text.HAL_PWREx_GetVoltageRange
                0x08006250       0x1c ./Drivers/STM32L4xx_HAL_Driver/Src/stm32l4xx_hal_pwr_ex.o
                0x08006250                HAL_PWREx_GetVoltageRange
 .text.HAL_PWREx_ControlVoltageScaling
                0x0800626c       0xac ./Drivers/STM32L4xx_HAL_Driver/Src/stm32l4xx_hal_pwr_ex.o
                0x0800626c                HAL_PWREx_ControlVoltageScaling
 .text.HAL_RCC_OscConfig
                0x08006318      0x828 ./Drivers/STM32L4xx_HAL_Driver/Src/stm32l4xx_hal_rcc.o
                0x08006318                HAL_RCC_OscConfig
 .text.HAL_RCC_ClockConfig
                0x08006b40      0x200 ./Drivers/STM32L4xx_HAL_Driver/Src/stm32l4xx_hal_rcc.o
                0x08006b40                HAL_RCC_ClockConfig
 .text.HAL_RCC_GetSysClockFreq
                0x08006d40      0x118 ./Drivers/STM32L4xx_HAL_Driver/Src/stm32l4xx_hal_rcc.o
                0x08006d40                HAL_RCC_GetSysClockFreq
 .text.HAL_RCC_GetHCLKFreq
                0x08006e58       0x18 ./Drivers/STM32L4xx_HAL_Driver/Src/stm32l4xx_hal_rcc.o
                0x08006e58                HAL_RCC_GetHCLKFreq
 .text.HAL_RCC_GetPCLK1Freq
                0x08006e70       0x2c ./Drivers/STM32L4xx_HAL_Driver/Src/stm32l4xx_hal_rcc.o
                0x08006e70                HAL_RCC_GetPCLK1Freq
 .text.HAL_RCC_GetPCLK2Freq
                0x08006e9c       0x2c ./Drivers/STM32L4xx_HAL_Driver/Src/stm32l4xx_hal_rcc.o
                0x08006e9c                HAL_RCC_GetPCLK2Freq
 .text.RCC_SetFlashLatencyFromMSIRange
                0x08006ec8       0xc0 ./Drivers/STM32L4xx_HAL_Driver/Src/stm32l4xx_hal_rcc.o
 .text.HAL_RCCEx_PeriphCLKConfig
                0x08006f88      0x430 ./Drivers/STM32L4xx_HAL_Driver/Src/stm32l4xx_hal_rcc_ex.o
                0x08006f88                HAL_RCCEx_PeriphCLKConfig
 .text.HAL_RCCEx_GetPeriphCLKFreq
                0x080073b8      0x92c ./Drivers/STM32L4xx_HAL_Driver/Src/stm32l4xx_hal_rcc_ex.o
                0x080073b8                HAL_RCCEx_GetPeriphCLKFreq
 .text.RCCEx_PLLSAI1_Config
                0x08007ce4      0x1e4 ./Drivers/STM32L4xx_HAL_Driver/Src/stm32l4xx_hal_rcc_ex.o
 .text.RCCEx_GetSAIxPeriphCLKFreq
                0x08007ec8      0x178 ./Drivers/STM32L4xx_HAL_Driver/Src/stm32l4xx_hal_rcc_ex.o
 .text.HAL_SD_Init
                0x08008040       0x8c ./Drivers/STM32L4xx_HAL_Driver/Src/stm32l4xx_hal_sd.o
                0x08008040                HAL_SD_Init
 .text.HAL_SD_InitCard
                0x080080cc      0x160 ./Drivers/STM32L4xx_HAL_Driver/Src/stm32l4xx_hal_sd.o
                0x080080cc                HAL_SD_InitCard
 .text.HAL_SD_ReadBlocks
                0x0800822c      0x3bc ./Drivers/STM32L4xx_HAL_Driver/Src/stm32l4xx_hal_sd.o
                0x0800822c                HAL_SD_ReadBlocks
 .text.HAL_SD_WriteBlocks
                0x080085e8      0x30c ./Drivers/STM32L4xx_HAL_Driver/Src/stm32l4xx_hal_sd.o
                0x080085e8                HAL_SD_WriteBlocks
 .text.HAL_SD_GetCardCSD
                0x080088f4      0x348 ./Drivers/STM32L4xx_HAL_Driver/Src/stm32l4xx_hal_sd.o
                0x080088f4                HAL_SD_GetCardCSD
 .text.HAL_SD_GetCardInfo
                0x08008c3c       0x58 ./Drivers/STM32L4xx_HAL_Driver/Src/stm32l4xx_hal_sd.o
                0x08008c3c                HAL_SD_GetCardInfo
 .text.HAL_SD_ConfigWideBusOperation
                0x08008c94      0x180 ./Drivers/STM32L4xx_HAL_Driver/Src/stm32l4xx_hal_sd.o
                0x08008c94                HAL_SD_ConfigWideBusOperation
 .text.HAL_SD_GetCardState
                0x08008e14       0x40 ./Drivers/STM32L4xx_HAL_Driver/Src/stm32l4xx_hal_sd.o
                0x08008e14                HAL_SD_GetCardState
 .text.SD_InitCard
                0x08008e54      0x180 ./Drivers/STM32L4xx_HAL_Driver/Src/stm32l4xx_hal_sd.o
 .text.SD_PowerON
                0x08008fd4      0x11c ./Drivers/STM32L4xx_HAL_Driver/Src/stm32l4xx_hal_sd.o
 .text.SD_SendStatus
                0x080090f0       0x50 ./Drivers/STM32L4xx_HAL_Driver/Src/stm32l4xx_hal_sd.o
 .text.SD_WideBus_Enable
                0x08009140       0x96 ./Drivers/STM32L4xx_HAL_Driver/Src/stm32l4xx_hal_sd.o
 .text.SD_WideBus_Disable
                0x080091d6       0x96 ./Drivers/STM32L4xx_HAL_Driver/Src/stm32l4xx_hal_sd.o
 .text.SD_FindSCR
                0x0800926c      0x1a6 ./Drivers/STM32L4xx_HAL_Driver/Src/stm32l4xx_hal_sd.o
 .text.HAL_SPI_Init
                0x08009412      0x146 ./Drivers/STM32L4xx_HAL_Driver/Src/stm32l4xx_hal_spi.o
                0x08009412                HAL_SPI_Init
 .text.HAL_SPI_Transmit
                0x08009558      0x2ec ./Drivers/STM32L4xx_HAL_Driver/Src/stm32l4xx_hal_spi.o
                0x08009558                HAL_SPI_Transmit
 .text.SPI_WaitFlagStateUntilTimeout
                0x08009844      0x110 ./Drivers/STM32L4xx_HAL_Driver/Src/stm32l4xx_hal_spi.o
 .text.SPI_WaitFifoStateUntilTimeout
                0x08009954      0x12c ./Drivers/STM32L4xx_HAL_Driver/Src/stm32l4xx_hal_spi.o
 .text.SPI_EndRxTxTransaction
                0x08009a80       0x8c ./Drivers/STM32L4xx_HAL_Driver/Src/stm32l4xx_hal_spi.o
 .text.HAL_TIM_Base_Init
                0x08009b0c       0xae ./Drivers/STM32L4xx_HAL_Driver/Src/stm32l4xx_hal_tim.o
                0x08009b0c                HAL_TIM_Base_Init
 *fill*         0x08009bba        0x2 
 .text.HAL_TIM_Base_Start
                0x08009bbc       0x98 ./Drivers/STM32L4xx_HAL_Driver/Src/stm32l4xx_hal_tim.o
                0x08009bbc                HAL_TIM_Base_Start
 .text.HAL_TIM_PWM_Init
                0x08009c54       0xae ./Drivers/STM32L4xx_HAL_Driver/Src/stm32l4xx_hal_tim.o
                0x08009c54                HAL_TIM_PWM_Init
 .text.HAL_TIM_PWM_MspInit
                0x08009d02       0x14 ./Drivers/STM32L4xx_HAL_Driver/Src/stm32l4xx_hal_tim.o
                0x08009d02                HAL_TIM_PWM_MspInit
 *fill*         0x08009d16        0x2 
 .text.HAL_TIM_PWM_Start
                0x08009d18      0x1bc ./Drivers/STM32L4xx_HAL_Driver/Src/stm32l4xx_hal_tim.o
                0x08009d18                HAL_TIM_PWM_Start
 .text.HAL_TIM_PWM_ConfigChannel
                0x08009ed4      0x228 ./Drivers/STM32L4xx_HAL_Driver/Src/stm32l4xx_hal_tim.o
                0x08009ed4                HAL_TIM_PWM_ConfigChannel
 .text.HAL_TIM_ConfigClockSource
                0x0800a0fc      0x192 ./Drivers/STM32L4xx_HAL_Driver/Src/stm32l4xx_hal_tim.o
                0x0800a0fc                HAL_TIM_ConfigClockSource
 *fill*         0x0800a28e        0x2 
 .text.TIM_Base_SetConfig
                0x0800a290       0xd4 ./Drivers/STM32L4xx_HAL_Driver/Src/stm32l4xx_hal_tim.o
                0x0800a290                TIM_Base_SetConfig
 .text.TIM_OC1_SetConfig
                0x0800a364       0xfc ./Drivers/STM32L4xx_HAL_Driver/Src/stm32l4xx_hal_tim.o
 .text.TIM_OC2_SetConfig
                0x0800a460       0xf8 ./Drivers/STM32L4xx_HAL_Driver/Src/stm32l4xx_hal_tim.o
                0x0800a460                TIM_OC2_SetConfig
 .text.TIM_OC3_SetConfig
                0x0800a558       0xf4 ./Drivers/STM32L4xx_HAL_Driver/Src/stm32l4xx_hal_tim.o
 .text.TIM_OC4_SetConfig
                0x0800a64c       0xbc ./Drivers/STM32L4xx_HAL_Driver/Src/stm32l4xx_hal_tim.o
 .text.TIM_OC5_SetConfig
                0x0800a708       0xb0 ./Drivers/STM32L4xx_HAL_Driver/Src/stm32l4xx_hal_tim.o
 .text.TIM_OC6_SetConfig
                0x0800a7b8       0xb4 ./Drivers/STM32L4xx_HAL_Driver/Src/stm32l4xx_hal_tim.o
 .text.TIM_TI1_ConfigInputStage
                0x0800a86c       0x90 ./Drivers/STM32L4xx_HAL_Driver/Src/stm32l4xx_hal_tim.o
 .text.TIM_TI2_ConfigInputStage
                0x0800a8fc       0x78 ./Drivers/STM32L4xx_HAL_Driver/Src/stm32l4xx_hal_tim.o
 .text.TIM_ITRx_SetConfig
                0x0800a974       0x36 ./Drivers/STM32L4xx_HAL_Driver/Src/stm32l4xx_hal_tim.o
 .text.TIM_ETR_SetConfig
                0x0800a9aa       0x40 ./Drivers/STM32L4xx_HAL_Driver/Src/stm32l4xx_hal_tim.o
                0x0800a9aa                TIM_ETR_SetConfig
 .text.TIM_CCxChannelCmd
                0x0800a9ea       0x4a ./Drivers/STM32L4xx_HAL_Driver/Src/stm32l4xx_hal_tim.o
                0x0800a9ea                TIM_CCxChannelCmd
 .text.HAL_TIMEx_MasterConfigSynchronization
                0x0800aa34       0xcc ./Drivers/STM32L4xx_HAL_Driver/Src/stm32l4xx_hal_tim_ex.o
                0x0800aa34                HAL_TIMEx_MasterConfigSynchronization
 .text.HAL_TIMEx_ConfigBreakDeadTime
                0x0800ab00       0xf0 ./Drivers/STM32L4xx_HAL_Driver/Src/stm32l4xx_hal_tim_ex.o
                0x0800ab00                HAL_TIMEx_ConfigBreakDeadTime
 .text.HAL_UART_Init
                0x0800abf0       0x9c ./Drivers/STM32L4xx_HAL_Driver/Src/stm32l4xx_hal_uart.o
                0x0800abf0                HAL_UART_Init
 .text.UART_SetConfig
                0x0800ac8c      0x4b4 ./Drivers/STM32L4xx_HAL_Driver/Src/stm32l4xx_hal_uart.o
                0x0800ac8c                UART_SetConfig
 .text.UART_AdvFeatureConfig
                0x0800b140      0x144 ./Drivers/STM32L4xx_HAL_Driver/Src/stm32l4xx_hal_uart.o
                0x0800b140                UART_AdvFeatureConfig
 .text.UART_CheckIdleState
                0x0800b284      0x150 ./Drivers/STM32L4xx_HAL_Driver/Src/stm32l4xx_hal_uart.o
                0x0800b284                UART_CheckIdleState
 .text.UART_WaitOnFlagUntilTimeout
                0x0800b3d4       0xda ./Drivers/STM32L4xx_HAL_Driver/Src/stm32l4xx_hal_uart.o
                0x0800b3d4                UART_WaitOnFlagUntilTimeout
 .text.UART_EndRxTransfer
                0x0800b4ae       0xc8 ./Drivers/STM32L4xx_HAL_Driver/Src/stm32l4xx_hal_uart.o
 .text.SDMMC_Init
                0x0800b576       0x5a ./Drivers/STM32L4xx_HAL_Driver/Src/stm32l4xx_ll_sdmmc.o
                0x0800b576                SDMMC_Init
 .text.SDMMC_ReadFIFO
                0x0800b5d0       0x1a ./Drivers/STM32L4xx_HAL_Driver/Src/stm32l4xx_ll_sdmmc.o
                0x0800b5d0                SDMMC_ReadFIFO
 .text.SDMMC_WriteFIFO
                0x0800b5ea       0x22 ./Drivers/STM32L4xx_HAL_Driver/Src/stm32l4xx_ll_sdmmc.o
                0x0800b5ea                SDMMC_WriteFIFO
 .text.SDMMC_PowerState_ON
                0x0800b60c       0x1e ./Drivers/STM32L4xx_HAL_Driver/Src/stm32l4xx_ll_sdmmc.o
                0x0800b60c                SDMMC_PowerState_ON
 .text.SDMMC_GetPowerState
                0x0800b62a       0x1c ./Drivers/STM32L4xx_HAL_Driver/Src/stm32l4xx_ll_sdmmc.o
                0x0800b62a                SDMMC_GetPowerState
 .text.SDMMC_SendCommand
                0x0800b646       0x54 ./Drivers/STM32L4xx_HAL_Driver/Src/stm32l4xx_ll_sdmmc.o
                0x0800b646                SDMMC_SendCommand
 .text.SDMMC_GetCommandResponse
                0x0800b69a       0x1a ./Drivers/STM32L4xx_HAL_Driver/Src/stm32l4xx_ll_sdmmc.o
                0x0800b69a                SDMMC_GetCommandResponse
 .text.SDMMC_GetResponse
                0x0800b6b4       0x26 ./Drivers/STM32L4xx_HAL_Driver/Src/stm32l4xx_ll_sdmmc.o
                0x0800b6b4                SDMMC_GetResponse
 .text.SDMMC_ConfigData
                0x0800b6da       0x58 ./Drivers/STM32L4xx_HAL_Driver/Src/stm32l4xx_ll_sdmmc.o
                0x0800b6da                SDMMC_ConfigData
 .text.SDMMC_CmdBlockLength
                0x0800b732       0x44 ./Drivers/STM32L4xx_HAL_Driver/Src/stm32l4xx_ll_sdmmc.o
                0x0800b732                SDMMC_CmdBlockLength
 .text.SDMMC_CmdReadSingleBlock
                0x0800b776       0x44 ./Drivers/STM32L4xx_HAL_Driver/Src/stm32l4xx_ll_sdmmc.o
                0x0800b776                SDMMC_CmdReadSingleBlock
 .text.SDMMC_CmdReadMultiBlock
                0x0800b7ba       0x44 ./Drivers/STM32L4xx_HAL_Driver/Src/stm32l4xx_ll_sdmmc.o
                0x0800b7ba                SDMMC_CmdReadMultiBlock
 .text.SDMMC_CmdWriteSingleBlock
                0x0800b7fe       0x44 ./Drivers/STM32L4xx_HAL_Driver/Src/stm32l4xx_ll_sdmmc.o
                0x0800b7fe                SDMMC_CmdWriteSingleBlock
 .text.SDMMC_CmdWriteMultiBlock
                0x0800b842       0x44 ./Drivers/STM32L4xx_HAL_Driver/Src/stm32l4xx_ll_sdmmc.o
                0x0800b842                SDMMC_CmdWriteMultiBlock
 *fill*         0x0800b886        0x2 
 .text.SDMMC_CmdStopTransfer
                0x0800b888       0x44 ./Drivers/STM32L4xx_HAL_Driver/Src/stm32l4xx_ll_sdmmc.o
                0x0800b888                SDMMC_CmdStopTransfer
 .text.SDMMC_CmdSelDesel
                0x0800b8cc       0x46 ./Drivers/STM32L4xx_HAL_Driver/Src/stm32l4xx_ll_sdmmc.o
                0x0800b8cc                SDMMC_CmdSelDesel
 .text.SDMMC_CmdGoIdleState
                0x0800b912       0x3c ./Drivers/STM32L4xx_HAL_Driver/Src/stm32l4xx_ll_sdmmc.o
                0x0800b912                SDMMC_CmdGoIdleState
 .text.SDMMC_CmdOperCond
                0x0800b94e       0x3e ./Drivers/STM32L4xx_HAL_Driver/Src/stm32l4xx_ll_sdmmc.o
                0x0800b94e                SDMMC_CmdOperCond
 .text.SDMMC_CmdAppCommand
                0x0800b98c       0x44 ./Drivers/STM32L4xx_HAL_Driver/Src/stm32l4xx_ll_sdmmc.o
                0x0800b98c                SDMMC_CmdAppCommand
 .text.SDMMC_CmdAppOperCommand
                0x0800b9d0       0x46 ./Drivers/STM32L4xx_HAL_Driver/Src/stm32l4xx_ll_sdmmc.o
                0x0800b9d0                SDMMC_CmdAppOperCommand
 .text.SDMMC_CmdBusWidth
                0x0800ba16       0x44 ./Drivers/STM32L4xx_HAL_Driver/Src/stm32l4xx_ll_sdmmc.o
                0x0800ba16                SDMMC_CmdBusWidth
 .text.SDMMC_CmdSendSCR
                0x0800ba5a       0x42 ./Drivers/STM32L4xx_HAL_Driver/Src/stm32l4xx_ll_sdmmc.o
                0x0800ba5a                SDMMC_CmdSendSCR
 .text.SDMMC_CmdSendCID
                0x0800ba9c       0x3c ./Drivers/STM32L4xx_HAL_Driver/Src/stm32l4xx_ll_sdmmc.o
                0x0800ba9c                SDMMC_CmdSendCID
 .text.SDMMC_CmdSendCSD
                0x0800bad8       0x3e ./Drivers/STM32L4xx_HAL_Driver/Src/stm32l4xx_ll_sdmmc.o
                0x0800bad8                SDMMC_CmdSendCSD
 .text.SDMMC_CmdSetRelAdd
                0x0800bb16       0x42 ./Drivers/STM32L4xx_HAL_Driver/Src/stm32l4xx_ll_sdmmc.o
                0x0800bb16                SDMMC_CmdSetRelAdd
 .text.SDMMC_CmdSendStatus
                0x0800bb58       0x44 ./Drivers/STM32L4xx_HAL_Driver/Src/stm32l4xx_ll_sdmmc.o
                0x0800bb58                SDMMC_CmdSendStatus
 .text.SDMMC_GetCmdResp1
                0x0800bb9c      0x1dc ./Drivers/STM32L4xx_HAL_Driver/Src/stm32l4xx_ll_sdmmc.o
                0x0800bb9c                SDMMC_GetCmdResp1
 .text.SDMMC_GetCmdResp2
                0x0800bd78       0x90 ./Drivers/STM32L4xx_HAL_Driver/Src/stm32l4xx_ll_sdmmc.o
                0x0800bd78                SDMMC_GetCmdResp2
 .text.SDMMC_GetCmdResp3
                0x0800be08       0x7c ./Drivers/STM32L4xx_HAL_Driver/Src/stm32l4xx_ll_sdmmc.o
                0x0800be08                SDMMC_GetCmdResp3
 .text.SDMMC_GetCmdResp6
                0x0800be84       0xec ./Drivers/STM32L4xx_HAL_Driver/Src/stm32l4xx_ll_sdmmc.o
                0x0800be84                SDMMC_GetCmdResp6
 .text.SDMMC_GetCmdResp7
                0x0800bf70       0x9c ./Drivers/STM32L4xx_HAL_Driver/Src/stm32l4xx_ll_sdmmc.o
                0x0800bf70                SDMMC_GetCmdResp7
 .text.SDMMC_GetCmdError
                0x0800c00c       0x58 ./Drivers/STM32L4xx_HAL_Driver/Src/stm32l4xx_ll_sdmmc.o
 .text.MX_FATFS_Init
                0x0800c064       0x24 ./FATFS/App/fatfs.o
                0x0800c064                MX_FATFS_Init
 .text.BSP_SD_Init
                0x0800c088       0x30 ./FATFS/Target/bsp_driver_sd.o
                0x0800c088                BSP_SD_Init
 .text.BSP_SD_ReadBlocks
                0x0800c0b8       0x3c ./FATFS/Target/bsp_driver_sd.o
                0x0800c0b8                BSP_SD_ReadBlocks
 .text.BSP_SD_WriteBlocks
                0x0800c0f4       0x3c ./FATFS/Target/bsp_driver_sd.o
                0x0800c0f4                BSP_SD_WriteBlocks
 .text.BSP_SD_GetCardState
                0x0800c130       0x20 ./FATFS/Target/bsp_driver_sd.o
                0x0800c130                BSP_SD_GetCardState
 .text.BSP_SD_GetCardInfo
                0x0800c150       0x1c ./FATFS/Target/bsp_driver_sd.o
                0x0800c150                BSP_SD_GetCardInfo
 .text.BSP_SD_IsDetected
                0x0800c16c       0x1a ./FATFS/Target/bsp_driver_sd.o
                0x0800c16c                BSP_SD_IsDetected
 *fill*         0x0800c186        0x2 
 .text.SD_CheckStatus
                0x0800c188       0x3c ./FATFS/Target/sd_diskio.o
 .text.SD_initialize
                0x0800c1c4       0x3c ./FATFS/Target/sd_diskio.o
                0x0800c1c4                SD_initialize
 .text.SD_status
                0x0800c200       0x1c ./FATFS/Target/sd_diskio.o
                0x0800c200                SD_status
 .text.SD_read  0x0800c21c       0x42 ./FATFS/Target/sd_diskio.o
                0x0800c21c                SD_read
 .text.SD_write
                0x0800c25e       0x42 ./FATFS/Target/sd_diskio.o
                0x0800c25e                SD_write
 .text.SD_ioctl
                0x0800c2a0       0xb0 ./FATFS/Target/sd_diskio.o
                0x0800c2a0                SD_ioctl
 .text.FATFS_LinkDriverEx
                0x0800c350       0x98 ./Middlewares/Third_Party/FatFs/src/ff_gen_drv.o
                0x0800c350                FATFS_LinkDriverEx
 .text.FATFS_LinkDriver
                0x0800c3e8       0x1e ./Middlewares/Third_Party/FatFs/src/ff_gen_drv.o
                0x0800c3e8                FATFS_LinkDriver
 *fill*         0x0800c406        0x2 
 .text.sprintf  0x0800c408       0x44 /Applications/STM32CubeIDE.app/Contents/Eclipse/plugins/com.st.stm32cube.ide.mcu.externaltools.gnu-tools-for-stm32.14.3.rel1.macosaarch64_1.0.0.202602081740/tools/bin/../lib/gcc/arm-none-eabi/14.3.1/../../../../arm-none-eabi/lib/thumb/v7e-m+fp/hard/libc_nano.a(libc_a-sprintf.o)
                0x0800c408                sprintf
                0x0800c408                siprintf
 .text.std      0x0800c44c       0x6c /Applications/STM32CubeIDE.app/Contents/Eclipse/plugins/com.st.stm32cube.ide.mcu.externaltools.gnu-tools-for-stm32.14.3.rel1.macosaarch64_1.0.0.202602081740/tools/bin/../lib/gcc/arm-none-eabi/14.3.1/../../../../arm-none-eabi/lib/thumb/v7e-m+fp/hard/libc_nano.a(libc_a-findfp.o)
 .text.stdio_exit_handler
                0x0800c4b8       0x18 /Applications/STM32CubeIDE.app/Contents/Eclipse/plugins/com.st.stm32cube.ide.mcu.externaltools.gnu-tools-for-stm32.14.3.rel1.macosaarch64_1.0.0.202602081740/tools/bin/../lib/gcc/arm-none-eabi/14.3.1/../../../../arm-none-eabi/lib/thumb/v7e-m+fp/hard/libc_nano.a(libc_a-findfp.o)
 .text.cleanup_stdio
                0x0800c4d0       0x40 /Applications/STM32CubeIDE.app/Contents/Eclipse/plugins/com.st.stm32cube.ide.mcu.externaltools.gnu-tools-for-stm32.14.3.rel1.macosaarch64_1.0.0.202602081740/tools/bin/../lib/gcc/arm-none-eabi/14.3.1/../../../../arm-none-eabi/lib/thumb/v7e-m+fp/hard/libc_nano.a(libc_a-findfp.o)
 .text.global_stdio_init.part.0
                0x0800c510       0x40 /Applications/STM32CubeIDE.app/Contents/Eclipse/plugins/com.st.stm32cube.ide.mcu.externaltools.gnu-tools-for-stm32.14.3.rel1.macosaarch64_1.0.0.202602081740/tools/bin/../lib/gcc/arm-none-eabi/14.3.1/../../../../arm-none-eabi/lib/thumb/v7e-m+fp/hard/libc_nano.a(libc_a-findfp.o)
 .text.__sfp_lock_acquire
                0x0800c550        0xc /Applications/STM32CubeIDE.app/Contents/Eclipse/plugins/com.st.stm32cube.ide.mcu.externaltools.gnu-tools-for-stm32.14.3.rel1.macosaarch64_1.0.0.202602081740/tools/bin/../lib/gcc/arm-none-eabi/14.3.1/../../../../arm-none-eabi/lib/thumb/v7e-m+fp/hard/libc_nano.a(libc_a-findfp.o)
                0x0800c550                __sfp_lock_acquire
 .text.__sfp_lock_release
                0x0800c55c        0xc /Applications/STM32CubeIDE.app/Contents/Eclipse/plugins/com.st.stm32cube.ide.mcu.externaltools.gnu-tools-for-stm32.14.3.rel1.macosaarch64_1.0.0.202602081740/tools/bin/../lib/gcc/arm-none-eabi/14.3.1/../../../../arm-none-eabi/lib/thumb/v7e-m+fp/hard/libc_nano.a(libc_a-findfp.o)
                0x0800c55c                __sfp_lock_release
 .text.__sinit  0x0800c568       0x30 /Applications/STM32CubeIDE.app/Contents/Eclipse/plugins/com.st.stm32cube.ide.mcu.externaltools.gnu-tools-for-stm32.14.3.rel1.macosaarch64_1.0.0.202602081740/tools/bin/../lib/gcc/arm-none-eabi/14.3.1/../../../../arm-none-eabi/lib/thumb/v7e-m+fp/hard/libc_nano.a(libc_a-findfp.o)
                0x0800c568                __sinit
 .text._fwalk_sglue
                0x0800c598       0x3c /Applications/STM32CubeIDE.app/Contents/Eclipse/plugins/com.st.stm32cube.ide.mcu.externaltools.gnu-tools-for-stm32.14.3.rel1.macosaarch64_1.0.0.202602081740/tools/bin/../lib/gcc/arm-none-eabi/14.3.1/../../../../arm-none-eabi/lib/thumb/v7e-m+fp/hard/libc_nano.a(libc_a-fwalk.o)
                0x0800c598                _fwalk_sglue
 .text.printf   0x0800c5d4       0x24 /Applications/STM32CubeIDE.app/Contents/Eclipse/plugins/com.st.stm32cube.ide.mcu.externaltools.gnu-tools-for-stm32.14.3.rel1.macosaarch64_1.0.0.202602081740/tools/bin/../lib/gcc/arm-none-eabi/14.3.1/../../../../arm-none-eabi/lib/thumb/v7e-m+fp/hard/libc_nano.a(libc_a-printf.o)
                0x0800c5d4                printf
                0x0800c5d4                iprintf
 .text._puts_r  0x0800c5f8       0xaa /Applications/STM32CubeIDE.app/Contents/Eclipse/plugins/com.st.stm32cube.ide.mcu.externaltools.gnu-tools-for-stm32.14.3.rel1.macosaarch64_1.0.0.202602081740/tools/bin/../lib/gcc/arm-none-eabi/14.3.1/../../../../arm-none-eabi/lib/thumb/v7e-m+fp/hard/libc_nano.a(libc_a-puts.o)
                0x0800c5f8                _puts_r
 *fill*         0x0800c6a2        0x2 
 .text.puts     0x0800c6a4       0x10 /Applications/STM32CubeIDE.app/Contents/Eclipse/plugins/com.st.stm32cube.ide.mcu.externaltools.gnu-tools-for-stm32.14.3.rel1.macosaarch64_1.0.0.202602081740/tools/bin/../lib/gcc/arm-none-eabi/14.3.1/../../../../arm-none-eabi/lib/thumb/v7e-m+fp/hard/libc_nano.a(libc_a-puts.o)
                0x0800c6a4                puts
 .text.memset   0x0800c6b4       0x10 /Applications/STM32CubeIDE.app/Contents/Eclipse/plugins/com.st.stm32cube.ide.mcu.externaltools.gnu-tools-for-stm32.14.3.rel1.macosaarch64_1.0.0.202602081740/tools/bin/../lib/gcc/arm-none-eabi/14.3.1/../../../../arm-none-eabi/lib/thumb/v7e-m+fp/hard/libc_nano.a(libc_a-memset.o)
                0x0800c6b4                memset
 .text.__errno  0x0800c6c4        0xc /Applications/STM32CubeIDE.app/Contents/Eclipse/plugins/com.st.stm32cube.ide.mcu.externaltools.gnu-tools-for-stm32.14.3.rel1.macosaarch64_1.0.0.202602081740/tools/bin/../lib/gcc/arm-none-eabi/14.3.1/../../../../arm-none-eabi/lib/thumb/v7e-m+fp/hard/libc_nano.a(libc_a-errno.o)
                0x0800c6c4                __errno
 .text.__libc_init_array
                0x0800c6d0       0x48 /Applications/STM32CubeIDE.app/Contents/Eclipse/plugins/com.st.stm32cube.ide.mcu.externaltools.gnu-tools-for-stm32.14.3.rel1.macosaarch64_1.0.0.202602081740/tools/bin/../lib/gcc/arm-none-eabi/14.3.1/../../../../arm-none-eabi/lib/thumb/v7e-m+fp/hard/libc_nano.a(libc_a-init.o)
                0x0800c6d0                __libc_init_array
 .text.__retarget_lock_init_recursive
                0x0800c718        0x2 /Applications/STM32CubeIDE.app/Contents/Eclipse/plugins/com.st.stm32cube.ide.mcu.externaltools.gnu-tools-for-stm32.14.3.rel1.macosaarch64_1.0.0.202602081740/tools/bin/../lib/gcc/arm-none-eabi/14.3.1/../../../../arm-none-eabi/lib/thumb/v7e-m+fp/hard/libc_nano.a(libc_a-lock.o)
                0x0800c718                __retarget_lock_init_recursive
 .text.__retarget_lock_acquire_recursive
                0x0800c71a        0x2 /Applications/STM32CubeIDE.app/Contents/Eclipse/plugins/com.st.stm32cube.ide.mcu.externaltools.gnu-tools-for-stm32.14.3.rel1.macosaarch64_1.0.0.202602081740/tools/bin/../lib/gcc/arm-none-eabi/14.3.1/../../../../arm-none-eabi/lib/thumb/v7e-m+fp/hard/libc_nano.a(libc_a-lock.o)
                0x0800c71a                __retarget_lock_acquire_recursive
 .text.__retarget_lock_release_recursive
                0x0800c71c        0x2 /Applications/STM32CubeIDE.app/Contents/Eclipse/plugins/com.st.stm32cube.ide.mcu.externaltools.gnu-tools-for-stm32.14.3.rel1.macosaarch64_1.0.0.202602081740/tools/bin/../lib/gcc/arm-none-eabi/14.3.1/../../../../arm-none-eabi/lib/thumb/v7e-m+fp/hard/libc_nano.a(libc_a-lock.o)
                0x0800c71c                __retarget_lock_release_recursive
 .text.memcpy   0x0800c71e       0x1c /Applications/STM32CubeIDE.app/Contents/Eclipse/plugins/com.st.stm32cube.ide.mcu.externaltools.gnu-tools-for-stm32.14.3.rel1.macosaarch64_1.0.0.202602081740/tools/bin/../lib/gcc/arm-none-eabi/14.3.1/../../../../arm-none-eabi/lib/thumb/v7e-m+fp/hard/libc_nano.a(libc_a-memcpy-stub.o)
                0x0800c71e                memcpy
 .text.__ssputs_r
                0x0800c73a       0xc0 /Applications/STM32CubeIDE.app/Contents/Eclipse/plugins/com.st.stm32cube.ide.mcu.externaltools.gnu-tools-for-stm32.14.3.rel1.macosaarch64_1.0.0.202602081740/tools/bin/../lib/gcc/arm-none-eabi/14.3.1/../../../../arm-none-eabi/lib/thumb/v7e-m+fp/hard/libc_nano.a(libc_a-nano-svfprintf.o)
                0x0800c73a                __ssputs_r
 *fill*         0x0800c7fa        0x2 
 .text._svfprintf_r
                0x0800c7fc      0x1f0 /Applications/STM32CubeIDE.app/Contents/Eclipse/plugins/com.st.stm32cube.ide.mcu.externaltools.gnu-tools-for-stm32.14.3.rel1.macosaarch64_1.0.0.202602081740/tools/bin/../lib/gcc/arm-none-eabi/14.3.1/../../../../arm-none-eabi/lib/thumb/v7e-m+fp/hard/libc_nano.a(libc_a-nano-svfprintf.o)
                0x0800c7fc                _svfprintf_r
                0x0800c7fc                _svfiprintf_r
 .text.__sfputc_r
                0x0800c9ec       0x2e /Applications/STM32CubeIDE.app/Contents/Eclipse/plugins/com.st.stm32cube.ide.mcu.externaltools.gnu-tools-for-stm32.14.3.rel1.macosaarch64_1.0.0.202602081740/tools/bin/../lib/gcc/arm-none-eabi/14.3.1/../../../../arm-none-eabi/lib/thumb/v7e-m+fp/hard/libc_nano.a(libc_a-nano-vfprintf.o)
 .text.__sfputs_r
                0x0800ca1a       0x24 /Applications/STM32CubeIDE.app/Contents/Eclipse/plugins/com.st.stm32cube.ide.mcu.externaltools.gnu-tools-for-stm32.14.3.rel1.macosaarch64_1.0.0.202602081740/tools/bin/../lib/gcc/arm-none-eabi/14.3.1/../../../../arm-none-eabi/lib/thumb/v7e-m+fp/hard/libc_nano.a(libc_a-nano-vfprintf.o)
                0x0800ca1a                __sfputs_r
 *fill*         0x0800ca3e        0x2 
 .text._vfprintf_r
                0x0800ca40      0x228 /Applications/STM32CubeIDE.app/Contents/Eclipse/plugins/com.st.stm32cube.ide.mcu.externaltools.gnu-tools-for-stm32.14.3.rel1.macosaarch64_1.0.0.202602081740/tools/bin/../lib/gcc/arm-none-eabi/14.3.1/../../../../arm-none-eabi/lib/thumb/v7e-m+fp/hard/libc_nano.a(libc_a-nano-vfprintf.o)
                0x0800ca40                _vfiprintf_r
                0x0800ca40                _vfprintf_r
 .text.sbrk_aligned
                0x0800cc68       0x44 /Applications/STM32CubeIDE.app/Contents/Eclipse/plugins/com.st.stm32cube.ide.mcu.externaltools.gnu-tools-for-stm32.14.3.rel1.macosaarch64_1.0.0.202602081740/tools/bin/../lib/gcc/arm-none-eabi/14.3.1/../../../../arm-none-eabi/lib/thumb/v7e-m+fp/hard/libc_nano.a(libc_a-mallocr.o)
 .text._malloc_r
                0x0800ccac      0x100 /Applications/STM32CubeIDE.app/Contents/Eclipse/plugins/com.st.stm32cube.ide.mcu.externaltools.gnu-tools-for-stm32.14.3.rel1.macosaarch64_1.0.0.202602081740/tools/bin/../lib/gcc/arm-none-eabi/14.3.1/../../../../arm-none-eabi/lib/thumb/v7e-m+fp/hard/libc_nano.a(libc_a-mallocr.o)
                0x0800ccac                _malloc_r
 .text._printf_common
                0x0800cdac       0xda /Applications/STM32CubeIDE.app/Contents/Eclipse/plugins/com.st.stm32cube.ide.mcu.externaltools.gnu-tools-for-stm32.14.3.rel1.macosaarch64_1.0.0.202602081740/tools/bin/../lib/gcc/arm-none-eabi/14.3.1/../../../../arm-none-eabi/lib/thumb/v7e-m+fp/hard/libc_nano.a(libc_a-nano-vfprintf_i.o)
                0x0800cdac                _printf_common
 *fill*         0x0800ce86        0x2 
 .text._printf_i
                0x0800ce88      0x24c /Applications/STM32CubeIDE.app/Contents/Eclipse/plugins/com.st.stm32cube.ide.mcu.externaltools.gnu-tools-for-stm32.14.3.rel1.macosaarch64_1.0.0.202602081740/tools/bin/../lib/gcc/arm-none-eabi/14.3.1/../../../../arm-none-eabi/lib/thumb/v7e-m+fp/hard/libc_nano.a(libc_a-nano-vfprintf_i.o)
                0x0800ce88                _printf_i
 .text.__sflush_r
                0x0800d0d4      0x104 /Applications/STM32CubeIDE.app/Contents/Eclipse/plugins/com.st.stm32cube.ide.mcu.externaltools.gnu-tools-for-stm32.14.3.rel1.macosaarch64_1.0.0.202602081740/tools/bin/../lib/gcc/arm-none-eabi/14.3.1/../../../../arm-none-eabi/lib/thumb/v7e-m+fp/hard/libc_nano.a(libc_a-fflush.o)
                0x0800d0d4                __sflush_r
 .text._fflush_r
                0x0800d1d8       0x50 /Applications/STM32CubeIDE.app/Contents/Eclipse/plugins/com.st.stm32cube.ide.mcu.externaltools.gnu-tools-for-stm32.14.3.rel1.macosaarch64_1.0.0.202602081740/tools/bin/../lib/gcc/arm-none-eabi/14.3.1/../../../../arm-none-eabi/lib/thumb/v7e-m+fp/hard/libc_nano.a(libc_a-fflush.o)
                0x0800d1d8                _fflush_r
 .text.__malloc_lock
                0x0800d228        0xc /Applications/STM32CubeIDE.app/Contents/Eclipse/plugins/com.st.stm32cube.ide.mcu.externaltools.gnu-tools-for-stm32.14.3.rel1.macosaarch64_1.0.0.202602081740/tools/bin/../lib/gcc/arm-none-eabi/14.3.1/../../../../arm-none-eabi/lib/thumb/v7e-m+fp/hard/libc_nano.a(libc_a-mlock.o)
                0x0800d228                __malloc_lock
 .text.__malloc_unlock
                0x0800d234        0xc /Applications/STM32CubeIDE.app/Contents/Eclipse/plugins/com.st.stm32cube.ide.mcu.externaltools.gnu-tools-for-stm32.14.3.rel1.macosaarch64_1.0.0.202602081740/tools/bin/../lib/gcc/arm-none-eabi/14.3.1/../../../../arm-none-eabi/lib/thumb/v7e-m+fp/hard/libc_nano.a(libc_a-mlock.o)
                0x0800d234                __malloc_unlock
 .text.__sread  0x0800d240       0x22 /Applications/STM32CubeIDE.app/Contents/Eclipse/plugins/com.st.stm32cube.ide.mcu.externaltools.gnu-tools-for-stm32.14.3.rel1.macosaarch64_1.0.0.202602081740/tools/bin/../lib/gcc/arm-none-eabi/14.3.1/../../../../arm-none-eabi/lib/thumb/v7e-m+fp/hard/libc_nano.a(libc_a-stdio.o)
                0x0800d240                __sread
 .text.__swrite
                0x0800d262       0x38 /Applications/STM32CubeIDE.app/Contents/Eclipse/plugins/com.st.stm32cube.ide.mcu.externaltools.gnu-tools-for-stm32.14.3.rel1.macosaarch64_1.0.0.202602081740/tools/bin/../lib/gcc/arm-none-eabi/14.3.1/../../../../arm-none-eabi/lib/thumb/v7e-m+fp/hard/libc_nano.a(libc_a-stdio.o)
                0x0800d262                __swrite
 .text.__sseek  0x0800d29a       0x26 /Applications/STM32CubeIDE.app/Contents/Eclipse/plugins/com.st.stm32cube.ide.mcu.externaltools.gnu-tools-for-stm32.14.3.rel1.macosaarch64_1.0.0.202602081740/tools/bin/../lib/gcc/arm-none-eabi/14.3.1/../../../../arm-none-eabi/lib/thumb/v7e-m+fp/hard/libc_nano.a(libc_a-stdio.o)
                0x0800d29a                __sseek
 .text.__sclose
                0x0800d2c0        0x8 /Applications/STM32CubeIDE.app/Contents/Eclipse/plugins/com.st.stm32cube.ide.mcu.externaltools.gnu-tools-for-stm32.14.3.rel1.macosaarch64_1.0.0.202602081740/tools/bin/../lib/gcc/arm-none-eabi/14.3.1/../../../../arm-none-eabi/lib/thumb/v7e-m+fp/hard/libc_nano.a(libc_a-stdio.o)
                0x0800d2c0                __sclose
 .text._realloc_r
                0x0800d2c8       0x5c /Applications/STM32CubeIDE.app/Contents/Eclipse/plugins/com.st.stm32cube.ide.mcu.externaltools.gnu-tools-for-stm32.14.3.rel1.macosaarch64_1.0.0.202602081740/tools/bin/../lib/gcc/arm-none-eabi/14.3.1/../../../../arm-none-eabi/lib/thumb/v7e-m+fp/hard/libc_nano.a(libc_a-reallocr.o)
                0x0800d2c8                _realloc_r
 .text.__swbuf_r
                0x0800d324       0x7c /Applications/STM32CubeIDE.app/Contents/Eclipse/plugins/com.st.stm32cube.ide.mcu.externaltools.gnu-tools-for-stm32.14.3.rel1.macosaarch64_1.0.0.202602081740/tools/bin/../lib/gcc/arm-none-eabi/14.3.1/../../../../arm-none-eabi/lib/thumb/v7e-m+fp/hard/libc_nano.a(libc_a-wbuf.o)
                0x0800d324                __swbuf_r
 .text.__swsetup_r
                0x0800d3a0       0xa8 /Applications/STM32CubeIDE.app/Contents/Eclipse/plugins/com.st.stm32cube.ide.mcu.externaltools.gnu-tools-for-stm32.14.3.rel1.macosaarch64_1.0.0.202602081740/tools/bin/../lib/gcc/arm-none-eabi/14.3.1/../../../../arm-none-eabi/lib/thumb/v7e-m+fp/hard/libc_nano.a(libc_a-wsetup.o)
                0x0800d3a0                __swsetup_r
 .text.__swhatbuf_r
                0x0800d448       0x48 /Applications/STM32CubeIDE.app/Contents/Eclipse/plugins/com.st.stm32cube.ide.mcu.externaltools.gnu-tools-for-stm32.14.3.rel1.macosaarch64_1.0.0.202602081740/tools/bin/../lib/gcc/arm-none-eabi/14.3.1/../../../../arm-none-eabi/lib/thumb/v7e-m+fp/hard/libc_nano.a(libc_a-makebuf.o)
                0x0800d448                __swhatbuf_r
 .text.__smakebuf_r
                0x0800d490       0x72 /Applications/STM32CubeIDE.app/Contents/Eclipse/plugins/com.st.stm32cube.ide.mcu.externaltools.gnu-tools-for-stm32.14.3.rel1.macosaarch64_1.0.0.202602081740/tools/bin/../lib/gcc/arm-none-eabi/14.3.1/../../../../arm-none-eabi/lib/thumb/v7e-m+fp/hard/libc_nano.a(libc_a-makebuf.o)
                0x0800d490                __smakebuf_r
 .text.memmove  0x0800d502       0x32 /Applications/STM32CubeIDE.app/Contents/Eclipse/plugins/com.st.stm32cube.ide.mcu.externaltools.gnu-tools-for-stm32.14.3.rel1.macosaarch64_1.0.0.202602081740/tools/bin/../lib/gcc/arm-none-eabi/14.3.1/../../../../arm-none-eabi/lib/thumb/v7e-m+fp/hard/libc_nano.a(libc_a-memmove.o)
                0x0800d502                memmove
 .text._isatty_r
                0x0800d534       0x20 /Applications/STM32CubeIDE.app/Contents/Eclipse/plugins/com.st.stm32cube.ide.mcu.externaltools.gnu-tools-for-stm32.14.3.rel1.macosaarch64_1.0.0.202602081740/tools/bin/../lib/gcc/arm-none-eabi/14.3.1/../../../../arm-none-eabi/lib/thumb/v7e-m+fp/hard/libc_nano.a(libc_a-isattyr.o)
                0x0800d534                _isatty_r
 .text._lseek_r
                0x0800d554       0x24 /Applications/STM32CubeIDE.app/Contents/Eclipse/plugins/com.st.stm32cube.ide.mcu.externaltools.gnu-tools-for-stm32.14.3.rel1.macosaarch64_1.0.0.202602081740/tools/bin/../lib/gcc/arm-none-eabi/14.3.1/../../../../arm-none-eabi/lib/thumb/v7e-m+fp/hard/libc_nano.a(libc_a-lseekr.o)
                0x0800d554                _lseek_r
 .text._read_r  0x0800d578       0x24 /Applications/STM32CubeIDE.app/Contents/Eclipse/plugins/com.st.stm32cube.ide.mcu.externaltools.gnu-tools-for-stm32.14.3.rel1.macosaarch64_1.0.0.202602081740/tools/bin/../lib/gcc/arm-none-eabi/14.3.1/../../../../arm-none-eabi/lib/thumb/v7e-m+fp/hard/libc_nano.a(libc_a-readr.o)
                0x0800d578                _read_r
 .text._sbrk_r  0x0800d59c       0x20 /Applications/STM32CubeIDE.app/Contents/Eclipse/plugins/com.st.stm32cube.ide.mcu.externaltools.gnu-tools-for-stm32.14.3.rel1.macosaarch64_1.0.0.202602081740/tools/bin/../lib/gcc/arm-none-eabi/14.3.1/../../../../arm-none-eabi/lib/thumb/v7e-m+fp/hard/libc_nano.a(libc_a-sbrkr.o)
                0x0800d59c                _sbrk_r
 .text._write_r
                0x0800d5bc       0x24 /Applications/STM32CubeIDE.app/Contents/Eclipse/plugins/com.st.stm32cube.ide.mcu.externaltools.gnu-tools-for-stm32.14.3.rel1.macosaarch64_1.0.0.202602081740/tools/bin/../lib/gcc/arm-none-eabi/14.3.1/../../../../arm-none-eabi/lib/thumb/v7e-m+fp/hard/libc_nano.a(libc_a-writer.o)
                0x0800d5bc                _write_r
 .text._close_r
                0x0800d5e0       0x20 /Applications/STM32CubeIDE.app/Contents/Eclipse/plugins/com.st.stm32cube.ide.mcu.externaltools.gnu-tools-for-stm32.14.3.rel1.macosaarch64_1.0.0.202602081740/tools/bin/../lib/gcc/arm-none-eabi/14.3.1/../../../../arm-none-eabi/lib/thumb/v7e-m+fp/hard/libc_nano.a(libc_a-closer.o)
                0x0800d5e0                _close_r
 .text._fstat_r
                0x0800d600       0x24 /Applications/STM32CubeIDE.app/Contents/Eclipse/plugins/com.st.stm32cube.ide.mcu.externaltools.gnu-tools-for-stm32.14.3.rel1.macosaarch64_1.0.0.202602081740/tools/bin/../lib/gcc/arm-none-eabi/14.3.1/../../../../arm-none-eabi/lib/thumb/v7e-m+fp/hard/libc_nano.a(libc_a-fstatr.o)
                0x0800d600                _fstat_r
 .text._free_r  0x0800d624       0x94 /Applications/STM32CubeIDE.app/Contents/Eclipse/plugins/com.st.stm32cube.ide.mcu.externaltools.gnu-tools-for-stm32.14.3.rel1.macosaarch64_1.0.0.202602081740/tools/bin/../lib/gcc/arm-none-eabi/14.3.1/../../../../arm-none-eabi/lib/thumb/v7e-m+fp/hard/libc_nano.a(libc_a-freer.o)
                0x0800d624                _free_r
 .text._malloc_usable_size_r
                0x0800d6b8       0x10 /Applications/STM32CubeIDE.app/Contents/Eclipse/plugins/com.st.stm32cube.ide.mcu.externaltools.gnu-tools-for-stm32.14.3.rel1.macosaarch64_1.0.0.202602081740/tools/bin/../lib/gcc/arm-none-eabi/14.3.1/../../../../arm-none-eabi/lib/thumb/v7e-m+fp/hard/libc_nano.a(libc_a-msizer.o)
                0x0800d6b8                _malloc_usable_size_r
 *(.glue_7)
 .glue_7        0x0800d6c8        0x0 linker stubs
 *(.glue_7t)
 .glue_7t       0x0800d6c8        0x0 linker stubs
 *(.eh_frame)
 .eh_frame      0x0800d6c8        0x0 /Applications/STM32CubeIDE.app/Contents/Eclipse/plugins/com.st.stm32cube.ide.mcu.externaltools.gnu-tools-for-stm32.14.3.rel1.macosaarch64_1.0.0.202602081740/tools/bin/../lib/gcc/arm-none-eabi/14.3.1/thumb/v7e-m+fp/hard/crtbegin.o
 *(.init)
 .init          0x0800d6c8        0x4 /Applications/STM32CubeIDE.app/Contents/Eclipse/plugins/com.st.stm32cube.ide.mcu.externaltools.gnu-tools-for-stm32.14.3.rel1.macosaarch64_1.0.0.202602081740/tools/bin/../lib/gcc/arm-none-eabi/14.3.1/thumb/v7e-m+fp/hard/crti.o
                0x0800d6c8                _init
 .init          0x0800d6cc        0x8 /Applications/STM32CubeIDE.app/Contents/Eclipse/plugins/com.st.stm32cube.ide.mcu.externaltools.gnu-tools-for-stm32.14.3.rel1.macosaarch64_1.0.0.202602081740/tools/bin/../lib/gcc/arm-none-eabi/14.3.1/thumb/v7e-m+fp/hard/crtn.o
 *(.fini)
 .fini          0x0800d6d4        0x4 /Applications/STM32CubeIDE.app/Contents/Eclipse/plugins/com.st.stm32cube.ide.mcu.externaltools.gnu-tools-for-stm32.14.3.rel1.macosaarch64_1.0.0.202602081740/tools/bin/../lib/gcc/arm-none-eabi/14.3.1/thumb/v7e-m+fp/hard/crti.o
                0x0800d6d4                _fini
 .fini          0x0800d6d8        0x8 /Applications/STM32CubeIDE.app/Contents/Eclipse/plugins/com.st.stm32cube.ide.mcu.externaltools.gnu-tools-for-stm32.14.3.rel1.macosaarch64_1.0.0.202602081740/tools/bin/../lib/gcc/arm-none-eabi/14.3.1/thumb/v7e-m+fp/hard/crtn.o
                0x0800d6e0                        . = ALIGN (0x4)
                0x0800d6e0                        _etext = .

.vfp11_veneer   0x0800d6e0        0x0
 .vfp11_veneer  0x0800d6e0        0x0 linker stubs

.v4_bx          0x0800d6e0        0x0
 .v4_bx         0x0800d6e0        0x0 linker stubs

.iplt           0x0800d6e0        0x0
 .iplt          0x0800d6e0        0x0 /Applications/STM32CubeIDE.app/Contents/Eclipse/plugins/com.st.stm32cube.ide.mcu.externaltools.gnu-tools-for-stm32.14.3.rel1.macosaarch64_1.0.0.202602081740/tools/bin/../lib/gcc/arm-none-eabi/14.3.1/thumb/v7e-m+fp/hard/crtbegin.o

.rodata         0x0800d6e0     0x1af8
                0x0800d6e0                        . = ALIGN (0x4)
 *(.rodata)
 .rodata        0x0800d6e0      0x103 ./Core/Src/app_states.o
 *fill*         0x0800d7e3        0x1 
 .rodata        0x0800d7e4       0x16 ./Core/Src/buttons.o
 *fill*         0x0800d7fa        0x2 
 .rodata        0x0800d7fc       0x13 ./Core/Src/gc9a01a.o
 *fill*         0x0800d80f        0x1 
 .rodata        0x0800d810       0x1b ./Core/Src/ppg_processor.o
 *(.rodata*)
 *fill*         0x0800d82b        0x1 
 .rodata.INIT_CMD
                0x0800d82c       0xe0 ./Core/Src/gc9a01a.o
 .rodata.AHBPrescTable
                0x0800d90c       0x10 ./Core/Src/system_stm32l4xx.o
                0x0800d90c                AHBPrescTable
 .rodata.APBPrescTable
                0x0800d91c        0x8 ./Core/Src/system_stm32l4xx.o
                0x0800d91c                APBPrescTable
 .rodata.MSIRangeTable
                0x0800d924       0x30 ./Core/Src/system_stm32l4xx.o
                0x0800d924                MSIRangeTable
 .rodata.u8g2_font_logisoso16_tr
                0x0800d954      0x61f ./Core/Src/u8g2_fonts.o
                0x0800d954                u8g2_font_logisoso16_tr
 *fill*         0x0800df73        0x1 
 .rodata.u8g2_font_logisoso42_tr
                0x0800df74     0x121c ./Core/Src/u8g2_fonts.o
                0x0800df74                u8g2_font_logisoso42_tr
 .rodata.SD_Driver
                0x0800f190       0x14 ./FATFS/Target/sd_diskio.o
                0x0800f190                SD_Driver
 .rodata._svfprintf_r.str1.1
                0x0800f1a4       0x33 /Applications/STM32CubeIDE.app/Contents/Eclipse/plugins/com.st.stm32cube.ide.mcu.externaltools.gnu-tools-for-stm32.14.3.rel1.macosaarch64_1.0.0.202602081740/tools/bin/../lib/gcc/arm-none-eabi/14.3.1/../../../../arm-none-eabi/lib/thumb/v7e-m+fp/hard/libc_nano.a(libc_a-nano-svfprintf.o)
                                 0x11 (size before relaxing)
 .rodata._vfprintf_r.str1.1
                0x0800f1d7       0x11 /Applications/STM32CubeIDE.app/Contents/Eclipse/plugins/com.st.stm32cube.ide.mcu.externaltools.gnu-tools-for-stm32.14.3.rel1.macosaarch64_1.0.0.202602081740/tools/bin/../lib/gcc/arm-none-eabi/14.3.1/../../../../arm-none-eabi/lib/thumb/v7e-m+fp/hard/libc_nano.a(libc_a-nano-vfprintf.o)
 .rodata._printf_i.str1.1
                0x0800f1d7       0x22 /Applications/STM32CubeIDE.app/Contents/Eclipse/plugins/com.st.stm32cube.ide.mcu.externaltools.gnu-tools-for-stm32.14.3.rel1.macosaarch64_1.0.0.202602081740/tools/bin/../lib/gcc/arm-none-eabi/14.3.1/../../../../arm-none-eabi/lib/thumb/v7e-m+fp/hard/libc_nano.a(libc_a-nano-vfprintf_i.o)
                0x0800f1fc                        . = ALIGN (0x4)
 *fill*         0x0800f1d7        0x1 

.ARM.extab      0x0800f1d8        0x0
                0x0800f1d8                        . = ALIGN (0x4)
 *(.ARM.extab* .gnu.linkonce.armextab.*)
                0x0800f1d8                        . = ALIGN (0x4)

.ARM            0x0800f1d8        0x8
                0x0800f1d8                        . = ALIGN (0x4)
                0x0800f1d8                        __exidx_start = .
 *(.ARM.exidx*)
 .ARM.exidx     0x0800f1d8        0x8 /Applications/STM32CubeIDE.app/Contents/Eclipse/plugins/com.st.stm32cube.ide.mcu.externaltools.gnu-tools-for-stm32.14.3.rel1.macosaarch64_1.0.0.202602081740/tools/bin/../lib/gcc/arm-none-eabi/14.3.1/../../../../arm-none-eabi/lib/thumb/v7e-m+fp/hard/libc_nano.a(libc_a-memchr.o)
 .ARM.exidx     0x0800f1e0        0x0 /Applications/STM32CubeIDE.app/Contents/Eclipse/plugins/com.st.stm32cube.ide.mcu.externaltools.gnu-tools-for-stm32.14.3.rel1.macosaarch64_1.0.0.202602081740/tools/bin/../lib/gcc/arm-none-eabi/14.3.1/thumb/v7e-m+fp/hard/libgcc.a(_udivmoddi4.o)
                                  0x8 (size before relaxing)
                0x0800f1e0                        __exidx_end = .
                0x0800f1e0                        . = ALIGN (0x4)

.preinit_array  0x0800f1e0        0x0
                0x0800f1e0                        . = ALIGN (0x4)
                0x0800f1e0                        PROVIDE (__preinit_array_start = .)
 *(.preinit_array*)
                0x0800f1e0                        PROVIDE (__preinit_array_end = .)
                0x0800f1e0                        . = ALIGN (0x4)

.init_array     0x0800f1e0        0x4
                0x0800f1e0                        . = ALIGN (0x4)
                0x0800f1e0                        PROVIDE (__init_array_start = .)
 *(SORT_BY_NAME(.init_array.*))
 *(.init_array*)
 .init_array    0x0800f1e0        0x4 /Applications/STM32CubeIDE.app/Contents/Eclipse/plugins/com.st.stm32cube.ide.mcu.externaltools.gnu-tools-for-stm32.14.3.rel1.macosaarch64_1.0.0.202602081740/tools/bin/../lib/gcc/arm-none-eabi/14.3.1/thumb/v7e-m+fp/hard/crtbegin.o
                0x0800f1e4                        PROVIDE (__init_array_end = .)
                0x0800f1e4                        . = ALIGN (0x4)

.fini_array     0x0800f1e4        0x4
                0x0800f1e4                        . = ALIGN (0x4)
                [!provide]                        PROVIDE (__fini_array_start = .)
 *(SORT_BY_NAME(.fini_array.*))
 *(.fini_array*)
 .fini_array    0x0800f1e4        0x4 /Applications/STM32CubeIDE.app/Contents/Eclipse/plugins/com.st.stm32cube.ide.mcu.externaltools.gnu-tools-for-stm32.14.3.rel1.macosaarch64_1.0.0.202602081740/tools/bin/../lib/gcc/arm-none-eabi/14.3.1/thumb/v7e-m+fp/hard/crtbegin.o
                [!provide]                        PROVIDE (__fini_array_end = .)
                0x0800f1e8                        . = ALIGN (0x4)
                0x0800f1e8                        _sidata = LOADADDR (.data)

.rel.dyn        0x0800f1e8        0x0
 .rel.iplt      0x0800f1e8        0x0 /Applications/STM32CubeIDE.app/Contents/Eclipse/plugins/com.st.stm32cube.ide.mcu.externaltools.gnu-tools-for-stm32.14.3.rel1.macosaarch64_1.0.0.202602081740/tools/bin/../lib/gcc/arm-none-eabi/14.3.1/thumb/v7e-m+fp/hard/crtbegin.o

.data           0x20000000       0x70 load address 0x0800f1e8
                0x20000000                        . = ALIGN (0x4)
                0x20000000                        _sdata = .
 *(.data)
 *(.data*)
 .data.current_app_state
                0x20000000        0x1 ./Core/Src/app_states.o
                0x20000000                current_app_state
 *fill*         0x20000001        0x1 
 .data.countdown_secs
                0x20000002        0x2 ./Core/Src/app_states.o
 .data.state_updated
                0x20000004        0x1 ./Core/Src/app_states.o
 *fill*         0x20000005        0x3 
 .data.SystemCoreClock
                0x20000008        0x4 ./Core/Src/system_stm32l4xx.o
                0x20000008                SystemCoreClock
 .data.uwTickPrio
                0x2000000c        0x4 ./Drivers/STM32L4xx_HAL_Driver/Src/stm32l4xx_hal.o
                0x2000000c                uwTickPrio
 .data.uwTickFreq
                0x20000010        0x1 ./Drivers/STM32L4xx_HAL_Driver/Src/stm32l4xx_hal.o
                0x20000010                uwTickFreq
 .data.Stat     0x20000011        0x1 ./FATFS/Target/sd_diskio.o
 *fill*         0x20000012        0x2 
 .data.__sglue  0x20000014        0xc /Applications/STM32CubeIDE.app/Contents/Eclipse/plugins/com.st.stm32cube.ide.mcu.externaltools.gnu-tools-for-stm32.14.3.rel1.macosaarch64_1.0.0.202602081740/tools/bin/../lib/gcc/arm-none-eabi/14.3.1/../../../../arm-none-eabi/lib/thumb/v7e-m+fp/hard/libc_nano.a(libc_a-findfp.o)
                0x20000014                __sglue
 .data._impure_ptr
                0x20000020        0x4 /Applications/STM32CubeIDE.app/Contents/Eclipse/plugins/com.st.stm32cube.ide.mcu.externaltools.gnu-tools-for-stm32.14.3.rel1.macosaarch64_1.0.0.202602081740/tools/bin/../lib/gcc/arm-none-eabi/14.3.1/../../../../arm-none-eabi/lib/thumb/v7e-m+fp/hard/libc_nano.a(libc_a-impure.o)
                0x20000020                _impure_ptr
 .data._impure_data
                0x20000024       0x4c /Applications/STM32CubeIDE.app/Contents/Eclipse/plugins/com.st.stm32cube.ide.mcu.externaltools.gnu-tools-for-stm32.14.3.rel1.macosaarch64_1.0.0.202602081740/tools/bin/../lib/gcc/arm-none-eabi/14.3.1/../../../../arm-none-eabi/lib/thumb/v7e-m+fp/hard/libc_nano.a(libc_a-impure.o)
                0x20000024                _impure_data
 *(.RamFunc)
 *(.RamFunc*)
                0x20000070                        . = ALIGN (0x4)
                0x20000070                        _edata = .

.igot.plt       0x20000070        0x0 load address 0x0800f258
 .igot.plt      0x20000070        0x0 /Applications/STM32CubeIDE.app/Contents/Eclipse/plugins/com.st.stm32cube.ide.mcu.externaltools.gnu-tools-for-stm32.14.3.rel1.macosaarch64_1.0.0.202602081740/tools/bin/../lib/gcc/arm-none-eabi/14.3.1/thumb/v7e-m+fp/hard/crtbegin.o
                0x20000070                        . = ALIGN (0x4)

.bss            0x20000070     0x19a4 load address 0x0800f258
                0x20000070                        _sbss = .
                0x20000070                        __bss_start__ = _sbss
 *(.bss)
 .bss           0x20000070       0x1c /Applications/STM32CubeIDE.app/Contents/Eclipse/plugins/com.st.stm32cube.ide.mcu.externaltools.gnu-tools-for-stm32.14.3.rel1.macosaarch64_1.0.0.202602081740/tools/bin/../lib/gcc/arm-none-eabi/14.3.1/thumb/v7e-m+fp/hard/crtbegin.o
 *(.bss*)
 .bss.player_a_ppg
                0x2000008c        0x4 ./Core/Src/adc_driver.o
 .bss.player_b_ppg
                0x20000090        0x4 ./Core/Src/adc_driver.o
 .bss.player_a_gsr
                0x20000094        0x4 ./Core/Src/adc_driver.o
 .bss.player_b_gsr
                0x20000098        0x4 ./Core/Src/adc_driver.o
 .bss.adcVals   0x2000009c        0xe ./Core/Src/adc_driver.o
                0x2000009c                adcVals
 *fill*         0x200000aa        0x2 
 .bss.player_a_ppg
                0x200000ac      0x810 ./Core/Src/app_states.o
 .bss.player_b_ppg
                0x200008bc      0x810 ./Core/Src/app_states.o
 .bss.player_a_gsr
                0x200010cc      0x26c ./Core/Src/app_states.o
 .bss.player_b_gsr
                0x20001338      0x26c ./Core/Src/app_states.o
 .bss.countdown_start
                0x200015a4        0x4 ./Core/Src/app_states.o
 .bss.tft1      0x200015a8       0x2c ./Core/Src/app_states.o
                0x200015a8                tft1
 .bss.l_button_pressed
                0x200015d4        0x1 ./Core/Src/buttons.o
 .bss.c_button_pressed
                0x200015d5        0x1 ./Core/Src/buttons.o
 .bss.r_button_pressed
                0x200015d6        0x1 ./Core/Src/buttons.o
 *fill*         0x200015d7        0x1 
 .bss.last_l_button_pressed
                0x200015d8        0x4 ./Core/Src/buttons.o
 .bss.last_c_button_pressed
                0x200015dc        0x4 ./Core/Src/buttons.o
 .bss.last_r_button_pressed
                0x200015e0        0x4 ./Core/Src/buttons.o
 .bss.hadc1     0x200015e4       0x64 ./Core/Src/main.o
                0x200015e4                hadc1
 .bss.hdma_adc1
                0x20001648       0x48 ./Core/Src/main.o
                0x20001648                hdma_adc1
 .bss.hdac1     0x20001690       0x14 ./Core/Src/main.o
                0x20001690                hdac1
 .bss.hsd1      0x200016a4       0x84 ./Core/Src/main.o
                0x200016a4                hsd1
 .bss.hspi1     0x20001728       0x64 ./Core/Src/main.o
                0x20001728                hspi1
 .bss.htim2     0x2000178c       0x4c ./Core/Src/main.o
                0x2000178c                htim2
 .bss.htim16    0x200017d8       0x4c ./Core/Src/main.o
                0x200017d8                htim16
 .bss.huart1    0x20001824       0x88 ./Core/Src/main.o
                0x20001824                huart1
 .bss.__sbrk_heap_end
                0x200018ac        0x4 ./Core/Src/sysmem.o
 .bss.uwTick    0x200018b0        0x4 ./Drivers/STM32L4xx_HAL_Driver/Src/stm32l4xx_hal.o
                0x200018b0                uwTick
 .bss.retSD     0x200018b4        0x1 ./FATFS/App/fatfs.o
                0x200018b4                retSD
 *fill*         0x200018b5        0x3 
 .bss.SDPath    0x200018b8        0x4 ./FATFS/App/fatfs.o
                0x200018b8                SDPath
 .bss.disk      0x200018bc        0xc ./Middlewares/Third_Party/FatFs/src/ff_gen_drv.o
                0x200018bc                disk
 .bss.__sf      0x200018c8      0x138 /Applications/STM32CubeIDE.app/Contents/Eclipse/plugins/com.st.stm32cube.ide.mcu.externaltools.gnu-tools-for-stm32.14.3.rel1.macosaarch64_1.0.0.202602081740/tools/bin/../lib/gcc/arm-none-eabi/14.3.1/../../../../arm-none-eabi/lib/thumb/v7e-m+fp/hard/libc_nano.a(libc_a-findfp.o)
                0x200018c8                __sf
 .bss.__stdio_exit_handler
                0x20001a00        0x4 /Applications/STM32CubeIDE.app/Contents/Eclipse/plugins/com.st.stm32cube.ide.mcu.externaltools.gnu-tools-for-stm32.14.3.rel1.macosaarch64_1.0.0.202602081740/tools/bin/../lib/gcc/arm-none-eabi/14.3.1/../../../../arm-none-eabi/lib/thumb/v7e-m+fp/hard/libc_nano.a(libc_a-findfp.o)
                0x20001a00                __stdio_exit_handler
 .bss.__lock___malloc_recursive_mutex
                0x20001a04        0x1 /Applications/STM32CubeIDE.app/Contents/Eclipse/plugins/com.st.stm32cube.ide.mcu.externaltools.gnu-tools-for-stm32.14.3.rel1.macosaarch64_1.0.0.202602081740/tools/bin/../lib/gcc/arm-none-eabi/14.3.1/../../../../arm-none-eabi/lib/thumb/v7e-m+fp/hard/libc_nano.a(libc_a-lock.o)
                0x20001a04                __lock___malloc_recursive_mutex
 .bss.__lock___sfp_recursive_mutex
                0x20001a05        0x1 /Applications/STM32CubeIDE.app/Contents/Eclipse/plugins/com.st.stm32cube.ide.mcu.externaltools.gnu-tools-for-stm32.14.3.rel1.macosaarch64_1.0.0.202602081740/tools/bin/../lib/gcc/arm-none-eabi/14.3.1/../../../../arm-none-eabi/lib/thumb/v7e-m+fp/hard/libc_nano.a(libc_a-lock.o)
                0x20001a05                __lock___sfp_recursive_mutex
 *fill*         0x20001a06        0x2 
 .bss.__malloc_sbrk_start
                0x20001a08        0x4 /Applications/STM32CubeIDE.app/Contents/Eclipse/plugins/com.st.stm32cube.ide.mcu.externaltools.gnu-tools-for-stm32.14.3.rel1.macosaarch64_1.0.0.202602081740/tools/bin/../lib/gcc/arm-none-eabi/14.3.1/../../../../arm-none-eabi/lib/thumb/v7e-m+fp/hard/libc_nano.a(libc_a-mallocr.o)
                0x20001a08                __malloc_sbrk_start
 .bss.__malloc_free_list
                0x20001a0c        0x4 /Applications/STM32CubeIDE.app/Contents/Eclipse/plugins/com.st.stm32cube.ide.mcu.externaltools.gnu-tools-for-stm32.14.3.rel1.macosaarch64_1.0.0.202602081740/tools/bin/../lib/gcc/arm-none-eabi/14.3.1/../../../../arm-none-eabi/lib/thumb/v7e-m+fp/hard/libc_nano.a(libc_a-mallocr.o)
                0x20001a0c                __malloc_free_list
 .bss.errno     0x20001a10        0x4 /Applications/STM32CubeIDE.app/Contents/Eclipse/plugins/com.st.stm32cube.ide.mcu.externaltools.gnu-tools-for-stm32.14.3.rel1.macosaarch64_1.0.0.202602081740/tools/bin/../lib/gcc/arm-none-eabi/14.3.1/../../../../arm-none-eabi/lib/thumb/v7e-m+fp/hard/libc_nano.a(libc_a-reent.o)
                0x20001a10                errno
 *(COMMON)
                0x20001a14                        . = ALIGN (0x4)
                0x20001a14                        _ebss = .
                0x20001a14                        __bss_end__ = _ebss

._user_heap_stack
                0x20001a14      0x604 load address 0x0800f258
                0x20001a18                        . = ALIGN (0x8)
 *fill*         0x20001a14        0x4 
                [!provide]                        PROVIDE (end = .)