../Drivers/CMSIS/Include/core_cm4.h:2059:26:ITM_SendChar	16	static,ignoring_inline_asm
../Core/Src/main.c:86:5:_write	32	static
../Core/Src/main.c:103:5:main	8	static
../Core/Src/main.c:164:6:SystemClock_Config	96	static
../Core/Src/main.c:214:13:MX_ADC1_Init	32	static
../Core/Src/main.c:326:13:MX_DAC1_Init	48	static
../Core/Src/main.c:369:13:MX_SDMMC1_SD_Init	8	static
../Core/Src/main.c:405:13:MX_SPI1_Init	8	static
../Core/Src/main.c:445:13:MX_TIM2_Init	40	static
../Core/Src/main.c:490:13:MX_TIM16_Init	80	static
../Core/Src/main.c:552:13:MX_USART1_UART_Init	8	static
../Core/Src/main.c:585:13:MX_DMA_Init	16	static
../Core/Src/main.c:603:13:MX_GPIO_Init	48	static
../Core/Src/main.c:679:6:Error_Handler	4	static
