../Drivers/CMSIS/Include/core_cm4.h:2059:26:ITM_SendChar	4
../Core/Src/main.c:86:5:_write	3
../Core/Src/main.c:103:5:main	1
../Core/Src/main.c:165:6:SystemClock_Config	4
../Core/Src/main.c:215:13:MX_ADC1_Init	9
../Core/Src/main.c:327:13:MX_DAC1_Init	3
../Core/Src/main.c:370:13:MX_SDMMC1_SD_Init	1
../Core/Src/main.c:398:13:MX_SPI1_Init	2
../Core/Src/main.c:438:13:MX_TIM2_Init	4
../Core/Src/main.c:483:13:MX_TIM16_Init	5
../Core/Src/main.c:545:13:MX_USART1_UART_Init	2
../Core/Src/main.c:578:13:MX_DMA_Init	1
../Core/Src/main.c:596:13:MX_GPIO_Init	1
../Core/Src/main.c:665:6:Error_Handler	1
