../Drivers/CMSIS/Include/core_cm4.h:2059:26:ITM_SendChar	16	static,ignoring_inline_asm
../Core/Src/main.c:75:5:_write	32	static
../Core/Src/main.c:92:5:main	184	static
../Core/Src/main.c:205:6:SystemClock_Config	96	static
../Core/Src/main.c:255:13:MX_DAC1_Init	48	static
../Core/Src/main.c:298:13:MX_SDMMC1_SD_Init	4	static
../Core/Src/main.c:326:13:MX_SPI1_Init	8	static
../Core/Src/main.c:366:13:MX_TIM16_Init	80	static
../Core/Src/main.c:428:13:MX_GPIO_Init	48	static
../Core/Src/main.c:515:6:Error_Handler	4	static,ignoring_inline_asm
