../Core/Src/U8g2_for_Adafruit_GFX.c:46:16:u8g2_font_get_byte	16	static
../Core/Src/U8g2_for_Adafruit_GFX.c:53:17:u8g2_font_get_word	24	static
../Core/Src/U8g2_for_Adafruit_GFX.c:66:6:u8g2_read_font_info	16	static
../Core/Src/U8g2_for_Adafruit_GFX.c:101:9:u8g2_GetFontBBXWidth	16	static
../Core/Src/U8g2_for_Adafruit_GFX.c:106:9:u8g2_GetFontBBXHeight	16	static
../Core/Src/U8g2_for_Adafruit_GFX.c:111:8:u8g2_GetFontBBXOffX	16	static
../Core/Src/U8g2_for_Adafruit_GFX.c:116:8:u8g2_GetFontBBXOffY	16	static
../Core/Src/U8g2_for_Adafruit_GFX.c:121:9:u8g2_GetFontCapitalAHeight	16	static
../Core/Src/U8g2_for_Adafruit_GFX.c:127:16:u8g2_font_decode_get_unsigned_bits	24	static
../Core/Src/U8g2_for_Adafruit_GFX.c:173:15:u8g2_font_decode_get_signed_bits	24	static
../Core/Src/U8g2_for_Adafruit_GFX.c:187:16:u8g2_add_vector_y	16	static
../Core/Src/U8g2_for_Adafruit_GFX.c:208:16:u8g2_add_vector_x	16	static
../Core/Src/U8g2_for_Adafruit_GFX.c:229:6:u8g2_draw_hv_line	40	static
../Core/Src/U8g2_for_Adafruit_GFX.c:269:13:u8g2_font_decode_len	48	static
../Core/Src/U8g2_for_Adafruit_GFX.c:341:13:u8g2_font_setup_decode	24	static
../Core/Src/U8g2_for_Adafruit_GFX.c:373:15:u8g2_font_decode_glyph	32	static
../Core/Src/U8g2_for_Adafruit_GFX.c:427:16:u8g2_font_get_glyph_data	32	static
../Core/Src/U8g2_for_Adafruit_GFX.c:491:16:u8g2_font_draw_glyph	32	static
../Core/Src/U8g2_for_Adafruit_GFX.c:509:9:u8g2_IsGlyph	16	static
../Core/Src/U8g2_for_Adafruit_GFX.c:519:8:u8g2_GetGlyphWidth	24	static
../Core/Src/U8g2_for_Adafruit_GFX.c:535:6:u8g2_SetFontMode	16	static
../Core/Src/U8g2_for_Adafruit_GFX.c:540:6:u8g2_SetFontDirection	16	static
../Core/Src/U8g2_for_Adafruit_GFX.c:547:9:u8g2_DrawGlyph	24	static
../Core/Src/U8g2_for_Adafruit_GFX.c:552:9:u8g2_DrawStr	32	static
../Core/Src/U8g2_for_Adafruit_GFX.c:583:6:u8g2_SetFont	16	static
../Core/Src/U8g2_for_Adafruit_GFX.c:594:6:u8g2_SetForegroundColor	16	static
../Core/Src/U8g2_for_Adafruit_GFX.c:599:6:u8g2_SetBackgroundColor	16	static
../Core/Src/U8g2_for_Adafruit_GFX.c:604:6:u8g2_SetDisplay	16	static
