../Core/Src/data_processing.c:17:8:data_processing_calc_mean	32	static
../Core/Src/data_processing.c:28:8:data_processing_calc_stdev	64	static
../Core/Src/data_processing.c:43:6:data_processing_normalize	56	static
../Core/Src/data_processing.c:61:8:data_processing_calc_mean_d	32	static
../Core/Src/data_processing.c:72:8:data_processing_calc_stdev_d	64	static
../Core/Src/data_processing.c:87:6:data_processing_normalize_d	56	static
../Core/Src/data_processing.c:105:7:data_processing_calc_range	32	static
../Core/Src/data_processing.c:119:6:data_processing_calc_1hz_hrv	4072	static
../Core/Src/data_processing.c:174:5:min	16	static
../Core/Src/data_processing.c:179:5:max	16	static
../Core/Src/data_processing.c:183:7:dist	16	static
../Core/Src/data_processing.c:187:7:data_processing_DTW	80	static
../Core/Src/data_processing.c:259:5:compare	16	static
../Core/Src/data_processing.c:263:10:median	16	static
../Core/Src/data_processing.c:276:6:data_processing_clean_ibi	32	static
../Core/Src/data_processing.c:296:9:data_processing_combined_score	32	static
