../Drivers/CMSIS/Include/core_cm4.h:2059:26:ITM_SendChar	16	static,ignoring_inline_asm
../Core/Src/main.c:87:5:_write	32	static
../Core/Src/main.c:104:5:main	8	static,ignoring_inline_asm
../Core/Src/main.c:170:6:SystemClock_Config	96	static
../Core/Src/main.c:220:13:MX_ADC1_Init	32	static
../Core/Src/main.c:332:13:MX_DAC1_Init	48	static
../Core/Src/main.c:375:13:MX_SDMMC1_SD_Init	8	static
../Core/Src/main.c:411:13:MX_SPI1_Init	8	static
../Core/Src/main.c:451:13:MX_TIM2_Init	40	static
../Core/Src/main.c:496:13:MX_TIM16_Init	80	static
../Core/Src/main.c:558:13:MX_USART1_UART_Init	8	static
../Core/Src/main.c:591:13:MX_DMA_Init	16	static
../Core/Src/main.c:609:13:MX_GPIO_Init	48	static
../Core/Src/main.c:685:6:Error_Handler	4	static
