../Drivers/CMSIS/Include/core_cm4.h:2059:26:ITM_SendChar	4
../Core/Src/main.c:87:5:_write	3
../Core/Src/main.c:104:5:main	1
../Core/Src/main.c:170:6:SystemClock_Config	4
../Core/Src/main.c:220:13:MX_ADC1_Init	9
../Core/Src/main.c:332:13:MX_DAC1_Init	3
../Core/Src/main.c:375:13:MX_SDMMC1_SD_Init	2
../Core/Src/main.c:411:13:MX_SPI1_Init	2
../Core/Src/main.c:451:13:MX_TIM2_Init	4
../Core/Src/main.c:496:13:MX_TIM16_Init	5
../Core/Src/main.c:558:13:MX_USART1_UART_Init	2
../Core/Src/main.c:591:13:MX_DMA_Init	1
../Core/Src/main.c:609:13:MX_GPIO_Init	1
../Core/Src/main.c:685:6:Error_Handler	1
